Archive member included because of file (symbol)

C:\Users\Theo\Documents\Fachhochschule\Sem_9\BAT\3_Software\lib\Debug\libMcCar_lib.a(Driving.o)
                              ./Sources/Application.o (Driving)
C:\Users\Theo\Documents\Fachhochschule\Sem_9\BAT\3_Software\lib\Debug\libMcCar_lib.a(SegmentTargetComputation.o)
                              C:\Users\Theo\Documents\Fachhochschule\Sem_9\BAT\3_Software\lib\Debug\libMcCar_lib.a(Driving.o) (SegmentTargetComputation)
C:\Users\Theo\Documents\Fachhochschule\Sem_9\BAT\3_Software\lib\Debug\libMcCar_lib.a(TrackingControl.o)
                              C:\Users\Theo\Documents\Fachhochschule\Sem_9\BAT\3_Software\lib\Debug\libMcCar_lib.a(Driving.o) (TrackingControl)
C:\Users\Theo\Documents\Fachhochschule\Sem_9\BAT\3_Software\lib\Debug\libMcCar_lib.a(VelocityEstimation.o)
                              C:\Users\Theo\Documents\Fachhochschule\Sem_9\BAT\3_Software\lib\Debug\libMcCar_lib.a(Driving.o) (VelocityEstimation)
C:\Users\Theo\Documents\Fachhochschule\Sem_9\BAT\3_Software\lib\Debug\libMcCar_lib.a(dftrig.o)
                              C:\Users\Theo\Documents\Fachhochschule\Sem_9\BAT\3_Software\lib\Debug\libMcCar_lib.a(TrackingControl.o) (sin_lut)
c:/freescale/kds_v3/toolchain/bin/../lib/gcc/arm-none-eabi/4.8.4/../../../../arm-none-eabi/lib/armv7e-m/fpu\libm.a(lib_a-w_exp.o)
                              ./Sources/ADC.o (exp)
c:/freescale/kds_v3/toolchain/bin/../lib/gcc/arm-none-eabi/4.8.4/../../../../arm-none-eabi/lib/armv7e-m/fpu\libm.a(lib_a-w_sqrt.o)
                              C:\Users\Theo\Documents\Fachhochschule\Sem_9\BAT\3_Software\lib\Debug\libMcCar_lib.a(Driving.o) (sqrt)
c:/freescale/kds_v3/toolchain/bin/../lib/gcc/arm-none-eabi/4.8.4/../../../../arm-none-eabi/lib/armv7e-m/fpu\libm.a(lib_a-wf_sqrt.o)
                              C:\Users\Theo\Documents\Fachhochschule\Sem_9\BAT\3_Software\lib\Debug\libMcCar_lib.a(Driving.o) (sqrtf)
c:/freescale/kds_v3/toolchain/bin/../lib/gcc/arm-none-eabi/4.8.4/../../../../arm-none-eabi/lib/armv7e-m/fpu\libm.a(lib_a-e_exp.o)
                              c:/freescale/kds_v3/toolchain/bin/../lib/gcc/arm-none-eabi/4.8.4/../../../../arm-none-eabi/lib/armv7e-m/fpu\libm.a(lib_a-w_exp.o) (__ieee754_exp)
c:/freescale/kds_v3/toolchain/bin/../lib/gcc/arm-none-eabi/4.8.4/../../../../arm-none-eabi/lib/armv7e-m/fpu\libm.a(lib_a-e_sqrt.o)
                              c:/freescale/kds_v3/toolchain/bin/../lib/gcc/arm-none-eabi/4.8.4/../../../../arm-none-eabi/lib/armv7e-m/fpu\libm.a(lib_a-w_sqrt.o) (__ieee754_sqrt)
c:/freescale/kds_v3/toolchain/bin/../lib/gcc/arm-none-eabi/4.8.4/../../../../arm-none-eabi/lib/armv7e-m/fpu\libm.a(lib_a-ef_sqrt.o)
                              c:/freescale/kds_v3/toolchain/bin/../lib/gcc/arm-none-eabi/4.8.4/../../../../arm-none-eabi/lib/armv7e-m/fpu\libm.a(lib_a-wf_sqrt.o) (__ieee754_sqrtf)
c:/freescale/kds_v3/toolchain/bin/../lib/gcc/arm-none-eabi/4.8.4/../../../../arm-none-eabi/lib/armv7e-m/fpu\libm.a(lib_a-s_finite.o)
                              c:/freescale/kds_v3/toolchain/bin/../lib/gcc/arm-none-eabi/4.8.4/../../../../arm-none-eabi/lib/armv7e-m/fpu\libm.a(lib_a-w_exp.o) (finite)
c:/freescale/kds_v3/toolchain/bin/../lib/gcc/arm-none-eabi/4.8.4/../../../../arm-none-eabi/lib/armv7e-m/fpu\libm.a(lib_a-s_fpclassify.o)
                              c:/freescale/kds_v3/toolchain/bin/../lib/gcc/arm-none-eabi/4.8.4/../../../../arm-none-eabi/lib/armv7e-m/fpu\libm.a(lib_a-w_sqrt.o) (__fpclassifyd)
c:/freescale/kds_v3/toolchain/bin/../lib/gcc/arm-none-eabi/4.8.4/../../../../arm-none-eabi/lib/armv7e-m/fpu\libm.a(lib_a-s_lib_ver.o)
                              c:/freescale/kds_v3/toolchain/bin/../lib/gcc/arm-none-eabi/4.8.4/../../../../arm-none-eabi/lib/armv7e-m/fpu\libm.a(lib_a-w_exp.o) (__fdlib_version)
c:/freescale/kds_v3/toolchain/bin/../lib/gcc/arm-none-eabi/4.8.4/../../../../arm-none-eabi/lib/armv7e-m/fpu\libm.a(lib_a-s_matherr.o)
                              c:/freescale/kds_v3/toolchain/bin/../lib/gcc/arm-none-eabi/4.8.4/../../../../arm-none-eabi/lib/armv7e-m/fpu\libm.a(lib_a-w_exp.o) (matherr)
c:/freescale/kds_v3/toolchain/bin/../lib/gcc/arm-none-eabi/4.8.4/../../../../arm-none-eabi/lib/armv7e-m/fpu\libm.a(lib_a-sf_fpclassify.o)
                              c:/freescale/kds_v3/toolchain/bin/../lib/gcc/arm-none-eabi/4.8.4/../../../../arm-none-eabi/lib/armv7e-m/fpu\libm.a(lib_a-wf_sqrt.o) (__fpclassifyf)
c:/freescale/kds_v3/toolchain/bin/../lib/gcc/arm-none-eabi/4.8.4/armv7e-m/fpu\libgcc.a(_arm_addsubdf3.o)
                              ./Sources/Exploration_Drive.o (__aeabi_dsub)
c:/freescale/kds_v3/toolchain/bin/../lib/gcc/arm-none-eabi/4.8.4/armv7e-m/fpu\libgcc.a(_arm_muldivdf3.o)
                              ./Sources/ADC.o (__aeabi_dmul)
c:/freescale/kds_v3/toolchain/bin/../lib/gcc/arm-none-eabi/4.8.4/armv7e-m/fpu\libgcc.a(_arm_cmpdf2.o)
                              ./Sources/ADC.o (__aeabi_dcmplt)
[...]
Memory Configuration

Name             Origin             Length             Attributes
m_interrupts     0x00000000         0x00000198         xr
m_text           0x00000410         0x000ffbf0         xr
m_data_1FFF0000  0x1fff0000         0x00010000         rw
m_data           0x20000000         0x00030000         rw
m_cfmprotrom     0x00000400         0x00000010         xr
*default*        0x00000000         0xffffffff

Linker script and memory map

LOAD c:/freescale/kds_v3/toolchain/bin/../lib/gcc/arm-none-eabi/4.8.4/armv7e-m/fpu/crti.o
LOAD c:/freescale/kds_v3/toolchain/bin/../lib/gcc/arm-none-eabi/4.8.4/armv7e-m/fpu/crtbegin.o
LOAD c:/freescale/kds_v3/toolchain/bin/../lib/gcc/arm-none-eabi/4.8.4/../../../../arm-none-eabi/lib/armv7e-m/fpu/crt0.o
LOAD ./Static_Code/System/CPU_Init.o
LOAD ./Static_Code/System/Peripherals_Init.o
LOAD ./Static_Code/System/Vectors.o
LOAD ./Sources/ADC.o
LOAD ./Sources/Application.o
LOAD ./Sources/Encoder.o
LOAD ./Sources/Event.o
LOAD ./Sources/Events.o
LOAD ./Sources/Exploration_Drive.o
LOAD ./Sources/Exploring_Com.o
LOAD ./Sources/FSM.o
LOAD ./Sources/IMU.o
LOAD ./Sources/Logging.o
LOAD ./Sources/Motor.o
LOAD ./Sources/PID.o
LOAD ./Sources/Platform.o
LOAD ./Sources/main.o
LOAD ./Project_Settings/Startup_Code/startup.o
LOAD ./Generated_Code/ADC_0.o
LOAD ./Generated_Code/ADC_1.o
LOAD ./Generated_Code/AS_BLE.o
LOAD ./Generated_Code/AS_PRG.o
LOAD ./Generated_Code/ASerialLdd1.o
LOAD ./Generated_Code/ASerialLdd2.o
LOAD ./Generated_Code/AdcLdd2.o
LOAD ./Generated_Code/AdcLdd3.o
LOAD ./Generated_Code/BAT_LOW.o
LOAD ./Generated_Code/BLE_CONNECTED.o
LOAD ./Generated_Code/BLE_Mode.o
LOAD ./Generated_Code/BLE_RST.o
LOAD ./Generated_Code/BitIoLdd1.o
LOAD ./Generated_Code/BitIoLdd10.o
LOAD ./Generated_Code/BitIoLdd14.o
LOAD ./Generated_Code/BitIoLdd15.o
LOAD ./Generated_Code/BitIoLdd16.o
LOAD ./Generated_Code/BitIoLdd17.o
LOAD ./Generated_Code/BitIoLdd18.o
LOAD ./Generated_Code/BitIoLdd19.o
LOAD ./Generated_Code/BitIoLdd2.o
LOAD ./Generated_Code/BitIoLdd20.o
LOAD ./Generated_Code/BitIoLdd21.o
LOAD ./Generated_Code/BitIoLdd22.o
LOAD ./Generated_Code/BitIoLdd23.o
LOAD ./Generated_Code/BitIoLdd24.o
LOAD ./Generated_Code/BitIoLdd25.o
LOAD ./Generated_Code/BitIoLdd26.o
LOAD ./Generated_Code/BitIoLdd27.o
LOAD ./Generated_Code/BitIoLdd28.o
LOAD ./Generated_Code/BitIoLdd29.o
LOAD ./Generated_Code/BitIoLdd3.o
LOAD ./Generated_Code/BitIoLdd30.o
LOAD ./Generated_Code/BitIoLdd31.o
LOAD ./Generated_Code/BitIoLdd32.o
LOAD ./Generated_Code/BitIoLdd33.o
LOAD ./Generated_Code/BitIoLdd34.o
LOAD ./Generated_Code/BitIoLdd35.o
LOAD ./Generated_Code/BitIoLdd36.o
LOAD ./Generated_Code/BitIoLdd37.o
LOAD ./Generated_Code/BitIoLdd38.o
LOAD ./Generated_Code/BitIoLdd39.o
LOAD ./Generated_Code/BitIoLdd4.o
LOAD ./Generated_Code/BitIoLdd40.o
LOAD ./Generated_Code/BitIoLdd41.o
LOAD ./Generated_Code/BitIoLdd5.o
LOAD ./Generated_Code/BitIoLdd6.o
LOAD ./Generated_Code/BitIoLdd7.o
LOAD ./Generated_Code/BitIoLdd8.o
LOAD ./Generated_Code/CHARGE_STATUS.o
LOAD ./Generated_Code/CI2C1.o
LOAD ./Generated_Code/CLS_BLE.o
LOAD ./Generated_Code/CS1.o
LOAD ./Generated_Code/Cpu.o
LOAD ./Generated_Code/DRV1_EN.o
LOAD ./Generated_Code/DRV1_FAULT.o
LOAD ./Generated_Code/DRV1_PH.o
LOAD ./Generated_Code/DRV1_PMODE.o
LOAD ./Generated_Code/DRV2_EN.o
LOAD ./Generated_Code/DRV2_FAULT.o
LOAD ./Generated_Code/DRV2_PH.o
LOAD ./Generated_Code/DRV2_PMODE.o
LOAD ./Generated_Code/DacLdd1.o
LOAD ./Generated_Code/DacLdd2.o
LOAD ./Generated_Code/Distance_INT.o
LOAD ./Generated_Code/FC1.o
LOAD ./Generated_Code/FreeCntrLdd1.o
LOAD ./Generated_Code/GI2C1.o
LOAD ./Generated_Code/IMU_INT.o
LOAD ./Generated_Code/I_LED_L.o
LOAD ./Generated_Code/I_LED_ML.o
LOAD ./Generated_Code/I_LED_MR.o
LOAD ./Generated_Code/I_LED_R.o
LOAD ./Generated_Code/I_LED_SL.o
LOAD ./Generated_Code/I_LED_SR.o
LOAD ./Generated_Code/I_Motor_L.o
LOAD ./Generated_Code/I_Motor_R.o
LOAD ./Generated_Code/JOY_DOWN.o
LOAD ./Generated_Code/JOY_LEFT.o
LOAD ./Generated_Code/JOY_PUSH.o
LOAD ./Generated_Code/JOY_RIGHT.o
LOAD ./Generated_Code/JOY_UP.o
LOAD ./Generated_Code/Kill.o
LOAD ./Generated_Code/LED_BLUE_F_L.o
LOAD ./Generated_Code/LED_BLUE_F_R.o
LOAD ./Generated_Code/LED_GREEN_F_L.o
LOAD ./Generated_Code/LED_GREEN_F_R.o
LOAD ./Generated_Code/LED_RED_F_L.o
LOAD ./Generated_Code/LED_RED_F_R.o
LOAD ./Generated_Code/LEDpin1.o
LOAD ./Generated_Code/LEDpin2.o
LOAD ./Generated_Code/LEDpin3.o
LOAD ./Generated_Code/LEDpin4.o
LOAD ./Generated_Code/LEDpin5.o
LOAD ./Generated_Code/LEDpin6.o
LOAD ./Generated_Code/MCUC1.o
LOAD ./Generated_Code/PE_LDD.o
LOAD ./Generated_Code/PWR_BTN.o
LOAD ./Generated_Code/PWR_SW.o
LOAD ./Generated_Code/Pins1.o
LOAD ./Generated_Code/SLEEP_L.o
LOAD ./Generated_Code/SLEEP_R.o
LOAD ./Generated_Code/SM1.o
LOAD ./Generated_Code/SMasterLdd1.o
LOAD ./Generated_Code/SYSOFF.o
LOAD ./Generated_Code/TU3.o
LOAD ./Generated_Code/TU5.o
LOAD ./Generated_Code/TimerIntLdd1.o
LOAD ./Generated_Code/UTIL1.o
LOAD ./Generated_Code/WAIT1.o
LOAD ./Generated_Code/XF1.o
LOAD ./.metadata/.plugins/org.eclipse.cdt.make.core/specs.o
LOAD C:\Users\Theo\Documents\Fachhochschule\Sem_9\BAT\3_Software\lib\Debug\libMcCar_lib.a
LOAD c:/freescale/kds_v3/toolchain/bin/../lib/gcc/arm-none-eabi/4.8.4/../../../../arm-none-eabi/lib/armv7e-m/fpu\libstdc++_s.a
LOAD c:/freescale/kds_v3/toolchain/bin/../lib/gcc/arm-none-eabi/4.8.4/../../../../arm-none-eabi/lib/armv7e-m/fpu\libm.a
START GROUP
LOAD c:/freescale/kds_v3/toolchain/bin/../lib/gcc/arm-none-eabi/4.8.4/armv7e-m/fpu\libgcc.a
LOAD c:/freescale/kds_v3/toolchain/bin/../lib/gcc/arm-none-eabi/4.8.4/../../../../arm-none-eabi/lib/armv7e-m/fpu\libg_s.a
LOAD c:/freescale/kds_v3/toolchain/bin/../lib/gcc/arm-none-eabi/4.8.4/../../../../arm-none-eabi/lib/armv7e-m/fpu\libc_s.a
END GROUP
START GROUP
LOAD c:/freescale/kds_v3/toolchain/bin/../lib/gcc/arm-none-eabi/4.8.4/armv7e-m/fpu\libgcc.a
LOAD c:/freescale/kds_v3/toolchain/bin/../lib/gcc/arm-none-eabi/4.8.4/../../../../arm-none-eabi/lib/armv7e-m/fpu\libc_s.a
LOAD c:/freescale/kds_v3/toolchain/bin/../lib/gcc/arm-none-eabi/4.8.4/../../../../arm-none-eabi/lib/armv7e-m/fpu\libnosys.a
END GROUP
START GROUP
LOAD c:/freescale/kds_v3/toolchain/bin/../lib/gcc/arm-none-eabi/4.8.4/armv7e-m/fpu\libgcc.a
LOAD c:/freescale/kds_v3/toolchain/bin/../lib/gcc/arm-none-eabi/4.8.4/../../../../arm-none-eabi/lib/armv7e-m/fpu\libc_s.a
LOAD c:/freescale/kds_v3/toolchain/bin/../lib/gcc/arm-none-eabi/4.8.4/../../../../arm-none-eabi/lib/armv7e-m/fpu\libnosys.a
END GROUP
LOAD c:/freescale/kds_v3/toolchain/bin/../lib/gcc/arm-none-eabi/4.8.4/armv7e-m/fpu/crtend.o
LOAD c:/freescale/kds_v3/toolchain/bin/../lib/gcc/arm-none-eabi/4.8.4/armv7e-m/fpu/crtn.o
                0x20030000                _estack = 0x20030000
                0x20030000                __SP_INIT = _estack
                0x20030000                __stack = _estack
                0x00000000                __heap_size = 0x0
                0x00000400                __stack_size = 0x400

.interrupts     0x00000000      0x198
                0x00000000                __vector_table = .
                0x00000000                . = ALIGN (0x4)
 *(.vectortable)
 .vectortable   0x00000000      0x198 ./Static_Code/System/Vectors.o
                0x00000000                __vect_table
                0x00000198                . = ALIGN (0x4)

.cfmprotect     0x00000400       0x10
                0x00000400                . = ALIGN (0x4)
 *(.cfmconfig)
 .cfmconfig     0x00000400       0x10 ./Static_Code/System/CPU_Init.o
                0x00000400                _cfm
                0x00000410                . = ALIGN (0x4)

.text           0x00000410     0xda54
                0x00000410                . = ALIGN (0x4)
 *(.text)
 .text          0x00000410       0x54 c:/freescale/kds_v3/toolchain/bin/../lib/gcc/arm-none-eabi/4.8.4/armv7e-m/fpu/crtbegin.o
 .text          0x00000464       0x74 c:/freescale/kds_v3/toolchain/bin/../lib/gcc/arm-none-eabi/4.8.4/../../../../arm-none-eabi/lib/armv7e-m/fpu/crt0.o
                0x00000464                _start
                0x00000464                _mainCRTStartup
 .text          0x000004d8      0x370 c:/freescale/kds_v3/toolchain/bin/../lib/gcc/arm-none-eabi/4.8.4/armv7e-m/fpu\libgcc.a(_arm_addsubdf3.o)
                0x000004d8                __aeabi_drsub
                0x000004e0                __aeabi_dsub
                0x000004e0                __subdf3
                0x000004e4                __aeabi_dadd
                0x000004e4                __adddf3
                0x0000075c                __floatunsidf
                0x0000075c                __aeabi_ui2d
                0x0000077c                __floatsidf
                0x0000077c                __aeabi_i2d
                0x000007a0                __aeabi_f2d
                0x000007a0                __extendsfdf2
                0x000007dc                __floatundidf
                0x000007dc                __aeabi_ul2d
                0x000007ec                __floatdidf
                0x000007ec                __aeabi_l2d
 .text          0x00000848      0x424 c:/freescale/kds_v3/toolchain/bin/../lib/gcc/arm-none-eabi/4.8.4/armv7e-m/fpu\libgcc.a(_arm_muldivdf3.o)
                0x00000848                __aeabi_dmul
                0x00000848                __muldf3
                0x00000a9c                __divdf3
                0x00000a9c                __aeabi_ddiv
 .text          0x00000c6c      0x110 c:/freescale/kds_v3/toolchain/bin/../lib/gcc/arm-none-eabi/4.8.4/armv7e-m/fpu\libgcc.a(_arm_cmpdf2.o)
                0x00000c6c                __gtdf2
                0x00000c6c                __gedf2
                0x00000c74                __ltdf2
                0x00000c74                __ledf2
                0x00000c7c                __nedf2
                0x00000c7c                __eqdf2
                0x00000c7c                __cmpdf2
                0x00000cf8                __aeabi_cdrcmple
                0x00000d08                __aeabi_cdcmpeq
                0x00000d08                __aeabi_cdcmple
                0x00000d18                __aeabi_dcmpeq
                0x00000d2c                __aeabi_dcmplt
                0x00000d40                __aeabi_dcmple
                0x00000d54                __aeabi_dcmpge
                0x00000d68                __aeabi_dcmpgt
 .text          0x00000d7c       0x50 c:/freescale/kds_v3/toolchain/bin/../lib/gcc/arm-none-eabi/4.8.4/armv7e-m/fpu\libgcc.a(_arm_fixdfsi.o)
                0x00000d7c                __aeabi_d2iz
                0x00000d7c                __fixdfsi
 .text          0x00000dcc       0xa0 c:/freescale/kds_v3/toolchain/bin/../lib/gcc/arm-none-eabi/4.8.4/armv7e-m/fpu\libgcc.a(_arm_truncdfsf2.o)
                0x00000dcc                __truncdfsf2
                0x00000dcc                __aeabi_d2f
 .text          0x00000e6c       0x14 c:/freescale/kds_v3/toolchain/bin/../lib/gcc/arm-none-eabi/4.8.4/../../../../arm-none-eabi/lib/armv7e-m/fpu\libg_s.a(lib_a-strcmp.o)
                0x00000e6c                strcmp
 *(.text*)
 .text.CPU_SetBASEPRI
                0x00000e80       0x18 ./Static_Code/System/CPU_Init.o
                0x00000e80                CPU_SetBASEPRI
 .text.__init_hardware
                0x00000e98       0x94 ./Static_Code/System/CPU_Init.o
                0x00000e98                __init_hardware
 .text.PE_low_level_init
                0x00000f2c       0x14 ./Static_Code/System/CPU_Init.o
                0x00000f2c                PE_low_level_init
 .text.CPU_GetClockGenMode
                0x00000f40       0x90 ./Static_Code/System/CPU_Init.o
                0x00000f40                CPU_GetClockGenMode
 .text.CPU_SetClockConfigGenMode
                0x00000fd0      0x54c ./Static_Code/System/CPU_Init.o
                0x00000fd0                CPU_SetClockConfigGenMode
 .text.UnhandledInterrupt
                0x0000151c       0x18 ./Static_Code/System/Vectors.o
                0x0000151c                UnhandledInterrupt
 *fill*         0x00001534        0x4 
 .text.calcADC_data
                0x00001538      0x590 ./Sources/ADC.o
                0x00001538                calcADC_data
 .text.fitMiddle
                0x00001ac8       0xa8 ./Sources/ADC.o
                0x00001ac8                fitMiddle
 .text.fitExp   0x00001b70       0xe0 ./Sources/ADC.o
                0x00001b70                fitExp
 .text.fitFar   0x00001c50      0x128 ./Sources/ADC.o
                0x00001c50                fitFar
 .text.get_half_U_Bat
                0x00001d78       0x58 ./Sources/ADC.o
                0x00001d78                get_half_U_Bat
 .text.APP_EventHandler
                0x00001dd0       0xc4 ./Sources/Application.o
                0x00001dd0                APP_EventHandler
 *fill*         0x00001e94        0x4 
 .text.testJoystick
                0x00001e98      0x2e8 ./Sources/Application.o
                0x00001e98                testJoystick
 .text.Timer_1ms_Int
                0x00002180       0x34 ./Sources/Application.o
                0x00002180                Timer_1ms_Int
 .text.Init_GPIOs
                0x000021b4       0x24 ./Sources/Application.o
                0x000021b4                Init_GPIOs
 .text.Init_Maze
                0x000021d8       0xf4 ./Sources/Application.o
                0x000021d8                Init_Maze
 .text.quadratureDecoder
                0x000022cc      0x1e8 ./Sources/Application.o
                0x000022cc                quadratureDecoder
 *fill*         0x000024b4        0x4 
 .text.APP_Start
                0x000024b8      0x1e0 ./Sources/Application.o
                0x000024b8                APP_Start
 .text.calcENC_data
                0x00002698      0x228 ./Sources/Encoder.o
                0x00002698                calcENC_data
 .text.EVNT_SetEvent
                0x000028c0       0x4c ./Sources/Event.o
                0x000028c0                EVNT_SetEvent
 .text.EVNT_HandleEvent
                0x0000290c       0x98 ./Sources/Event.o
                0x0000290c                EVNT_HandleEvent
 .text.Distance_INT_OnInterrupt
                0x000029a4        0xc ./Sources/Events.o
                0x000029a4                Distance_INT_OnInterrupt
 .text.Cpu_OnNMI
                0x000029b0        0xc ./Sources/Events.o
                0x000029b0                Cpu_OnNMI
 .text.SM1_OnRxChar
                0x000029bc        0xc ./Sources/Events.o
                0x000029bc                SM1_OnRxChar
 .text.SM1_OnTxChar
                0x000029c8        0xc ./Sources/Events.o
                0x000029c8                SM1_OnTxChar
 .text.SM1_OnError
                0x000029d4        0xc ./Sources/Events.o
                0x000029d4                SM1_OnError
 .text.SM1_OnFullRxBuf
                0x000029e0        0xc ./Sources/Events.o
                0x000029e0                SM1_OnFullRxBuf
 .text.SM1_OnFreeTxBuf
                0x000029ec        0xc ./Sources/Events.o
                0x000029ec                SM1_OnFreeTxBuf
 .text.stopp    0x000029f8       0x18 ./Sources/Exploration_Drive.o
                0x000029f8                stopp
 .text.turn_left
                0x00002a10       0x68 ./Sources/Exploration_Drive.o
                0x00002a10                turn_left
 .text.turn_right
                0x00002a78       0x70 ./Sources/Exploration_Drive.o
                0x00002a78                turn_right
 .text.driveToTurn
                0x00002ae8       0xcc ./Sources/Exploration_Drive.o
                0x00002ae8                driveToTurn
 .text.turn_l   0x00002bb4       0x18 ./Sources/Exploration_Drive.o
                0x00002bb4                turn_l
 .text.turn_r   0x00002bcc       0x5c ./Sources/Exploration_Drive.o
                0x00002bcc                turn_r
 .text.getReferenceOfMazesegment
                0x00002c28       0x2c ./Sources/Exploring_Com.o
                0x00002c28                getReferenceOfMazesegment
 .text.TEST_BLE_PrintStatus
                0x00002c54       0x6c ./Sources/Exploring_Com.o
                0x00002c54                TEST_BLE_PrintStatus
 .text.TEST_BLE_ParseCommand
                0x00002cc0      0x280 ./Sources/Exploring_Com.o
                0x00002cc0                TEST_BLE_ParseCommand
 .text.testUART
                0x00002f40       0x68 ./Sources/Exploring_Com.o
                0x00002f40                testUART
 .text.getNumberOfMazeSegments
                0x00002fa8       0xdc ./Sources/Exploring_Com.o
                0x00002fa8                getNumberOfMazeSegments
 .text.getMazeSegment
                0x00003084      0x220 ./Sources/Exploring_Com.o
                0x00003084                getMazeSegment
 .text.setState
                0x000032a4       0x20 ./Sources/FSM.o
                0x000032a4                setState
 .text.SPI_WriteRead
                0x000032c4       0x60 ./Sources/IMU.o
 .text.RF_WriteRegister
                0x00003324       0x2c ./Sources/IMU.o
                0x00003324                RF_WriteRegister
 .text.RF_ReadRegister
                0x00003350       0x30 ./Sources/IMU.o
                0x00003350                RF_ReadRegister
 .text.initIMU  0x00003380       0x5c ./Sources/IMU.o
                0x00003380                initIMU
 .text.LSM6DSL_ACC_GYRO_GetRawAccData_1
                0x000033dc       0x50 ./Sources/IMU.o
                0x000033dc                LSM6DSL_ACC_GYRO_GetRawAccData_1
 .text.LSM6DSL_ACC_GYRO_GetRawGyroData_1
                0x0000342c       0x50 ./Sources/IMU.o
                0x0000342c                LSM6DSL_ACC_GYRO_GetRawGyroData_1
 .text.Get_X_AxesRaw_1
                0x0000347c       0x34 ./Sources/IMU.o
                0x0000347c                Get_X_AxesRaw_1
 .text.Get_G_AxesRaw_1
                0x000034b0       0x34 ./Sources/IMU.o
                0x000034b0                Get_G_AxesRaw_1
 .text.Get_X_Axes_1
                0x000034e4       0x88 ./Sources/IMU.o
                0x000034e4                Get_X_Axes_1
 *fill*         0x0000356c        0x4 
 .text.Get_G_Axes_1
                0x00003570       0xb8 ./Sources/IMU.o
                0x00003570                Get_G_Axes_1
 .text.biasCalc
                0x00003628      0x158 ./Sources/IMU.o
                0x00003628                biasCalc
 .text.getGyroBias_Z
                0x00003780       0x1c ./Sources/IMU.o
                0x00003780                getGyroBias_Z
 .text.getAccBias
                0x0000379c       0x1c ./Sources/IMU.o
                0x0000379c                getAccBias
 .text.calcIMU_data
                0x000037b8       0x1c ./Sources/IMU.o
                0x000037b8                calcIMU_data
 .text.putStream
                0x000037d4       0x28 ./Sources/Logging.o
 .text.saveData
                0x000037fc      0x190 ./Sources/Logging.o
                0x000037fc                saveData
 .text.printSaveData
                0x0000398c      0x3b8 ./Sources/Logging.o
                0x0000398c                printSaveData
 .text.initMotors
                0x00003d44       0x84 ./Sources/Motor.o
                0x00003d44                initMotors
 .text.deinitMotors
                0x00003dc8       0x34 ./Sources/Motor.o
                0x00003dc8                deinitMotors
 .text.MotorEnable
                0x00003dfc       0x48 ./Sources/Motor.o
                0x00003dfc                MotorEnable
 *fill*         0x00003e44        0x4 
 .text.set_VREF
                0x00003e48      0x180 ./Sources/Motor.o
                0x00003e48                set_VREF
 .text.main     0x00003fc8       0x10 ./Sources/main.o
                0x00003fc8                main
 .text.__copy_rom_section
                0x00003fd8       0xe4 ./Project_Settings/Startup_Code/startup.o
                0x00003fd8                __copy_rom_section
 .text.__copy_rom_sections_to_ram
                0x000040bc       0x9c ./Project_Settings/Startup_Code/startup.o
                0x000040bc                __copy_rom_sections_to_ram
 .text.__init_registers
                0x00004158       0x20 ./Project_Settings/Startup_Code/startup.o
                0x00004158                __init_registers
 .text.__init_user
                0x00004178        0xc ./Project_Settings/Startup_Code/startup.o
                0x00004178                __init_user
 .text.__thumb_startup
                0x00004184       0x34 ./Project_Settings/Startup_Code/startup.o
                0x00004184                __thumb_startup
 .text.ADC_0_MainMeasure
                0x000041b8       0x84 ./Generated_Code/ADC_0.o
 .text.ADC_0_HWEnDi
                0x0000423c       0x54 ./Generated_Code/ADC_0.o
                0x0000423c                ADC_0_HWEnDi
 .text.PE_ADC_0_Measure
                0x00004290       0x38 ./Generated_Code/ADC_0.o
                0x00004290                PE_ADC_0_Measure
 .text.ADC_0_GetValue16
                0x000042c8       0x68 ./Generated_Code/ADC_0.o
                0x000042c8                ADC_0_GetValue16
 .text.ADC_0_Init
                0x00004330       0x34 ./Generated_Code/ADC_0.o
                0x00004330                ADC_0_Init
 .text.ADC_1_MainMeasure
                0x00004364       0x8c ./Generated_Code/ADC_1.o
 .text.PE_ADC_1_Measure
                0x000043f0       0x28 ./Generated_Code/ADC_1.o
                0x000043f0                PE_ADC_1_Measure
 .text.ADC_1_GetValue16
                0x00004418       0x68 ./Generated_Code/ADC_1.o
                0x00004418                ADC_1_GetValue16
 .text.ADC_1_Init
                0x00004480       0x2c ./Generated_Code/ADC_1.o
                0x00004480                ADC_1_Init
 .text.HWEnDi   0x000044ac       0x1c ./Generated_Code/AS_BLE.o
 .text.AS_BLE_RecvChar
                0x000044c8       0xd8 ./Generated_Code/AS_BLE.o
                0x000044c8                AS_BLE_RecvChar
 .text.AS_BLE_SendChar
                0x000045a0       0xdc ./Generated_Code/AS_BLE.o
                0x000045a0                AS_BLE_SendChar
 .text.AS_BLE_SendBlock
                0x0000467c      0x110 ./Generated_Code/AS_BLE.o
                0x0000467c                AS_BLE_SendBlock
 .text.AS_BLE_GetCharsInRxBuf
                0x0000478c       0x18 ./Generated_Code/AS_BLE.o
                0x0000478c                AS_BLE_GetCharsInRxBuf
 .text.AS_BLE_Init
                0x000047a4       0x60 ./Generated_Code/AS_BLE.o
                0x000047a4                AS_BLE_Init
 .text.ASerialLdd1_OnBlockReceived
                0x00004804       0x7c ./Generated_Code/AS_BLE.o
                0x00004804                ASerialLdd1_OnBlockReceived
 .text.ASerialLdd1_OnBlockSent
                0x00004880       0x88 ./Generated_Code/AS_BLE.o
                0x00004880                ASerialLdd1_OnBlockSent
 .text.ASerialLdd1_OnError
                0x00004908       0x98 ./Generated_Code/AS_BLE.o
                0x00004908                ASerialLdd1_OnError
 .text.ASerialLdd1_OnBreak
                0x000049a0       0x24 ./Generated_Code/AS_BLE.o
                0x000049a0                ASerialLdd1_OnBreak
 .text.HWEnDi   0x000049c4       0x1c ./Generated_Code/AS_PRG.o
 .text.AS_PRG_Init
                0x000049e0       0x60 ./Generated_Code/AS_PRG.o
                0x000049e0                AS_PRG_Init
 .text.ASerialLdd2_OnBlockReceived
                0x00004a40       0x7c ./Generated_Code/AS_PRG.o
                0x00004a40                ASerialLdd2_OnBlockReceived
 .text.ASerialLdd2_OnBlockSent
                0x00004abc       0x88 ./Generated_Code/AS_PRG.o
                0x00004abc                ASerialLdd2_OnBlockSent
 .text.ASerialLdd2_OnError
                0x00004b44       0x98 ./Generated_Code/AS_PRG.o
                0x00004b44                ASerialLdd2_OnError
 .text.ASerialLdd2_OnBreak
                0x00004bdc       0x24 ./Generated_Code/AS_PRG.o
                0x00004bdc                ASerialLdd2_OnBreak
 .text.ASerialLdd1_Init
                0x00004c00      0x1d8 ./Generated_Code/ASerialLdd1.o
                0x00004c00                ASerialLdd1_Init
 .text.ASerialLdd1_ReceiveBlock
                0x00004dd8       0x90 ./Generated_Code/ASerialLdd1.o
                0x00004dd8                ASerialLdd1_ReceiveBlock
 .text.ASerialLdd1_SendBlock
                0x00004e68       0xbc ./Generated_Code/ASerialLdd1.o
                0x00004e68                ASerialLdd1_SendBlock
 .text.InterruptRx
                0x00004f24       0x58 ./Generated_Code/ASerialLdd1.o
 .text.InterruptTx
                0x00004f7c       0x80 ./Generated_Code/ASerialLdd1.o
 .text.ASerialLdd1_Interrupt
                0x00004ffc       0xf4 ./Generated_Code/ASerialLdd1.o
                0x00004ffc                ASerialLdd1_Interrupt
 .text.ASerialLdd1_GetError
                0x000050f0       0x70 ./Generated_Code/ASerialLdd1.o
                0x000050f0                ASerialLdd1_GetError
 .text.ASerialLdd2_Init
                0x00005160      0x1d8 ./Generated_Code/ASerialLdd2.o
                0x00005160                ASerialLdd2_Init
 .text.ASerialLdd2_ReceiveBlock
                0x00005338       0x90 ./Generated_Code/ASerialLdd2.o
                0x00005338                ASerialLdd2_ReceiveBlock
 .text.ASerialLdd2_SendBlock
                0x000053c8       0xbc ./Generated_Code/ASerialLdd2.o
                0x000053c8                ASerialLdd2_SendBlock
 .text.InterruptRx
                0x00005484       0x58 ./Generated_Code/ASerialLdd2.o
 .text.InterruptTx
                0x000054dc       0x80 ./Generated_Code/ASerialLdd2.o
 .text.ASerialLdd2_Interrupt
                0x0000555c       0xf4 ./Generated_Code/ASerialLdd2.o
                0x0000555c                ASerialLdd2_Interrupt
 .text.ASerialLdd2_GetError
                0x00005650       0x70 ./Generated_Code/ASerialLdd2.o
                0x00005650                ASerialLdd2_GetError
 .text.AdcLdd2_Init
                0x000056c0       0xdc ./Generated_Code/AdcLdd2.o
                0x000056c0                AdcLdd2_Init
 .text.AdcLdd2_Enable
                0x0000579c       0x1c ./Generated_Code/AdcLdd2.o
                0x0000579c                AdcLdd2_Enable
 .text.AdcLdd2_Disable
                0x000057b8       0x34 ./Generated_Code/AdcLdd2.o
                0x000057b8                AdcLdd2_Disable
 .text.AdcLdd2_StartSingleMeasurement
                0x000057ec       0x58 ./Generated_Code/AdcLdd2.o
                0x000057ec                AdcLdd2_StartSingleMeasurement
 .text.AdcLdd2_CreateSampleGroup
                0x00005844       0x74 ./Generated_Code/AdcLdd2.o
                0x00005844                AdcLdd2_CreateSampleGroup
 .text.AdcLdd2_GetMeasuredValues
                0x000058b8       0x58 ./Generated_Code/AdcLdd2.o
                0x000058b8                AdcLdd2_GetMeasuredValues
 .text.AdcLdd2_GetMeasurementCompleteStatus
                0x00005910       0x34 ./Generated_Code/AdcLdd2.o
                0x00005910                AdcLdd2_GetMeasurementCompleteStatus
 .text.AdcLdd3_Init
                0x00005944       0xd8 ./Generated_Code/AdcLdd3.o
                0x00005944                AdcLdd3_Init
 .text.AdcLdd3_StartSingleMeasurement
                0x00005a1c       0x4c ./Generated_Code/AdcLdd3.o
                0x00005a1c                AdcLdd3_StartSingleMeasurement
 .text.AdcLdd3_CreateSampleGroup
                0x00005a68       0x68 ./Generated_Code/AdcLdd3.o
                0x00005a68                AdcLdd3_CreateSampleGroup
 .text.AdcLdd3_GetMeasuredValues
                0x00005ad0       0x4c ./Generated_Code/AdcLdd3.o
                0x00005ad0                AdcLdd3_GetMeasuredValues
 .text.AdcLdd3_GetMeasurementCompleteStatus
                0x00005b1c       0x34 ./Generated_Code/AdcLdd3.o
                0x00005b1c                AdcLdd3_GetMeasurementCompleteStatus
 .text.BitIoLdd1_Init
                0x00005b50       0x80 ./Generated_Code/BitIoLdd1.o
                0x00005b50                BitIoLdd1_Init
 .text.BitIoLdd1_ClrVal
                0x00005bd0       0x20 ./Generated_Code/BitIoLdd1.o
                0x00005bd0                BitIoLdd1_ClrVal
 .text.BitIoLdd1_SetVal
                0x00005bf0       0x20 ./Generated_Code/BitIoLdd1.o
                0x00005bf0                BitIoLdd1_SetVal
 .text.BitIoLdd1_NegVal
                0x00005c10       0x20 ./Generated_Code/BitIoLdd1.o
                0x00005c10                BitIoLdd1_NegVal
 .text.BitIoLdd10_Init
                0x00005c30       0x80 ./Generated_Code/BitIoLdd10.o
                0x00005c30                BitIoLdd10_Init
 .text.BitIoLdd10_PutVal
                0x00005cb0       0x30 ./Generated_Code/BitIoLdd10.o
                0x00005cb0                BitIoLdd10_PutVal
 .text.BitIoLdd10_ClrVal
                0x00005ce0       0x1c ./Generated_Code/BitIoLdd10.o
                0x00005ce0                BitIoLdd10_ClrVal
 .text.BitIoLdd10_SetVal
                0x00005cfc       0x1c ./Generated_Code/BitIoLdd10.o
                0x00005cfc                BitIoLdd10_SetVal
 .text.BitIoLdd14_Init
                0x00005d18       0x80 ./Generated_Code/BitIoLdd14.o
                0x00005d18                BitIoLdd14_Init
 .text.BitIoLdd14_ClrVal
                0x00005d98       0x1c ./Generated_Code/BitIoLdd14.o
                0x00005d98                BitIoLdd14_ClrVal
 .text.BitIoLdd15_Init
                0x00005db4       0x80 ./Generated_Code/BitIoLdd15.o
                0x00005db4                BitIoLdd15_Init
 .text.BitIoLdd16_Init
                0x00005e34       0x74 ./Generated_Code/BitIoLdd16.o
                0x00005e34                BitIoLdd16_Init
 .text.BitIoLdd16_GetVal
                0x00005ea8       0x30 ./Generated_Code/BitIoLdd16.o
                0x00005ea8                BitIoLdd16_GetVal
 .text.BitIoLdd17_Init
                0x00005ed8       0x74 ./Generated_Code/BitIoLdd17.o
                0x00005ed8                BitIoLdd17_Init
 .text.BitIoLdd17_GetVal
                0x00005f4c       0x30 ./Generated_Code/BitIoLdd17.o
                0x00005f4c                BitIoLdd17_GetVal
 .text.BitIoLdd18_Init
                0x00005f7c       0x74 ./Generated_Code/BitIoLdd18.o
                0x00005f7c                BitIoLdd18_Init
 .text.BitIoLdd18_GetVal
                0x00005ff0       0x30 ./Generated_Code/BitIoLdd18.o
                0x00005ff0                BitIoLdd18_GetVal
 .text.BitIoLdd19_Init
                0x00006020       0x74 ./Generated_Code/BitIoLdd19.o
                0x00006020                BitIoLdd19_Init
 .text.BitIoLdd19_GetVal
                0x00006094       0x30 ./Generated_Code/BitIoLdd19.o
                0x00006094                BitIoLdd19_GetVal
 .text.BitIoLdd2_Init
                0x000060c4       0x80 ./Generated_Code/BitIoLdd2.o
                0x000060c4                BitIoLdd2_Init
 .text.BitIoLdd2_ClrVal
                0x00006144       0x20 ./Generated_Code/BitIoLdd2.o
                0x00006144                BitIoLdd2_ClrVal
 .text.BitIoLdd2_SetVal
                0x00006164       0x20 ./Generated_Code/BitIoLdd2.o
                0x00006164                BitIoLdd2_SetVal
 .text.BitIoLdd20_Init
                0x00006184       0x74 ./Generated_Code/BitIoLdd20.o
                0x00006184                BitIoLdd20_Init
 .text.BitIoLdd20_GetVal
                0x000061f8       0x30 ./Generated_Code/BitIoLdd20.o
                0x000061f8                BitIoLdd20_GetVal
 .text.BitIoLdd21_Init
                0x00006228       0x80 ./Generated_Code/BitIoLdd21.o
                0x00006228                BitIoLdd21_Init
 .text.BitIoLdd21_PutVal
                0x000062a8       0x30 ./Generated_Code/BitIoLdd21.o
                0x000062a8                BitIoLdd21_PutVal
 .text.BitIoLdd21_ClrVal
                0x000062d8       0x1c ./Generated_Code/BitIoLdd21.o
                0x000062d8                BitIoLdd21_ClrVal
 .text.BitIoLdd21_SetVal
                0x000062f4       0x1c ./Generated_Code/BitIoLdd21.o
                0x000062f4                BitIoLdd21_SetVal
 .text.BitIoLdd22_Init
                0x00006310       0x80 ./Generated_Code/BitIoLdd22.o
                0x00006310                BitIoLdd22_Init
 .text.BitIoLdd22_ClrVal
                0x00006390       0x1c ./Generated_Code/BitIoLdd22.o
                0x00006390                BitIoLdd22_ClrVal
 .text.BitIoLdd22_SetVal
                0x000063ac       0x1c ./Generated_Code/BitIoLdd22.o
                0x000063ac                BitIoLdd22_SetVal
 .text.BitIoLdd23_Init
                0x000063c8       0x80 ./Generated_Code/BitIoLdd23.o
                0x000063c8                BitIoLdd23_Init
 .text.BitIoLdd23_ClrVal
                0x00006448       0x1c ./Generated_Code/BitIoLdd23.o
                0x00006448                BitIoLdd23_ClrVal
 .text.BitIoLdd24_Init
                0x00006464       0x80 ./Generated_Code/BitIoLdd24.o
                0x00006464                BitIoLdd24_Init
 .text.BitIoLdd25_Init
                0x000064e4       0x74 ./Generated_Code/BitIoLdd25.o
                0x000064e4                BitIoLdd25_Init
 .text.BitIoLdd26_Init
                0x00006558       0x74 ./Generated_Code/BitIoLdd26.o
                0x00006558                BitIoLdd26_Init
 .text.BitIoLdd26_GetVal
                0x000065cc       0x30 ./Generated_Code/BitIoLdd26.o
                0x000065cc                BitIoLdd26_GetVal
 .text.BitIoLdd27_Init
                0x000065fc       0x80 ./Generated_Code/BitIoLdd27.o
                0x000065fc                BitIoLdd27_Init
 .text.BitIoLdd28_Init
                0x0000667c       0x74 ./Generated_Code/BitIoLdd28.o
                0x0000667c                BitIoLdd28_Init
 .text.BitIoLdd29_Init
                0x000066f0       0x80 ./Generated_Code/BitIoLdd29.o
                0x000066f0                BitIoLdd29_Init
 .text.BitIoLdd29_ClrVal
                0x00006770       0x1c ./Generated_Code/BitIoLdd29.o
                0x00006770                BitIoLdd29_ClrVal
 .text.BitIoLdd3_Init
                0x0000678c       0x80 ./Generated_Code/BitIoLdd3.o
                0x0000678c                BitIoLdd3_Init
 .text.BitIoLdd3_ClrVal
                0x0000680c       0x20 ./Generated_Code/BitIoLdd3.o
                0x0000680c                BitIoLdd3_ClrVal
 .text.BitIoLdd3_SetVal
                0x0000682c       0x20 ./Generated_Code/BitIoLdd3.o
                0x0000682c                BitIoLdd3_SetVal
 .text.BitIoLdd30_Init
                0x0000684c       0x74 ./Generated_Code/BitIoLdd30.o
                0x0000684c                BitIoLdd30_Init
 .text.BitIoLdd31_Init
                0x000068c0       0x80 ./Generated_Code/BitIoLdd31.o
                0x000068c0                BitIoLdd31_Init
 .text.BitIoLdd32_Init
                0x00006940       0x80 ./Generated_Code/BitIoLdd32.o
                0x00006940                BitIoLdd32_Init
 .text.BitIoLdd33_Init
                0x000069c0       0x80 ./Generated_Code/BitIoLdd33.o
                0x000069c0                BitIoLdd33_Init
 .text.BitIoLdd33_ClrVal
                0x00006a40       0x20 ./Generated_Code/BitIoLdd33.o
                0x00006a40                BitIoLdd33_ClrVal
 .text.BitIoLdd33_SetVal
                0x00006a60       0x20 ./Generated_Code/BitIoLdd33.o
                0x00006a60                BitIoLdd33_SetVal
 .text.BitIoLdd34_Init
                0x00006a80       0x80 ./Generated_Code/BitIoLdd34.o
                0x00006a80                BitIoLdd34_Init
 .text.BitIoLdd34_ClrVal
                0x00006b00       0x20 ./Generated_Code/BitIoLdd34.o
                0x00006b00                BitIoLdd34_ClrVal
 .text.BitIoLdd34_SetVal
                0x00006b20       0x20 ./Generated_Code/BitIoLdd34.o
                0x00006b20                BitIoLdd34_SetVal
 .text.BitIoLdd35_Init
                0x00006b40       0x80 ./Generated_Code/BitIoLdd35.o
                0x00006b40                BitIoLdd35_Init
 .text.BitIoLdd35_ClrVal
                0x00006bc0       0x20 ./Generated_Code/BitIoLdd35.o
                0x00006bc0                BitIoLdd35_ClrVal
 .text.BitIoLdd35_SetVal
                0x00006be0       0x20 ./Generated_Code/BitIoLdd35.o
                0x00006be0                BitIoLdd35_SetVal
 .text.BitIoLdd36_Init
                0x00006c00       0x80 ./Generated_Code/BitIoLdd36.o
                0x00006c00                BitIoLdd36_Init
 .text.BitIoLdd36_ClrVal
                0x00006c80       0x20 ./Generated_Code/BitIoLdd36.o
                0x00006c80                BitIoLdd36_ClrVal
 .text.BitIoLdd37_Init
                0x00006ca0       0x80 ./Generated_Code/BitIoLdd37.o
                0x00006ca0                BitIoLdd37_Init
 .text.BitIoLdd37_ClrVal
                0x00006d20       0x20 ./Generated_Code/BitIoLdd37.o
                0x00006d20                BitIoLdd37_ClrVal
 .text.BitIoLdd38_Init
                0x00006d40       0x80 ./Generated_Code/BitIoLdd38.o
                0x00006d40                BitIoLdd38_Init
 .text.BitIoLdd38_ClrVal
                0x00006dc0       0x20 ./Generated_Code/BitIoLdd38.o
                0x00006dc0                BitIoLdd38_ClrVal
 .text.BitIoLdd38_SetVal
                0x00006de0       0x20 ./Generated_Code/BitIoLdd38.o
                0x00006de0                BitIoLdd38_SetVal
 .text.BitIoLdd39_Init
                0x00006e00       0x80 ./Generated_Code/BitIoLdd39.o
                0x00006e00                BitIoLdd39_Init
 .text.BitIoLdd4_Init
                0x00006e80       0x80 ./Generated_Code/BitIoLdd4.o
                0x00006e80                BitIoLdd4_Init
 .text.BitIoLdd4_ClrVal
                0x00006f00       0x20 ./Generated_Code/BitIoLdd4.o
                0x00006f00                BitIoLdd4_ClrVal
 .text.BitIoLdd4_SetVal
                0x00006f20       0x20 ./Generated_Code/BitIoLdd4.o
                0x00006f20                BitIoLdd4_SetVal
 .text.BitIoLdd40_Init
                0x00006f40       0x80 ./Generated_Code/BitIoLdd40.o
                0x00006f40                BitIoLdd40_Init
 .text.BitIoLdd40_SetVal
                0x00006fc0       0x20 ./Generated_Code/BitIoLdd40.o
                0x00006fc0                BitIoLdd40_SetVal
 .text.BitIoLdd41_Init
                0x00006fe0       0x80 ./Generated_Code/BitIoLdd41.o
                0x00006fe0                BitIoLdd41_Init
 .text.BitIoLdd41_ClrVal
                0x00007060       0x20 ./Generated_Code/BitIoLdd41.o
                0x00007060                BitIoLdd41_ClrVal
 .text.BitIoLdd41_SetVal
                0x00007080       0x20 ./Generated_Code/BitIoLdd41.o
                0x00007080                BitIoLdd41_SetVal
 .text.BitIoLdd5_Init
                0x000070a0       0x80 ./Generated_Code/BitIoLdd5.o
                0x000070a0                BitIoLdd5_Init
 .text.BitIoLdd5_ClrVal
                0x00007120       0x1c ./Generated_Code/BitIoLdd5.o
                0x00007120                BitIoLdd5_ClrVal
 .text.BitIoLdd5_SetVal
                0x0000713c       0x1c ./Generated_Code/BitIoLdd5.o
                0x0000713c                BitIoLdd5_SetVal
 .text.BitIoLdd5_NegVal
                0x00007158       0x1c ./Generated_Code/BitIoLdd5.o
                0x00007158                BitIoLdd5_NegVal
 .text.BitIoLdd6_Init
                0x00007174       0x80 ./Generated_Code/BitIoLdd6.o
                0x00007174                BitIoLdd6_Init
 .text.BitIoLdd6_ClrVal
                0x000071f4       0x1c ./Generated_Code/BitIoLdd6.o
                0x000071f4                BitIoLdd6_ClrVal
 .text.BitIoLdd6_SetVal
                0x00007210       0x1c ./Generated_Code/BitIoLdd6.o
                0x00007210                BitIoLdd6_SetVal
 .text.BitIoLdd6_NegVal
                0x0000722c       0x1c ./Generated_Code/BitIoLdd6.o
                0x0000722c                BitIoLdd6_NegVal
 .text.BitIoLdd7_Init
                0x00007248       0x80 ./Generated_Code/BitIoLdd7.o
                0x00007248                BitIoLdd7_Init
 .text.BitIoLdd8_Init
                0x000072c8       0x80 ./Generated_Code/BitIoLdd8.o
                0x000072c8                BitIoLdd8_Init
 .text.BitIoLdd8_ClrVal
                0x00007348       0x1c ./Generated_Code/BitIoLdd8.o
                0x00007348                BitIoLdd8_ClrVal
 .text.BitIoLdd8_SetVal
                0x00007364       0x1c ./Generated_Code/BitIoLdd8.o
                0x00007364                BitIoLdd8_SetVal
 .text.CI2C1_Interrupt
                0x00007380      0x2b4 ./Generated_Code/CI2C1.o
                0x00007380                CI2C1_Interrupt
 .text.CI2C1_Init
                0x00007634      0x150 ./Generated_Code/CI2C1.o
                0x00007634                CI2C1_Init
 .text.CLS_BLE_SendStr
                0x00007784       0x30 ./Generated_Code/CLS_BLE.o
                0x00007784                CLS_BLE_SendStr
 .text.CLS_BLE_PrintPrompt
                0x000077b4       0x30 ./Generated_Code/CLS_BLE.o
                0x000077b4                CLS_BLE_PrintPrompt
 .text.CLS_BLE_IsHistoryCharacter
                0x000077e4       0x24 ./Generated_Code/CLS_BLE.o
                0x000077e4                CLS_BLE_IsHistoryCharacter
 .text.CLS_BLE_ReadLine
                0x00007808       0xd0 ./Generated_Code/CLS_BLE.o
                0x00007808                CLS_BLE_ReadLine
 .text.CLS_BLE_PrintCommandFailed
                0x000078d8       0x6c ./Generated_Code/CLS_BLE.o
                0x000078d8                CLS_BLE_PrintCommandFailed
 .text.CLS_BLE_IterateTable
                0x00007944       0x58 ./Generated_Code/CLS_BLE.o
                0x00007944                CLS_BLE_IterateTable
 .text.CLS_BLE_ParseWithCommandTable
                0x0000799c       0x8c ./Generated_Code/CLS_BLE.o
                0x0000799c                CLS_BLE_ParseWithCommandTable
 .text.CLS_BLE_GetStdio
                0x00007a28       0x18 ./Generated_Code/CLS_BLE.o
                0x00007a28                CLS_BLE_GetStdio
 .text.CLS_BLE_ReadAndParseWithCommandTable
                0x00007a40       0xd8 ./Generated_Code/CLS_BLE.o
                0x00007a40                CLS_BLE_ReadAndParseWithCommandTable
 .text.SendSeparatedStrings
                0x00007b18       0x70 ./Generated_Code/CLS_BLE.o
 .text.CLS_BLE_SendHelpStr
                0x00007b88       0x24 ./Generated_Code/CLS_BLE.o
                0x00007b88                CLS_BLE_SendHelpStr
 .text.CLS_BLE_SendStatusStr
                0x00007bac       0x24 ./Generated_Code/CLS_BLE.o
                0x00007bac                CLS_BLE_SendStatusStr
 .text.CLS_BLE_ReadChar
                0x00007bd0       0x24 ./Generated_Code/CLS_BLE.o
                0x00007bd0                CLS_BLE_ReadChar
 .text.CLS_BLE_SendChar
                0x00007bf4       0x20 ./Generated_Code/CLS_BLE.o
                0x00007bf4                CLS_BLE_SendChar
 .text.CLS_BLE_KeyPressed
                0x00007c14       0x24 ./Generated_Code/CLS_BLE.o
                0x00007c14                CLS_BLE_KeyPressed
 .text.CLS_BLE_Init
                0x00007c38        0xc ./Generated_Code/CLS_BLE.o
                0x00007c38                CLS_BLE_Init
 .text.CLS_BLE_SendCharFct
                0x00007c44       0x44 ./Generated_Code/CLS_BLE.o
                0x00007c44                CLS_BLE_SendCharFct
 .text.CS1_Init
                0x00007c88        0xc ./Generated_Code/CS1.o
                0x00007c88                CS1_Init
 .text.Common_Init
                0x00007c94      0x174 ./Generated_Code/Cpu.o
                0x00007c94                Common_Init
 .text.Components_Init
                0x00007e08      0x144 ./Generated_Code/Cpu.o
                0x00007e08                Components_Init
 .text.Cpu_INT_NMIInterrupt
                0x00007f4c       0x1c ./Generated_Code/Cpu.o
                0x00007f4c                Cpu_INT_NMIInterrupt
 .text.DacLdd1_Init
                0x00007f68       0x94 ./Generated_Code/DacLdd1.o
                0x00007f68                DacLdd1_Init
 .text.DacLdd1_SetValue
                0x00007ffc       0x48 ./Generated_Code/DacLdd1.o
                0x00007ffc                DacLdd1_SetValue
 .text.DacLdd2_Init
                0x00008044       0x94 ./Generated_Code/DacLdd2.o
                0x00008044                DacLdd2_Init
 .text.DacLdd2_SetValue
                0x000080d8       0x48 ./Generated_Code/DacLdd2.o
                0x000080d8                DacLdd2_SetValue
 .text.TimerIntLdd1_OnInterrupt
                0x00008120       0x14 ./Generated_Code/Distance_INT.o
                0x00008120                TimerIntLdd1_OnInterrupt
 .text.FreeCntrLdd1_Init
                0x00008134       0x50 ./Generated_Code/FreeCntrLdd1.o
                0x00008134                FreeCntrLdd1_Init
 .text.CI2C1_OnMasterBlockSent
                0x00008184       0x28 ./Generated_Code/GI2C1.o
                0x00008184                CI2C1_OnMasterBlockSent
 .text.CI2C1_OnMasterBlockReceived
                0x000081ac       0x28 ./Generated_Code/GI2C1.o
                0x000081ac                CI2C1_OnMasterBlockReceived
 .text.GI2C1_Init
                0x000081d4       0x20 ./Generated_Code/GI2C1.o
                0x000081d4                GI2C1_Init
 .text.LED_BLUE_F_L_Init
                0x000081f4       0x14 ./Generated_Code/LED_BLUE_F_L.o
                0x000081f4                LED_BLUE_F_L_Init
 .text.LED_BLUE_F_R_Init
                0x00008208       0x14 ./Generated_Code/LED_BLUE_F_R.o
                0x00008208                LED_BLUE_F_R_Init
 .text.LED_GREEN_F_L_Init
                0x0000821c       0x14 ./Generated_Code/LED_GREEN_F_L.o
                0x0000821c                LED_GREEN_F_L_Init
 .text.LED_GREEN_F_R_Init
                0x00008230       0x14 ./Generated_Code/LED_GREEN_F_R.o
                0x00008230                LED_GREEN_F_R_Init
 .text.LED_RED_F_L_Init
                0x00008244       0x14 ./Generated_Code/LED_RED_F_L.o
                0x00008244                LED_RED_F_L_Init
 .text.LED_RED_F_R_Init
                0x00008258       0x14 ./Generated_Code/LED_RED_F_R.o
                0x00008258                LED_RED_F_R_Init
 .text.MCUC1_Init
                0x0000826c        0xc ./Generated_Code/MCUC1.o
                0x0000826c                MCUC1_Init
 .text.SM1_RecvChar
                0x00008278       0xd0 ./Generated_Code/SM1.o
                0x00008278                SM1_RecvChar
 .text.SM1_SendChar
                0x00008348       0xe4 ./Generated_Code/SM1.o
                0x00008348                SM1_SendChar
 .text.SM1_ClearRxBuf
                0x0000842c       0x8c ./Generated_Code/SM1.o
                0x0000842c                SM1_ClearRxBuf
 .text.SM1_GetCharsInRxBuf
                0x000084b8       0x18 ./Generated_Code/SM1.o
                0x000084b8                SM1_GetCharsInRxBuf
 .text.SM1_GetCharsInTxBuf
                0x000084d0       0x18 ./Generated_Code/SM1.o
                0x000084d0                SM1_GetCharsInTxBuf
 .text.SM1_Init
                0x000084e8       0x84 ./Generated_Code/SM1.o
                0x000084e8                SM1_Init
 .text.SMasterLdd1_OnBlockReceived
                0x0000856c       0xe0 ./Generated_Code/SM1.o
                0x0000856c                SMasterLdd1_OnBlockReceived
 .text.SMasterLdd1_OnBlockSent
                0x0000864c       0xcc ./Generated_Code/SM1.o
                0x0000864c                SMasterLdd1_OnBlockSent
 .text.SMasterLdd1_Init
                0x00008718      0x150 ./Generated_Code/SMasterLdd1.o
                0x00008718                SMasterLdd1_Init
 .text.SMasterLdd1_ReceiveBlock
                0x00008868       0x80 ./Generated_Code/SMasterLdd1.o
                0x00008868                SMasterLdd1_ReceiveBlock
 .text.SMasterLdd1_SendBlock
                0x000088e8       0x90 ./Generated_Code/SMasterLdd1.o
                0x000088e8                SMasterLdd1_SendBlock
 .text.SMasterLdd1_Interrupt
                0x00008978      0x12c ./Generated_Code/SMasterLdd1.o
                0x00008978                SMasterLdd1_Interrupt
 .text.TU3_Init
                0x00008aa4      0x104 ./Generated_Code/TU3.o
                0x00008aa4                TU3_Init
 .text.TU3_SetEventMask
                0x00008ba8       0xe4 ./Generated_Code/TU3.o
                0x00008ba8                TU3_SetEventMask
 .text.TU3_GetEventMask
                0x00008c8c       0x1c ./Generated_Code/TU3.o
                0x00008c8c                TU3_GetEventMask
 .text.TU3_SetOffsetTicks
                0x00008ca8       0x44 ./Generated_Code/TU3.o
                0x00008ca8                TU3_SetOffsetTicks
 .text.TU3_GetOffsetTicks
                0x00008cec       0x48 ./Generated_Code/TU3.o
                0x00008cec                TU3_GetOffsetTicks
 .text.TU3_Interrupt
                0x00008d34       0x84 ./Generated_Code/TU3.o
                0x00008d34                TU3_Interrupt
 .text.TU5_Init
                0x00008db8       0xdc ./Generated_Code/TU5.o
                0x00008db8                TU5_Init
 .text.TimerIntLdd1_Init
                0x00008e94       0x78 ./Generated_Code/TimerIntLdd1.o
                0x00008e94                TimerIntLdd1_Init
 .text.TimerIntLdd1_SetEventMask
                0x00008f0c       0x30 ./Generated_Code/TimerIntLdd1.o
                0x00008f0c                TimerIntLdd1_SetEventMask
 .text.TU3_OnChannel0
                0x00008f3c       0x5c ./Generated_Code/TimerIntLdd1.o
                0x00008f3c                TU3_OnChannel0
 .text.UTIL1_strcpy
                0x00008f98       0x48 ./Generated_Code/UTIL1.o
                0x00008f98                UTIL1_strcpy
 .text.UTIL1_strcat
                0x00008fe0       0x64 ./Generated_Code/UTIL1.o
                0x00008fe0                UTIL1_strcat
 .text.UTIL1_chcat
                0x00009044       0x50 ./Generated_Code/UTIL1.o
                0x00009044                UTIL1_chcat
 .text.ShiftRightAndFill
                0x00009094       0x98 ./Generated_Code/UTIL1.o
 .text.UTIL1_Num32uToStrFormatted
                0x0000912c       0x2c ./Generated_Code/UTIL1.o
                0x0000912c                UTIL1_Num32uToStrFormatted
 .text.UTIL1_strcatNum32uFormatted
                0x00009158       0x3c ./Generated_Code/UTIL1.o
                0x00009158                UTIL1_strcatNum32uFormatted
 .text.UTIL1_strcatNum32s
                0x00009194       0x30 ./Generated_Code/UTIL1.o
                0x00009194                UTIL1_strcatNum32s
 .text.UTIL1_Num32sToStr
                0x000091c4      0x12c ./Generated_Code/UTIL1.o
                0x000091c4                UTIL1_Num32sToStr
 .text.UTIL1_Num32uToStr
                0x000092f0       0xe4 ./Generated_Code/UTIL1.o
                0x000092f0                UTIL1_Num32uToStr
 .text.UTIL1_strFind
                0x000093d4       0x54 ./Generated_Code/UTIL1.o
                0x000093d4                UTIL1_strFind
 .text.UTIL1_NumFloatToStr
                0x00009428      0x10c ./Generated_Code/UTIL1.o
                0x00009428                UTIL1_NumFloatToStr
 .text.UTIL1_strcatNumFloat
                0x00009534       0x3c ./Generated_Code/UTIL1.o
                0x00009534                UTIL1_strcatNumFloat
 .text.UTIL1_Init
                0x00009570        0xc ./Generated_Code/UTIL1.o
                0x00009570                UTIL1_Init
 .text.WAIT1_Wait10Cycles
                0x0000957c        0x8 ./Generated_Code/WAIT1.o
                0x0000957c                WAIT1_Wait10Cycles
 .text.WAIT1_Wait100Cycles
                0x00009584       0x28 ./Generated_Code/WAIT1.o
                0x00009584                WAIT1_Wait100Cycles
 .text.WAIT1_WaitCycles
                0x000095ac       0x34 ./Generated_Code/WAIT1.o
                0x000095ac                WAIT1_WaitCycles
 .text.WAIT1_WaitLongCycles
                0x000095e0       0x38 ./Generated_Code/WAIT1.o
                0x000095e0                WAIT1_WaitLongCycles
 .text.WAIT1_Waitms
                0x00009618       0x2c ./Generated_Code/WAIT1.o
                0x00009618                WAIT1_Waitms
 .text.WAIT1_Init
                0x00009644        0xc ./Generated_Code/WAIT1.o
                0x00009644                WAIT1_Init
 .text.XF1_Init
                0x00009650        0xc ./Generated_Code/XF1.o
                0x00009650                XF1_Init
 *fill*         0x0000965c        0x4 
 .text.Driving  0x00009660     0x1068 C:\Users\Theo\Documents\Fachhochschule\Sem_9\BAT\3_Software\lib\Debug\libMcCar_lib.a(Driving.o)
                0x00009660                Driving
 .text.MotorCurrentComputationForDesiredTorque
                0x0000a6c8       0x4c C:\Users\Theo\Documents\Fachhochschule\Sem_9\BAT\3_Software\lib\Debug\libMcCar_lib.a(Driving.o)
                0x0000a6c8                MotorCurrentComputationForDesiredTorque
 .text.setBias  0x0000a714        0xc C:\Users\Theo\Documents\Fachhochschule\Sem_9\BAT\3_Software\lib\Debug\libMcCar_lib.a(Driving.o)
                0x0000a714                setBias
 .text.reinit_Drving
                0x0000a720       0x18 C:\Users\Theo\Documents\Fachhochschule\Sem_9\BAT\3_Software\lib\Debug\libMcCar_lib.a(Driving.o)
                0x0000a720                reinit_Drving
 .text.setMotorCurrent
                0x0000a738       0x3c C:\Users\Theo\Documents\Fachhochschule\Sem_9\BAT\3_Software\lib\Debug\libMcCar_lib.a(Driving.o)
                0x0000a738                setMotorCurrent
 .text.HeadingDirectionComputation
                0x0000a774       0xd4 C:\Users\Theo\Documents\Fachhochschule\Sem_9\BAT\3_Software\lib\Debug\libMcCar_lib.a(SegmentTargetComputation.o)
                0x0000a774                HeadingDirectionComputation
 .text.SegmentTargetComputation
                0x0000a848      0xfb0 C:\Users\Theo\Documents\Fachhochschule\Sem_9\BAT\3_Software\lib\Debug\libMcCar_lib.a(SegmentTargetComputation.o)
                0x0000a848                SegmentTargetComputation
 .text.TrackingControl
                0x0000b7f8      0xb58 C:\Users\Theo\Documents\Fachhochschule\Sem_9\BAT\3_Software\lib\Debug\libMcCar_lib.a(TrackingControl.o)
                0x0000b7f8                TrackingControl
 .text.VelocityEstimation
                0x0000c350       0xa4 C:\Users\Theo\Documents\Fachhochschule\Sem_9\BAT\3_Software\lib\Debug\libMcCar_lib.a(VelocityEstimation.o)
                0x0000c350                VelocityEstimation
 *fill*         0x0000c3f4        0x4 
 .text.VelocityCalculation
                0x0000c3f8      0x458 C:\Users\Theo\Documents\Fachhochschule\Sem_9\BAT\3_Software\lib\Debug\libMcCar_lib.a(VelocityEstimation.o)
                0x0000c3f8                VelocityCalculation
 .text.ReadIMU  0x0000c850       0x48 C:\Users\Theo\Documents\Fachhochschule\Sem_9\BAT\3_Software\lib\Debug\libMcCar_lib.a(VelocityEstimation.o)
                0x0000c850                ReadIMU
 .text.ReadEncoder
                0x0000c898       0x2c C:\Users\Theo\Documents\Fachhochschule\Sem_9\BAT\3_Software\lib\Debug\libMcCar_lib.a(VelocityEstimation.o)
                0x0000c898                ReadEncoder
 .text.ReadDistance
                0x0000c8c4       0x64 C:\Users\Theo\Documents\Fachhochschule\Sem_9\BAT\3_Software\lib\Debug\libMcCar_lib.a(VelocityEstimation.o)
                0x0000c8c4                ReadDistance
 .text.setBiasRaw
                0x0000c928       0x28 C:\Users\Theo\Documents\Fachhochschule\Sem_9\BAT\3_Software\lib\Debug\libMcCar_lib.a(VelocityEstimation.o)
                0x0000c928                setBiasRaw
 .text._degrees_value_normalize
                0x0000c950       0x70 C:\Users\Theo\Documents\Fachhochschule\Sem_9\BAT\3_Software\lib\Debug\libMcCar_lib.a(dftrig.o)
 .text._sin__get_by_deg_0_90
                0x0000c9c0       0x8c C:\Users\Theo\Documents\Fachhochschule\Sem_9\BAT\3_Software\lib\Debug\libMcCar_lib.a(dftrig.o)
 .text.sin_lut  0x0000ca4c      0x110 C:\Users\Theo\Documents\Fachhochschule\Sem_9\BAT\3_Software\lib\Debug\libMcCar_lib.a(dftrig.o)
                0x0000ca4c                sin_lut
 .text.cos_lut  0x0000cb5c       0x30 C:\Users\Theo\Documents\Fachhochschule\Sem_9\BAT\3_Software\lib\Debug\libMcCar_lib.a(dftrig.o)
                0x0000cb5c                cos_lut
 *fill*         0x0000cb8c        0x4 
 .text.exp      0x0000cb90      0x108 c:/freescale/kds_v3/toolchain/bin/../lib/gcc/arm-none-eabi/4.8.4/../../../../arm-none-eabi/lib/armv7e-m/fpu\libm.a(lib_a-w_exp.o)
                0x0000cb90                exp
 .text.sqrt     0x0000cc98       0xbc c:/freescale/kds_v3/toolchain/bin/../lib/gcc/arm-none-eabi/4.8.4/../../../../arm-none-eabi/lib/armv7e-m/fpu\libm.a(lib_a-w_sqrt.o)
                0x0000cc98                sqrt
 .text.sqrtf    0x0000cd54       0xb8 c:/freescale/kds_v3/toolchain/bin/../lib/gcc/arm-none-eabi/4.8.4/../../../../arm-none-eabi/lib/armv7e-m/fpu\libm.a(lib_a-wf_sqrt.o)
                0x0000cd54                sqrtf
 *fill*         0x0000ce0c        0x4 
 .text.__ieee754_exp
                0x0000ce10      0x328 c:/freescale/kds_v3/toolchain/bin/../lib/gcc/arm-none-eabi/4.8.4/../../../../arm-none-eabi/lib/armv7e-m/fpu\libm.a(lib_a-e_exp.o)
                0x0000ce10                __ieee754_exp
 .text.__ieee754_sqrt
                0x0000d138      0x198 c:/freescale/kds_v3/toolchain/bin/../lib/gcc/arm-none-eabi/4.8.4/../../../../arm-none-eabi/lib/armv7e-m/fpu\libm.a(lib_a-e_sqrt.o)
                0x0000d138                __ieee754_sqrt
 .text.__ieee754_sqrtf
                0x0000d2d0       0xa4 c:/freescale/kds_v3/toolchain/bin/../lib/gcc/arm-none-eabi/4.8.4/../../../../arm-none-eabi/lib/armv7e-m/fpu\libm.a(lib_a-ef_sqrt.o)
                0x0000d2d0                __ieee754_sqrtf
 .text.finite   0x0000d374       0x10 c:/freescale/kds_v3/toolchain/bin/../lib/gcc/arm-none-eabi/4.8.4/../../../../arm-none-eabi/lib/armv7e-m/fpu\libm.a(lib_a-s_finite.o)
                0x0000d374                finite
 .text.__fpclassifyd
                0x0000d384       0x54 c:/freescale/kds_v3/toolchain/bin/../lib/gcc/arm-none-eabi/4.8.4/../../../../arm-none-eabi/lib/armv7e-m/fpu\libm.a(lib_a-s_fpclassify.o)
                0x0000d384                __fpclassifyd
 .text.matherr  0x0000d3d8        0x4 c:/freescale/kds_v3/toolchain/bin/../lib/gcc/arm-none-eabi/4.8.4/../../../../arm-none-eabi/lib/armv7e-m/fpu\libm.a(lib_a-s_matherr.o)
                0x0000d3d8                matherr
 .text.__fpclassifyf
                0x0000d3dc       0x38 c:/freescale/kds_v3/toolchain/bin/../lib/gcc/arm-none-eabi/4.8.4/../../../../arm-none-eabi/lib/armv7e-m/fpu\libm.a(lib_a-sf_fpclassify.o)
                0x0000d3dc                __fpclassifyf
 .text.atoi     0x0000d414        0x8 c:/freescale/kds_v3/toolchain/bin/../lib/gcc/arm-none-eabi/4.8.4/../../../../arm-none-eabi/lib/armv7e-m/fpu\libg_s.a(lib_a-atoi.o)
                0x0000d414                atoi
 .text.__errno  0x0000d41c        0xc c:/freescale/kds_v3/toolchain/bin/../lib/gcc/arm-none-eabi/4.8.4/../../../../arm-none-eabi/lib/armv7e-m/fpu\libg_s.a(lib_a-errno.o)
                0x0000d41c                __errno
 .text.exit     0x0000d428       0x28 c:/freescale/kds_v3/toolchain/bin/../lib/gcc/arm-none-eabi/4.8.4/../../../../arm-none-eabi/lib/armv7e-m/fpu\libg_s.a(lib_a-exit.o)
                0x0000d428                exit
 .text.__libc_init_array
                0x0000d450       0x4c c:/freescale/kds_v3/toolchain/bin/../lib/gcc/arm-none-eabi/4.8.4/../../../../arm-none-eabi/lib/armv7e-m/fpu\libg_s.a(lib_a-init.o)
                0x0000d450                __libc_init_array
 .text.memcpy   0x0000d49c       0x12 c:/freescale/kds_v3/toolchain/bin/../lib/gcc/arm-none-eabi/4.8.4/../../../../arm-none-eabi/lib/armv7e-m/fpu\libg_s.a(lib_a-memcpy-stub.o)
                0x0000d49c                memcpy
 .text.memset   0x0000d4ae       0x10 c:/freescale/kds_v3/toolchain/bin/../lib/gcc/arm-none-eabi/4.8.4/../../../../arm-none-eabi/lib/armv7e-m/fpu\libg_s.a(lib_a-memset.o)
                0x0000d4ae                memset
 .text.strchr   0x0000d4be       0x1a c:/freescale/kds_v3/toolchain/bin/../lib/gcc/arm-none-eabi/4.8.4/../../../../arm-none-eabi/lib/armv7e-m/fpu\libg_s.a(lib_a-strchr.o)
                0x0000d4be                strchr
 .text.strlen   0x0000d4d8       0x10 c:/freescale/kds_v3/toolchain/bin/../lib/gcc/arm-none-eabi/4.8.4/../../../../arm-none-eabi/lib/armv7e-m/fpu\libg_s.a(lib_a-strlen.o)
                0x0000d4d8                strlen
 .text.strncmp  0x0000d4e8       0x2e c:/freescale/kds_v3/toolchain/bin/../lib/gcc/arm-none-eabi/4.8.4/../../../../arm-none-eabi/lib/armv7e-m/fpu\libg_s.a(lib_a-strncmp.o)
                0x0000d4e8                strncmp
 .text.strncpy  0x0000d516       0x24 c:/freescale/kds_v3/toolchain/bin/../lib/gcc/arm-none-eabi/4.8.4/../../../../arm-none-eabi/lib/armv7e-m/fpu\libg_s.a(lib_a-strncpy.o)
                0x0000d516                strncpy
 *fill*         0x0000d53a        0x2 
 .text._strtol_r
                0x0000d53c      0x104 c:/freescale/kds_v3/toolchain/bin/../lib/gcc/arm-none-eabi/4.8.4/../../../../arm-none-eabi/lib/armv7e-m/fpu\libg_s.a(lib_a-strtol.o)
                0x0000d53c                _strtol_r
 .text.strtol   0x0000d640       0x1c c:/freescale/kds_v3/toolchain/bin/../lib/gcc/arm-none-eabi/4.8.4/../../../../arm-none-eabi/lib/armv7e-m/fpu\libg_s.a(lib_a-strtol.o)
                0x0000d640                strtol
 .text._exit    0x0000d65c        0x4 c:/freescale/kds_v3/toolchain/bin/../lib/gcc/arm-none-eabi/4.8.4/../../../../arm-none-eabi/lib/armv7e-m/fpu\libnosys.a(_exit.o)
                0x0000d65c                _exit
 *(.rodata)
 .rodata        0x0000d660      0x1bc ./Sources/Exploring_Com.o
 .rodata        0x0000d81c        0x4 ./Sources/Logging.o
 .rodata        0x0000d820      0x1e4 ./Generated_Code/CLS_BLE.o
 .rodata        0x0000da04       0x1c ./Generated_Code/UTIL1.o
 *(.rodata*)
 .rodata.ClockGenModeMatrix
                0x0000da20       0x80 ./Static_Code/System/CPU_Init.o
 .rodata.CPU_ClockConfigDescriptors
                0x0000daa0       0x1c ./Static_Code/System/CPU_Init.o
 .rodata.CPU_DefaultFEI
                0x0000dabc        0x8 ./Static_Code/System/CPU_Init.o
 .rodata.CPU_DefaultFBI
                0x0000dac4        0x8 ./Static_Code/System/CPU_Init.o
 .rodata.CPU_DefaultBLPI
                0x0000dacc        0x8 ./Static_Code/System/CPU_Init.o
 .rodata.CPU_DefaultFEE
                0x0000dad4        0x8 ./Static_Code/System/CPU_Init.o
 .rodata.CPU_DefaultFBE
                0x0000dadc        0x8 ./Static_Code/System/CPU_Init.o
 .rodata.CPU_DefaultBLPE
                0x0000dae4        0x8 ./Static_Code/System/CPU_Init.o
 .rodata.CPU_DefaultPBE
                0x0000daec        0x8 ./Static_Code/System/CPU_Init.o
 .rodata.CPU_DefaultPEE
                0x0000daf4        0x8 ./Static_Code/System/CPU_Init.o
 .rodata.CPU_ClockGenModeRegs
                0x0000dafc       0x20 ./Static_Code/System/CPU_Init.o
 .rodata.CmdParserTable
                0x0000db1c        0x8 ./Sources/Exploring_Com.o
 .rodata.ChannelToPin
                0x0000db24        0x8 ./Generated_Code/AdcLdd2.o
 .rodata.ChannelToPin
                0x0000db2c        0x8 ./Generated_Code/AdcLdd3.o
 .rodata.CLS_BLE_stdio
                0x0000db34       0x10 ./Generated_Code/CLS_BLE.o
                0x0000db34                CLS_BLE_stdio
 .rodata.K4eye  0x0000db44       0x10 C:\Users\Theo\Documents\Fachhochschule\Sem_9\BAT\3_Software\lib\Debug\libMcCar_lib.a(TrackingControl.o)
                0x0000db44                K4eye
 .rodata.K4eyeCurve
                0x0000db54       0x10 C:\Users\Theo\Documents\Fachhochschule\Sem_9\BAT\3_Software\lib\Debug\libMcCar_lib.a(TrackingControl.o)
                0x0000db54                K4eyeCurve
 .rodata.Mbar   0x0000db64       0x10 C:\Users\Theo\Documents\Fachhochschule\Sem_9\BAT\3_Software\lib\Debug\libMcCar_lib.a(TrackingControl.o)
                0x0000db64                Mbar
 .rodata.BbarInv
                0x0000db74       0x10 C:\Users\Theo\Documents\Fachhochschule\Sem_9\BAT\3_Software\lib\Debug\libMcCar_lib.a(TrackingControl.o)
                0x0000db74                BbarInv
 .rodata.sin_lut_table
                0x0000db84      0x174 C:\Users\Theo\Documents\Fachhochschule\Sem_9\BAT\3_Software\lib\Debug\libMcCar_lib.a(dftrig.o)
                0x0000db84                sin_lut_table
 .rodata.str1.4
                0x0000dcf8        0x4 c:/freescale/kds_v3/toolchain/bin/../lib/gcc/arm-none-eabi/4.8.4/../../../../arm-none-eabi/lib/armv7e-m/fpu\libm.a(lib_a-w_exp.o)
 .rodata.str1.4
                0x0000dcfc        0x5 c:/freescale/kds_v3/toolchain/bin/../lib/gcc/arm-none-eabi/4.8.4/../../../../arm-none-eabi/lib/armv7e-m/fpu\libm.a(lib_a-w_sqrt.o)
                                  0x8 (size before relaxing)
 *fill*         0x0000dd01        0x3 
 .rodata.str1.4
                0x0000dd04        0x8 c:/freescale/kds_v3/toolchain/bin/../lib/gcc/arm-none-eabi/4.8.4/../../../../arm-none-eabi/lib/armv7e-m/fpu\libm.a(lib_a-wf_sqrt.o)
 *fill*         0x0000dd0c        0x4 
 .rodata.halF   0x0000dd10       0x10 c:/freescale/kds_v3/toolchain/bin/../lib/gcc/arm-none-eabi/4.8.4/../../../../arm-none-eabi/lib/armv7e-m/fpu\libm.a(lib_a-e_exp.o)
 .rodata.ln2LO  0x0000dd20       0x10 c:/freescale/kds_v3/toolchain/bin/../lib/gcc/arm-none-eabi/4.8.4/../../../../arm-none-eabi/lib/armv7e-m/fpu\libm.a(lib_a-e_exp.o)
 .rodata.ln2HI  0x0000dd30       0x10 c:/freescale/kds_v3/toolchain/bin/../lib/gcc/arm-none-eabi/4.8.4/../../../../arm-none-eabi/lib/armv7e-m/fpu\libm.a(lib_a-e_exp.o)
 .rodata.str1.1
                0x0000dd40        0x2 c:/freescale/kds_v3/toolchain/bin/../lib/gcc/arm-none-eabi/4.8.4/../../../../arm-none-eabi/lib/armv7e-m/fpu\libg_s.a(lib_a-impure.o)
 *fill*         0x0000dd42        0x2 
 .rodata._global_impure_ptr
                0x0000dd44        0x4 c:/freescale/kds_v3/toolchain/bin/../lib/gcc/arm-none-eabi/4.8.4/../../../../arm-none-eabi/lib/armv7e-m/fpu\libg_s.a(lib_a-impure.o)
                0x0000dd44                _global_impure_ptr
 .rodata._ctype_
                0x0000dd48      0x101 c:/freescale/kds_v3/toolchain/bin/../lib/gcc/arm-none-eabi/4.8.4/../../../../arm-none-eabi/lib/armv7e-m/fpu\libg_s.a(lib_a-ctype_.o)
                0x0000dd48                _ctype_
 *(.glue_7)
 .glue_7        0x00000000        0x0 linker stubs
 *(.glue_7t)
 .glue_7t       0x00000000        0x0 linker stubs
 *(.eh_frame)
 *fill*         0x0000de49        0x3 
 .eh_frame      0x0000de4c        0x0 c:/freescale/kds_v3/toolchain/bin/../lib/gcc/arm-none-eabi/4.8.4/armv7e-m/fpu/crtbegin.o
 *(.init)
 .init          0x0000de4c        0x4 c:/freescale/kds_v3/toolchain/bin/../lib/gcc/arm-none-eabi/4.8.4/armv7e-m/fpu/crti.o
                0x0000de4c                _init
 .init          0x0000de50        0x8 c:/freescale/kds_v3/toolchain/bin/../lib/gcc/arm-none-eabi/4.8.4/armv7e-m/fpu/crtn.o
 *(.fini)
 .fini          0x0000de58        0x4 c:/freescale/kds_v3/toolchain/bin/../lib/gcc/arm-none-eabi/4.8.4/armv7e-m/fpu/crti.o
                0x0000de58                _fini
 .fini          0x0000de5c        0x8 c:/freescale/kds_v3/toolchain/bin/../lib/gcc/arm-none-eabi/4.8.4/armv7e-m/fpu/crtn.o
                0x0000de64                . = ALIGN (0x4)
                0x0000de64                _etext = .

.vfp11_veneer   0x0000de64        0x0
 .vfp11_veneer  0x00000000        0x0 linker stubs

.v4_bx          0x0000de64        0x0
 .v4_bx         0x00000000        0x0 linker stubs

.iplt           0x0000de64        0x0
 .iplt          0x00000000        0x0 c:/freescale/kds_v3/toolchain/bin/../lib/gcc/arm-none-eabi/4.8.4/armv7e-m/fpu/crtbegin.o

.ARM.extab
 *(.ARM.extab* .gnu.linkonce.armextab.*)

.ARM            0x0000de64        0x8
                0x0000de64                __exidx_start = .
 *(.ARM.exidx*)
 .ARM.exidx     0x0000de64        0x8 c:/freescale/kds_v3/toolchain/bin/../lib/gcc/arm-none-eabi/4.8.4/../../../../arm-none-eabi/lib/armv7e-m/fpu/crt0.o
                0x0000de6c                __exidx_end = .

.rel.dyn        0x0000de6c        0x0
 .rel.iplt      0x00000000        0x0 c:/freescale/kds_v3/toolchain/bin/../lib/gcc/arm-none-eabi/4.8.4/armv7e-m/fpu/crtbegin.o

.ctors          0x0000de6c        0x0
                0x0000de6c                __CTOR_LIST__ = .
 *crtbegin.o(.ctors)
 *(EXCLUDE_FILE(*crtend.o) .ctors)
 *(SORT(.ctors.*))
 *(.ctors)
                0x0000de6c                __CTOR_END__ = .

.dtors          0x0000de6c        0x0
                0x0000de6c                __DTOR_LIST__ = .
 *crtbegin.o(.dtors)
 *(EXCLUDE_FILE(*crtend.o) .dtors)
 *(SORT(.dtors.*))
 *(.dtors)
                0x0000de6c                __DTOR_END__ = .

.preinit_array  0x0000de6c        0x0
                0x0000de6c                PROVIDE (__preinit_array_start, .)
 *(.preinit_array*)
                0x0000de6c                PROVIDE (__preinit_array_end, .)

.init_array     0x0000de6c        0x4
                0x0000de6c                PROVIDE (__init_array_start, .)
 *(SORT(.init_array.*))
 *(.init_array*)
 .init_array    0x0000de6c        0x4 c:/freescale/kds_v3/toolchain/bin/../lib/gcc/arm-none-eabi/4.8.4/armv7e-m/fpu/crtbegin.o
                0x0000de70                PROVIDE (__init_array_end, .)

.fini_array     0x0000de70        0x4
                0x0000de70                PROVIDE (__fini_array_start, .)
 *(SORT(.fini_array.*))
 *(.fini_array*)
 .fini_array    0x0000de70        0x4 c:/freescale/kds_v3/toolchain/bin/../lib/gcc/arm-none-eabi/4.8.4/armv7e-m/fpu/crtbegin.o
                0x0000de74                PROVIDE (__fini_array_end, .)
                0x0000de74                ___ROM_AT = .

.data           0x20000000       0xf0 load address 0x0000de74
                0x20000000                . = ALIGN (0x4)
                0x20000000                _sdata = .
 *(.data)
 *(.data*)
 .data.exploFinishFlag
                0x20000000        0x1 ./Sources/Application.o
 .data.actMainState
                0x20000001        0x1 ./Sources/FSM.o
 *fill*         0x20000002        0x2 
 .data.CLS_BLE_currStdIO
                0x20000004        0x4 ./Generated_Code/CLS_BLE.o
 .data.q.7955   0x20000008        0xc C:\Users\Theo\Documents\Fachhochschule\Sem_9\BAT\3_Software\lib\Debug\libMcCar_lib.a(Driving.o)
 .data.q_r.7956
                0x20000014        0xc C:\Users\Theo\Documents\Fachhochschule\Sem_9\BAT\3_Software\lib\Debug\libMcCar_lib.a(Driving.o)
 .data.SegmentFinished.7963
                0x20000020        0x1 C:\Users\Theo\Documents\Fachhochschule\Sem_9\BAT\3_Software\lib\Debug\libMcCar_lib.a(Driving.o)
 .data.SegmentType.7964
                0x20000021        0x1 C:\Users\Theo\Documents\Fachhochschule\Sem_9\BAT\3_Software\lib\Debug\libMcCar_lib.a(Driving.o)
 *fill*         0x20000022        0x2 
 .data.ds_before_curve.7972
                0x20000024        0x4 C:\Users\Theo\Documents\Fachhochschule\Sem_9\BAT\3_Software\lib\Debug\libMcCar_lib.a(Driving.o)
 .data.v_next.7990
                0x20000028        0x4 C:\Users\Theo\Documents\Fachhochschule\Sem_9\BAT\3_Software\lib\Debug\libMcCar_lib.a(Driving.o)
 .data.distancePointer.7994
                0x2000002c        0x4 C:\Users\Theo\Documents\Fachhochschule\Sem_9\BAT\3_Software\lib\Debug\libMcCar_lib.a(Driving.o)
 .data.S        0x20000030       0x18 C:\Users\Theo\Documents\Fachhochschule\Sem_9\BAT\3_Software\lib\Debug\libMcCar_lib.a(TrackingControl.o)
                0x20000030                S
 .data.S_r      0x20000048       0x18 C:\Users\Theo\Documents\Fachhochschule\Sem_9\BAT\3_Software\lib\Debug\libMcCar_lib.a(TrackingControl.o)
                0x20000048                S_r
 .data.T_e      0x20000060       0x24 C:\Users\Theo\Documents\Fachhochschule\Sem_9\BAT\3_Software\lib\Debug\libMcCar_lib.a(TrackingControl.o)
                0x20000060                T_e
 .data.__fdlib_version
                0x20000084        0x1 c:/freescale/kds_v3/toolchain/bin/../lib/gcc/arm-none-eabi/4.8.4/../../../../arm-none-eabi/lib/armv7e-m/fpu\libm.a(lib_a-s_lib_ver.o)
                0x20000084                __fdlib_version
 *fill*         0x20000085        0x3 
 .data.impure_data
                0x20000088       0x60 c:/freescale/kds_v3/toolchain/bin/../lib/gcc/arm-none-eabi/4.8.4/../../../../arm-none-eabi/lib/armv7e-m/fpu\libg_s.a(lib_a-impure.o)
 .data._impure_ptr
                0x200000e8        0x4 c:/freescale/kds_v3/toolchain/bin/../lib/gcc/arm-none-eabi/4.8.4/../../../../arm-none-eabi/lib/armv7e-m/fpu\libg_s.a(lib_a-impure.o)
                0x200000e8                _impure_ptr
 .data.__ctype_ptr__
                0x200000ec        0x4 c:/freescale/kds_v3/toolchain/bin/../lib/gcc/arm-none-eabi/4.8.4/../../../../arm-none-eabi/lib/armv7e-m/fpu\libg_s.a(lib_a-ctype_.o)
                0x200000ec                __ctype_ptr__
                0x200000f0                . = ALIGN (0x4)
                0x200000f0                _edata = .
                0x000000f0                ___data_size = (_edata - _sdata)
                0x0000df64                ___m_data_1FFF0000_ROMStart = (___ROM_AT + SIZEOF (.data))

.jcr            0x200000f0        0x0 load address 0x0000df64
 .jcr           0x200000f0        0x0 c:/freescale/kds_v3/toolchain/bin/../lib/gcc/arm-none-eabi/4.8.4/armv7e-m/fpu/crtbegin.o

.igot.plt       0x200000f0        0x0 load address 0x0000df64
 .igot.plt      0x00000000        0x0 c:/freescale/kds_v3/toolchain/bin/../lib/gcc/arm-none-eabi/4.8.4/armv7e-m/fpu/crtbegin.o

.m_data_1FFF0000
                0x1fff0000        0x0 load address 0x0000df64
                0x1fff0000                . = ALIGN (0x4)
                0x1fff0000                ___m_data_1FFF0000_RAMStart = .
 *(.m_data_1FFF0000)
                0x1fff0000                ___m_data_1FFF0000_RAMEnd = .
                0x1fff0000                . = ALIGN (0x4)
                0x00000000                ___m_data_1FFF0000_ROMSize = (___m_data_1FFF0000_RAMEnd - ___m_data_1FFF0000_RAMStart)
                0x1fff0000                . = ALIGN (0x4)

.bss            0x200000f0    0x23588 load address 0x0000df68
                0x200000f0                __START_BSS = .
                0x200000f0                PROVIDE (__bss_start__, __START_BSS)
 *(.bss)
 .bss           0x200000f0       0x1c c:/freescale/kds_v3/toolchain/bin/../lib/gcc/arm-none-eabi/4.8.4/armv7e-m/fpu/crtbegin.o
 *(.bss*)
 .bss.SR_lock   0x2000010c        0x1 ./Static_Code/System/CPU_Init.o
                0x2000010c                SR_lock
 *fill*         0x2000010d        0x3 
 .bss.left_raw.6837
                0x20000110        0x4 ./Sources/ADC.o
 .bss.right_raw.6838
                0x20000114        0x4 ./Sources/ADC.o
 .bss.middleL_raw.6839
                0x20000118        0x4 ./Sources/ADC.o
 .bss.middleR_raw.6840
                0x2000011c        0x4 ./Sources/ADC.o
 .bss.ms_Flag   0x20000120        0x1 ./Sources/Application.o
 *fill*         0x20000121        0x3 
 .bss.EVNT_Events
                0x20000124        0x4 ./Sources/Event.o
 .bss.msgFinishFlag
                0x20000128        0x1 ./Sources/Exploring_Com.o
                0x20000128                msgFinishFlag
 .bss.EnUser    0x20000129        0x1 ./Generated_Code/ADC_0.o
 .bss.ModeFlg   0x2000012a        0x1 ./Generated_Code/ADC_0.o
 *fill*         0x2000012b        0x1 
 .bss.SampleGroup
                0x2000012c        0x8 ./Generated_Code/ADC_0.o
 .bss.OutFlg    0x20000134        0x1 ./Generated_Code/ADC_0.o
 .bss.ModeFlg   0x20000135        0x1 ./Generated_Code/ADC_1.o
 *fill*         0x20000136        0x2 
 .bss.SampleGroup
                0x20000138        0x8 ./Generated_Code/ADC_1.o
 .bss.OutFlg    0x20000140        0x1 ./Generated_Code/ADC_1.o
 *fill*         0x20000141        0x1 
 .bss.SerFlag   0x20000142        0x2 ./Generated_Code/AS_BLE.o
 .bss.AS_BLE_InpLen
                0x20000144        0x2 ./Generated_Code/AS_BLE.o
 .bss.InpIndexR
                0x20000146        0x2 ./Generated_Code/AS_BLE.o
 .bss.InpIndexW
                0x20000148        0x2 ./Generated_Code/AS_BLE.o
 *fill*         0x2000014a        0x2 
 .bss.InpBuffer
                0x2000014c       0xb4 ./Generated_Code/AS_BLE.o
 .bss.BufferRead
                0x20000200        0x1 ./Generated_Code/AS_BLE.o
 *fill*         0x20000201        0x1 
 .bss.AS_BLE_OutLen
                0x20000202        0x2 ./Generated_Code/AS_BLE.o
 .bss.OutIndexR
                0x20000204        0x2 ./Generated_Code/AS_BLE.o
 .bss.OutIndexW
                0x20000206        0x2 ./Generated_Code/AS_BLE.o
 .bss.OutBuffer
                0x20000208       0xb4 ./Generated_Code/AS_BLE.o
 .bss.SerFlag   0x200002bc        0x2 ./Generated_Code/AS_PRG.o
 .bss.AS_PRG_InpLen
                0x200002be        0x2 ./Generated_Code/AS_PRG.o
 .bss.InpIndexR
                0x200002c0        0x2 ./Generated_Code/AS_PRG.o
 .bss.InpIndexW
                0x200002c2        0x2 ./Generated_Code/AS_PRG.o
 .bss.InpBuffer
                0x200002c4       0x40 ./Generated_Code/AS_PRG.o
 .bss.BufferRead
                0x20000304        0x1 ./Generated_Code/AS_PRG.o
 *fill*         0x20000305        0x1 
 .bss.AS_PRG_OutLen
                0x20000306        0x2 ./Generated_Code/AS_PRG.o
 .bss.OutIndexR
                0x20000308        0x2 ./Generated_Code/AS_PRG.o
 .bss.OutIndexW
                0x2000030a        0x2 ./Generated_Code/AS_PRG.o
 .bss.OutBuffer
                0x2000030c       0x40 ./Generated_Code/AS_PRG.o
 .bss.DeviceDataPrv__DEFAULT_RTOS_ALLOC
                0x2000034c       0x20 ./Generated_Code/ASerialLdd1.o
 .bss.INT_UART3_RX_TX__DEFAULT_RTOS_ISRPARAM
                0x2000036c        0x4 ./Generated_Code/ASerialLdd1.o
 .bss.INT_UART3_ERR__DEFAULT_RTOS_ISRPARAM
                0x20000370        0x4 ./Generated_Code/ASerialLdd1.o
 .bss.DeviceDataPrv__DEFAULT_RTOS_ALLOC
                0x20000374       0x20 ./Generated_Code/ASerialLdd2.o
 .bss.INT_UART0_RX_TX__DEFAULT_RTOS_ISRPARAM
                0x20000394        0x4 ./Generated_Code/ASerialLdd2.o
 .bss.INT_UART0_ERR__DEFAULT_RTOS_ISRPARAM
                0x20000398        0x4 ./Generated_Code/ASerialLdd2.o
 .bss.DeviceDataPrv__DEFAULT_RTOS_ALLOC
                0x2000039c        0x8 ./Generated_Code/AdcLdd2.o
 .bss.DeviceDataPrv__DEFAULT_RTOS_ALLOC
                0x200003a4        0x8 ./Generated_Code/AdcLdd3.o
 .bss.DeviceDataPrv__DEFAULT_RTOS_ALLOC
                0x200003ac        0x4 ./Generated_Code/BitIoLdd1.o
 .bss.DeviceDataPrv__DEFAULT_RTOS_ALLOC
                0x200003b0        0x4 ./Generated_Code/BitIoLdd10.o
 .bss.DeviceDataPrv__DEFAULT_RTOS_ALLOC
                0x200003b4        0x4 ./Generated_Code/BitIoLdd14.o
 .bss.DeviceDataPrv__DEFAULT_RTOS_ALLOC
                0x200003b8        0x4 ./Generated_Code/BitIoLdd15.o
 .bss.DeviceDataPrv__DEFAULT_RTOS_ALLOC
                0x200003bc        0x4 ./Generated_Code/BitIoLdd16.o
 .bss.DeviceDataPrv__DEFAULT_RTOS_ALLOC
                0x200003c0        0x4 ./Generated_Code/BitIoLdd17.o
 .bss.DeviceDataPrv__DEFAULT_RTOS_ALLOC
                0x200003c4        0x4 ./Generated_Code/BitIoLdd18.o
 .bss.DeviceDataPrv__DEFAULT_RTOS_ALLOC
                0x200003c8        0x4 ./Generated_Code/BitIoLdd19.o
 .bss.DeviceDataPrv__DEFAULT_RTOS_ALLOC
                0x200003cc        0x4 ./Generated_Code/BitIoLdd2.o
 .bss.DeviceDataPrv__DEFAULT_RTOS_ALLOC
                0x200003d0        0x4 ./Generated_Code/BitIoLdd20.o
 .bss.DeviceDataPrv__DEFAULT_RTOS_ALLOC
                0x200003d4        0x4 ./Generated_Code/BitIoLdd21.o
 .bss.DeviceDataPrv__DEFAULT_RTOS_ALLOC
                0x200003d8        0x4 ./Generated_Code/BitIoLdd22.o
 .bss.DeviceDataPrv__DEFAULT_RTOS_ALLOC
                0x200003dc        0x4 ./Generated_Code/BitIoLdd23.o
 .bss.DeviceDataPrv__DEFAULT_RTOS_ALLOC
                0x200003e0        0x4 ./Generated_Code/BitIoLdd24.o
 .bss.DeviceDataPrv__DEFAULT_RTOS_ALLOC
                0x200003e4        0x4 ./Generated_Code/BitIoLdd25.o
 .bss.DeviceDataPrv__DEFAULT_RTOS_ALLOC
                0x200003e8        0x4 ./Generated_Code/BitIoLdd26.o
 .bss.DeviceDataPrv__DEFAULT_RTOS_ALLOC
                0x200003ec        0x4 ./Generated_Code/BitIoLdd27.o
 .bss.DeviceDataPrv__DEFAULT_RTOS_ALLOC
                0x200003f0        0x4 ./Generated_Code/BitIoLdd28.o
 .bss.DeviceDataPrv__DEFAULT_RTOS_ALLOC
                0x200003f4        0x4 ./Generated_Code/BitIoLdd29.o
 .bss.DeviceDataPrv__DEFAULT_RTOS_ALLOC
                0x200003f8        0x4 ./Generated_Code/BitIoLdd3.o
 .bss.DeviceDataPrv__DEFAULT_RTOS_ALLOC
                0x200003fc        0x4 ./Generated_Code/BitIoLdd30.o
 .bss.DeviceDataPrv__DEFAULT_RTOS_ALLOC
                0x20000400        0x4 ./Generated_Code/BitIoLdd31.o
 .bss.DeviceDataPrv__DEFAULT_RTOS_ALLOC
                0x20000404        0x4 ./Generated_Code/BitIoLdd32.o
 .bss.DeviceDataPrv__DEFAULT_RTOS_ALLOC
                0x20000408        0x4 ./Generated_Code/BitIoLdd33.o
 .bss.DeviceDataPrv__DEFAULT_RTOS_ALLOC
                0x2000040c        0x4 ./Generated_Code/BitIoLdd34.o
 .bss.DeviceDataPrv__DEFAULT_RTOS_ALLOC
                0x20000410        0x4 ./Generated_Code/BitIoLdd35.o
 .bss.DeviceDataPrv__DEFAULT_RTOS_ALLOC
                0x20000414        0x4 ./Generated_Code/BitIoLdd36.o
 .bss.DeviceDataPrv__DEFAULT_RTOS_ALLOC
                0x20000418        0x4 ./Generated_Code/BitIoLdd37.o
 .bss.DeviceDataPrv__DEFAULT_RTOS_ALLOC
                0x2000041c        0x4 ./Generated_Code/BitIoLdd38.o
 .bss.DeviceDataPrv__DEFAULT_RTOS_ALLOC
                0x20000420        0x4 ./Generated_Code/BitIoLdd39.o
 .bss.DeviceDataPrv__DEFAULT_RTOS_ALLOC
                0x20000424        0x4 ./Generated_Code/BitIoLdd4.o
 .bss.DeviceDataPrv__DEFAULT_RTOS_ALLOC
                0x20000428        0x4 ./Generated_Code/BitIoLdd40.o
 .bss.DeviceDataPrv__DEFAULT_RTOS_ALLOC
                0x2000042c        0x4 ./Generated_Code/BitIoLdd41.o
 .bss.DeviceDataPrv__DEFAULT_RTOS_ALLOC
                0x20000430        0x4 ./Generated_Code/BitIoLdd5.o
 .bss.DeviceDataPrv__DEFAULT_RTOS_ALLOC
                0x20000434        0x4 ./Generated_Code/BitIoLdd6.o
 .bss.DeviceDataPrv__DEFAULT_RTOS_ALLOC
                0x20000438        0x4 ./Generated_Code/BitIoLdd7.o
 .bss.DeviceDataPrv__DEFAULT_RTOS_ALLOC
                0x2000043c        0x4 ./Generated_Code/BitIoLdd8.o
 .bss.DeviceDataPrv__DEFAULT_RTOS_ALLOC
                0x20000440       0x18 ./Generated_Code/CI2C1.o
 .bss.INT_I2C0__DEFAULT_RTOS_ISRPARAM
                0x20000458        0x4 ./Generated_Code/CI2C1.o
 .bss.DeviceDataPtr__DEFAULT_RTOS_ALLOC
                0x2000045c        0x8 ./Generated_Code/DacLdd1.o
 .bss.DeviceDataPtr__DEFAULT_RTOS_ALLOC
                0x20000464        0x8 ./Generated_Code/DacLdd2.o
 .bss.DeviceDataPrv__DEFAULT_RTOS_ALLOC
                0x2000046c        0xc ./Generated_Code/FreeCntrLdd1.o
 .bss.GI2C1_deviceData
                0x20000478        0x8 ./Generated_Code/GI2C1.o
 .bss.PE_LDD_DeviceDataList
                0x20000480       0xc4 ./Generated_Code/PE_LDD.o
                0x20000480                PE_LDD_DeviceDataList
 .bss.SerFlag   0x20000544        0x1 ./Generated_Code/SM1.o
 .bss.ErrFlag   0x20000545        0x1 ./Generated_Code/SM1.o
 .bss.SM1_InpLen
                0x20000546        0x2 ./Generated_Code/SM1.o
 .bss.InpIndexR
                0x20000548        0x1 ./Generated_Code/SM1.o
 .bss.InpIndexW
                0x20000549        0x1 ./Generated_Code/SM1.o
 *fill*         0x2000054a        0x2 
 .bss.InpBuffer
                0x2000054c       0x10 ./Generated_Code/SM1.o
 .bss.BufferRead
                0x2000055c        0x2 ./Generated_Code/SM1.o
 .bss.SM1_OutLen
                0x2000055e        0x2 ./Generated_Code/SM1.o
 .bss.OutIndexR
                0x20000560        0x1 ./Generated_Code/SM1.o
 .bss.OutIndexW
                0x20000561        0x1 ./Generated_Code/SM1.o
 *fill*         0x20000562        0x2 
 .bss.OutBuffer
                0x20000564       0x10 ./Generated_Code/SM1.o
 .bss.OnFreeTxBufSemaphore
                0x20000574        0x1 ./Generated_Code/SM1.o
 *fill*         0x20000575        0x3 
 .bss.DeviceDataPrv__DEFAULT_RTOS_ALLOC
                0x20000578       0x20 ./Generated_Code/SMasterLdd1.o
 .bss.INT_SPI0__DEFAULT_RTOS_ISRPARAM
                0x20000598        0x4 ./Generated_Code/SMasterLdd1.o
 .bss.DeviceDataPrv__DEFAULT_RTOS_ALLOC
                0x2000059c        0xc ./Generated_Code/TU3.o
 .bss.INT_FTM0__DEFAULT_RTOS_ISRPARAM
                0x200005a8        0x4 ./Generated_Code/TU3.o
 .bss.DeviceDataPrv__DEFAULT_RTOS_ALLOC
                0x200005ac        0x8 ./Generated_Code/TU5.o
 .bss.DeviceDataPrv__DEFAULT_RTOS_ALLOC
                0x200005b4       0x14 ./Generated_Code/TimerIntLdd1.o
 .bss.saveDataCnt
                0x200005c8        0x4 C:\Users\Theo\Documents\Fachhochschule\Sem_9\BAT\3_Software\lib\Debug\libMcCar_lib.a(Driving.o)
                0x200005c8                saveDataCnt
 .bss.exploDriveFlag_to_reinit_Drving
                0x200005cc        0x1 C:\Users\Theo\Documents\Fachhochschule\Sem_9\BAT\3_Software\lib\Debug\libMcCar_lib.a(Driving.o)
 *fill*         0x200005cd        0x3 
 .bss.vc_dot.7957
                0x200005d0        0x8 C:\Users\Theo\Documents\Fachhochschule\Sem_9\BAT\3_Software\lib\Debug\libMcCar_lib.a(Driving.o)
 .bss.q_r_1.7958
                0x200005d8        0x4 C:\Users\Theo\Documents\Fachhochschule\Sem_9\BAT\3_Software\lib\Debug\libMcCar_lib.a(Driving.o)
 .bss.TargetPointsCalculated.7959
                0x200005dc        0x1 C:\Users\Theo\Documents\Fachhochschule\Sem_9\BAT\3_Software\lib\Debug\libMcCar_lib.a(Driving.o)
 *fill*         0x200005dd        0x3 
 .bss.SegmentTargets.7960
                0x200005e0      0x1ec C:\Users\Theo\Documents\Fachhochschule\Sem_9\BAT\3_Software\lib\Debug\libMcCar_lib.a(Driving.o)
 .bss.SegmentTargetsNull.7961
                0x200007cc      0x1ec C:\Users\Theo\Documents\Fachhochschule\Sem_9\BAT\3_Software\lib\Debug\libMcCar_lib.a(Driving.o)
 .bss.theta_target.7962
                0x200009b8        0x4 C:\Users\Theo\Documents\Fachhochschule\Sem_9\BAT\3_Software\lib\Debug\libMcCar_lib.a(Driving.o)
 .bss.NewStraightSegment.7965
                0x200009bc        0x1 C:\Users\Theo\Documents\Fachhochschule\Sem_9\BAT\3_Software\lib\Debug\libMcCar_lib.a(Driving.o)
 .bss.watchingWall.7966
                0x200009bd        0x1 C:\Users\Theo\Documents\Fachhochschule\Sem_9\BAT\3_Software\lib\Debug\libMcCar_lib.a(Driving.o)
 .bss.SegmentNumber.7967
                0x200009be        0x1 C:\Users\Theo\Documents\Fachhochschule\Sem_9\BAT\3_Software\lib\Debug\libMcCar_lib.a(Driving.o)
 *fill*         0x200009bf        0x1 
 .bss.path.7968
                0x200009c0        0x4 C:\Users\Theo\Documents\Fachhochschule\Sem_9\BAT\3_Software\lib\Debug\libMcCar_lib.a(Driving.o)
 .bss.path_next.7969
                0x200009c4        0x4 C:\Users\Theo\Documents\Fachhochschule\Sem_9\BAT\3_Software\lib\Debug\libMcCar_lib.a(Driving.o)
 .bss.path_prev.7970
                0x200009c8        0x4 C:\Users\Theo\Documents\Fachhochschule\Sem_9\BAT\3_Software\lib\Debug\libMcCar_lib.a(Driving.o)
 .bss.ds.7971   0x200009cc        0x4 C:\Users\Theo\Documents\Fachhochschule\Sem_9\BAT\3_Software\lib\Debug\libMcCar_lib.a(Driving.o)
 .bss.ds_driven.7973
                0x200009d0        0x4 C:\Users\Theo\Documents\Fachhochschule\Sem_9\BAT\3_Software\lib\Debug\libMcCar_lib.a(Driving.o)
 .bss.Nr_of_field_in_segment.7974
                0x200009d4        0x1 C:\Users\Theo\Documents\Fachhochschule\Sem_9\BAT\3_Software\lib\Debug\libMcCar_lib.a(Driving.o)
 *fill*         0x200009d5        0x3 
 .bss.wall_availability_calculated.7975
                0x200009d8        0x4 C:\Users\Theo\Documents\Fachhochschule\Sem_9\BAT\3_Software\lib\Debug\libMcCar_lib.a(Driving.o)
 .bss.wall_availability_calculatedNull.7976
                0x200009dc        0x4 C:\Users\Theo\Documents\Fachhochschule\Sem_9\BAT\3_Software\lib\Debug\libMcCar_lib.a(Driving.o)
 .bss.wall_availability_fusion.7977
                0x200009e0        0x4 C:\Users\Theo\Documents\Fachhochschule\Sem_9\BAT\3_Software\lib\Debug\libMcCar_lib.a(Driving.o)
 .bss.wall_availability_fusionNull.7978
                0x200009e4        0x4 C:\Users\Theo\Documents\Fachhochschule\Sem_9\BAT\3_Software\lib\Debug\libMcCar_lib.a(Driving.o)
 .bss.t1.7979   0x200009e8        0x4 C:\Users\Theo\Documents\Fachhochschule\Sem_9\BAT\3_Software\lib\Debug\libMcCar_lib.a(Driving.o)
 .bss.t2.7980   0x200009ec        0x4 C:\Users\Theo\Documents\Fachhochschule\Sem_9\BAT\3_Software\lib\Debug\libMcCar_lib.a(Driving.o)
 .bss.t3.7981   0x200009f0        0x4 C:\Users\Theo\Documents\Fachhochschule\Sem_9\BAT\3_Software\lib\Debug\libMcCar_lib.a(Driving.o)
 .bss.timeWhenWatchingEndOfWall.7982
                0x200009f4        0x4 C:\Users\Theo\Documents\Fachhochschule\Sem_9\BAT\3_Software\lib\Debug\libMcCar_lib.a(Driving.o)
 .bss.v_ref.7983
                0x200009f8        0x8 C:\Users\Theo\Documents\Fachhochschule\Sem_9\BAT\3_Software\lib\Debug\libMcCar_lib.a(Driving.o)
 .bss.v_prev.7984
                0x20000a00        0x4 C:\Users\Theo\Documents\Fachhochschule\Sem_9\BAT\3_Software\lib\Debug\libMcCar_lib.a(Driving.o)
 .bss.v_est.7985
                0x20000a04        0x8 C:\Users\Theo\Documents\Fachhochschule\Sem_9\BAT\3_Software\lib\Debug\libMcCar_lib.a(Driving.o)
 .bss.n_rpm.7986
                0x20000a0c        0x8 C:\Users\Theo\Documents\Fachhochschule\Sem_9\BAT\3_Software\lib\Debug\libMcCar_lib.a(Driving.o)
 .bss.M.7987    0x20000a14        0x8 C:\Users\Theo\Documents\Fachhochschule\Sem_9\BAT\3_Software\lib\Debug\libMcCar_lib.a(Driving.o)
 .bss.U_mot.7988
                0x20000a1c        0x8 C:\Users\Theo\Documents\Fachhochschule\Sem_9\BAT\3_Software\lib\Debug\libMcCar_lib.a(Driving.o)
 .bss.I_mot.7989
                0x20000a24        0x8 C:\Users\Theo\Documents\Fachhochschule\Sem_9\BAT\3_Software\lib\Debug\libMcCar_lib.a(Driving.o)
 .bss.SegmentTime.7991
                0x20000a2c        0x4 C:\Users\Theo\Documents\Fachhochschule\Sem_9\BAT\3_Software\lib\Debug\libMcCar_lib.a(Driving.o)
 .bss.distance.7992
                0x20000a30        0xc C:\Users\Theo\Documents\Fachhochschule\Sem_9\BAT\3_Software\lib\Debug\libMcCar_lib.a(Driving.o)
 .bss.distanceNull.7993
                0x20000a3c        0xc C:\Users\Theo\Documents\Fachhochschule\Sem_9\BAT\3_Software\lib\Debug\libMcCar_lib.a(Driving.o)
 .bss.distanceLP.7995
                0x20000a48       0x10 C:\Users\Theo\Documents\Fachhochschule\Sem_9\BAT\3_Software\lib\Debug\libMcCar_lib.a(Driving.o)
 .bss.distanceLPNull.7996
                0x20000a58       0x10 C:\Users\Theo\Documents\Fachhochschule\Sem_9\BAT\3_Software\lib\Debug\libMcCar_lib.a(Driving.o)
 .bss.d_right_history.7997
                0x20000a68        0x8 C:\Users\Theo\Documents\Fachhochschule\Sem_9\BAT\3_Software\lib\Debug\libMcCar_lib.a(Driving.o)
 .bss.d_left_history.7998
                0x20000a70        0x8 C:\Users\Theo\Documents\Fachhochschule\Sem_9\BAT\3_Software\lib\Debug\libMcCar_lib.a(Driving.o)
 .bss.d_hp_filtered.7999
                0x20000a78        0x4 C:\Users\Theo\Documents\Fachhochschule\Sem_9\BAT\3_Software\lib\Debug\libMcCar_lib.a(Driving.o)
 .bss.distance_HP.8000
                0x20000a7c       0x10 C:\Users\Theo\Documents\Fachhochschule\Sem_9\BAT\3_Software\lib\Debug\libMcCar_lib.a(Driving.o)
 .bss.distance_HPNull.8001
                0x20000a8c       0x10 C:\Users\Theo\Documents\Fachhochschule\Sem_9\BAT\3_Software\lib\Debug\libMcCar_lib.a(Driving.o)
 .bss.wall_availability_distance_sensors.8002
                0x20000a9c        0x4 C:\Users\Theo\Documents\Fachhochschule\Sem_9\BAT\3_Software\lib\Debug\libMcCar_lib.a(Driving.o)
 .bss.wall_availability_distance_sensorsNull.8003
                0x20000aa0        0x4 C:\Users\Theo\Documents\Fachhochschule\Sem_9\BAT\3_Software\lib\Debug\libMcCar_lib.a(Driving.o)
 .bss.distanceBandpass.8004
                0x20000aa4       0x10 C:\Users\Theo\Documents\Fachhochschule\Sem_9\BAT\3_Software\lib\Debug\libMcCar_lib.a(Driving.o)
 .bss.distanceBandpassNull.8005
                0x20000ab4       0x10 C:\Users\Theo\Documents\Fachhochschule\Sem_9\BAT\3_Software\lib\Debug\libMcCar_lib.a(Driving.o)
 .bss.wallStateDistanceSensors.8006
                0x20000ac4        0x4 C:\Users\Theo\Documents\Fachhochschule\Sem_9\BAT\3_Software\lib\Debug\libMcCar_lib.a(Driving.o)
 .bss.wallStateDistanceSensorsNull.8007
                0x20000ac8        0x4 C:\Users\Theo\Documents\Fachhochschule\Sem_9\BAT\3_Software\lib\Debug\libMcCar_lib.a(Driving.o)
 .bss.theta.8008
                0x20000acc        0x4 C:\Users\Theo\Documents\Fachhochschule\Sem_9\BAT\3_Software\lib\Debug\libMcCar_lib.a(Driving.o)
 .bss.wallCenterDivergence.8009
                0x20000ad0        0x4 C:\Users\Theo\Documents\Fachhochschule\Sem_9\BAT\3_Software\lib\Debug\libMcCar_lib.a(Driving.o)
 .bss.weightDistanceSensor.8010
                0x20000ad4        0x4 C:\Users\Theo\Documents\Fachhochschule\Sem_9\BAT\3_Software\lib\Debug\libMcCar_lib.a(Driving.o)
 .bss.x_IMU_dot_test.8011
                0x20000ad8        0x4 C:\Users\Theo\Documents\Fachhochschule\Sem_9\BAT\3_Software\lib\Debug\libMcCar_lib.a(Driving.o)
 .bss.x_enc_test.8012
                0x20000adc        0x4 C:\Users\Theo\Documents\Fachhochschule\Sem_9\BAT\3_Software\lib\Debug\libMcCar_lib.a(Driving.o)
 .bss.u_bat.8013
                0x20000ae0        0x4 C:\Users\Theo\Documents\Fachhochschule\Sem_9\BAT\3_Software\lib\Debug\libMcCar_lib.a(Driving.o)
 .bss.gyroXY.8014
                0x20000ae4        0x8 C:\Users\Theo\Documents\Fachhochschule\Sem_9\BAT\3_Software\lib\Debug\libMcCar_lib.a(Driving.o)
 .bss.vc_logging.8015
                0x20000aec        0x8 C:\Users\Theo\Documents\Fachhochschule\Sem_9\BAT\3_Software\lib\Debug\libMcCar_lib.a(Driving.o)
 .bss.I_mot_ist.8016
                0x20000af4        0x8 C:\Users\Theo\Documents\Fachhochschule\Sem_9\BAT\3_Software\lib\Debug\libMcCar_lib.a(Driving.o)
 .bss.q_r_dot   0x20000afc        0xc C:\Users\Theo\Documents\Fachhochschule\Sem_9\BAT\3_Software\lib\Debug\libMcCar_lib.a(TrackingControl.o)
                0x20000afc                q_r_dot
 .bss.e_p       0x20000b08        0xc C:\Users\Theo\Documents\Fachhochschule\Sem_9\BAT\3_Software\lib\Debug\libMcCar_lib.a(TrackingControl.o)
                0x20000b08                e_p
 .bss.vc        0x20000b14        0x8 C:\Users\Theo\Documents\Fachhochschule\Sem_9\BAT\3_Software\lib\Debug\libMcCar_lib.a(TrackingControl.o)
                0x20000b14                vc
 .bss.vc_prev   0x20000b1c        0x8 C:\Users\Theo\Documents\Fachhochschule\Sem_9\BAT\3_Software\lib\Debug\libMcCar_lib.a(TrackingControl.o)
                0x20000b1c                vc_prev
 .bss.u         0x20000b24        0x8 C:\Users\Theo\Documents\Fachhochschule\Sem_9\BAT\3_Software\lib\Debug\libMcCar_lib.a(TrackingControl.o)