Archive member included because of file (symbol)

C:\Users\Theo\Documents\Fachhochschule\Sem_9\BAT\3_Software\lib\Debug\libMcCar_lib.a(Driving.o)
                              ./Sources/Application.o (Driving)
C:\Users\Theo\Documents\Fachhochschule\Sem_9\BAT\3_Software\lib\Debug\libMcCar_lib.a(SegmentTargetComputation.o)
                              C:\Users\Theo\Documents\Fachhochschule\Sem_9\BAT\3_Software\lib\Debug\libMcCar_lib.a(Driving.o) (SegmentTargetComputation)
C:\Users\Theo\Documents\Fachhochschule\Sem_9\BAT\3_Software\lib\Debug\libMcCar_lib.a(TrackingControl.o)
                              C:\Users\Theo\Documents\Fachhochschule\Sem_9\BAT\3_Software\lib\Debug\libMcCar_lib.a(Driving.o) (TrackingControl)
C:\Users\Theo\Documents\Fachhochschule\Sem_9\BAT\3_Software\lib\Debug\libMcCar_lib.a(VelocityEstimation.o)
                              C:\Users\Theo\Documents\Fachhochschule\Sem_9\BAT\3_Software\lib\Debug\libMcCar_lib.a(Driving.o) (VelocityEstimation)
C:\Users\Theo\Documents\Fachhochschule\Sem_9\BAT\3_Software\lib\Debug\libMcCar_lib.a(dftrig.o)
                              C:\Users\Theo\Documents\Fachhochschule\Sem_9\BAT\3_Software\lib\Debug\libMcCar_lib.a(TrackingControl.o) (sin_lut)
c:/freescale/kds_v3/toolchain/bin/../lib/gcc/arm-none-eabi/4.8.4/../../../../arm-none-eabi/lib/armv7e-m/fpu\libm.a(lib_a-w_exp.o)
                              ./Sources/ADC.o (exp)
c:/freescale/kds_v3/toolchain/bin/../lib/gcc/arm-none-eabi/4.8.4/../../../../arm-none-eabi/lib/armv7e-m/fpu\libm.a(lib_a-w_sqrt.o)
                              C:\Users\Theo\Documents\Fachhochschule\Sem_9\BAT\3_Software\lib\Debug\libMcCar_lib.a(Driving.o) (sqrt)
c:/freescale/kds_v3/toolchain/bin/../lib/gcc/arm-none-eabi/4.8.4/../../../../arm-none-eabi/lib/armv7e-m/fpu\libm.a(lib_a-wf_sqrt.o)
                              C:\Users\Theo\Documents\Fachhochschule\Sem_9\BAT\3_Software\lib\Debug\libMcCar_lib.a(Driving.o) (sqrtf)
c:/freescale/kds_v3/toolchain/bin/../lib/gcc/arm-none-eabi/4.8.4/../../../../arm-none-eabi/lib/armv7e-m/fpu\libm.a(lib_a-e_exp.o)
                              c:/freescale/kds_v3/toolchain/bin/../lib/gcc/arm-none-eabi/4.8.4/../../../../arm-none-eabi/lib/armv7e-m/fpu\libm.a(lib_a-w_exp.o) (__ieee754_exp)
c:/freescale/kds_v3/toolchain/bin/../lib/gcc/arm-none-eabi/4.8.4/../../../../arm-none-eabi/lib/armv7e-m/fpu\libm.a(lib_a-e_sqrt.o)
                              c:/freescale/kds_v3/toolchain/bin/../lib/gcc/arm-none-eabi/4.8.4/../../../../arm-none-eabi/lib/armv7e-m/fpu\libm.a(lib_a-w_sqrt.o) (__ieee754_sqrt)
c:/freescale/kds_v3/toolchain/bin/../lib/gcc/arm-none-eabi/4.8.4/../../../../arm-none-eabi/lib/armv7e-m/fpu\libm.a(lib_a-ef_sqrt.o)
                              c:/freescale/kds_v3/toolchain/bin/../lib/gcc/arm-none-eabi/4.8.4/../../../../arm-none-eabi/lib/armv7e-m/fpu\libm.a(lib_a-wf_sqrt.o) (__ieee754_sqrtf)
c:/freescale/kds_v3/toolchain/bin/../lib/gcc/arm-none-eabi/4.8.4/../../../../arm-none-eabi/lib/armv7e-m/fpu\libm.a(lib_a-s_finite.o)
                              c:/freescale/kds_v3/toolchain/bin/../lib/gcc/arm-none-eabi/4.8.4/../../../../arm-none-eabi/lib/armv7e-m/fpu\libm.a(lib_a-w_exp.o) (finite)
c:/freescale/kds_v3/toolchain/bin/../lib/gcc/arm-none-eabi/4.8.4/../../../../arm-none-eabi/lib/armv7e-m/fpu\libm.a(lib_a-s_fpclassify.o)
                              c:/freescale/kds_v3/toolchain/bin/../lib/gcc/arm-none-eabi/4.8.4/../../../../arm-none-eabi/lib/armv7e-m/fpu\libm.a(lib_a-w_sqrt.o) (__fpclassifyd)
c:/freescale/kds_v3/toolchain/bin/../lib/gcc/arm-none-eabi/4.8.4/../../../../arm-none-eabi/lib/armv7e-m/fpu\libm.a(lib_a-s_lib_ver.o)
                              c:/freescale/kds_v3/toolchain/bin/../lib/gcc/arm-none-eabi/4.8.4/../../../../arm-none-eabi/lib/armv7e-m/fpu\libm.a(lib_a-w_exp.o) (__fdlib_version)
c:/freescale/kds_v3/toolchain/bin/../lib/gcc/arm-none-eabi/4.8.4/../../../../arm-none-eabi/lib/armv7e-m/fpu\libm.a(lib_a-s_matherr.o)
                              c:/freescale/kds_v3/toolchain/bin/../lib/gcc/arm-none-eabi/4.8.4/../../../../arm-none-eabi/lib/armv7e-m/fpu\libm.a(lib_a-w_exp.o) (matherr)
c:/freescale/kds_v3/toolchain/bin/../lib/gcc/arm-none-eabi/4.8.4/../../../../arm-none-eabi/lib/armv7e-m/fpu\libm.a(lib_a-sf_fpclassify.o)
                              c:/freescale/kds_v3/toolchain/bin/../lib/gcc/arm-none-eabi/4.8.4/../../../../arm-none-eabi/lib/armv7e-m/fpu\libm.a(lib_a-wf_sqrt.o) (__fpclassifyf)
c:/freescale/kds_v3/toolchain/bin/../lib/gcc/arm-none-eabi/4.8.4/armv7e-m/fpu\libgcc.a(_arm_addsubdf3.o)
                              ./Sources/Exploration_Drive.o (__aeabi_dsub)
c:/freescale/kds_v3/toolchain/bin/../lib/gcc/arm-none-eabi/4.8.4/armv7e-m/fpu\libgcc.a(_arm_muldivdf3.o)
                              ./Sources/ADC.o (__aeabi_dmul)
c:/freescale/kds_v3/toolchain/bin/../lib/gcc/arm-none-eabi/4.8.4/armv7e-m/fpu\libgcc.a(_arm_cmpdf2.o)
                              ./Sources/ADC.o (__aeabi_dcmplt)
[...]
Memory Configuration

Name             Origin             Length             Attributes
m_interrupts     0x00000000         0x00000198         xr
m_text           0x00000410         0x000ffbf0         xr
m_data_1FFF0000  0x1fff0000         0x00010000         rw
m_data           0x20000000         0x00030000         rw
m_cfmprotrom     0x00000400         0x00000010         xr
*default*        0x00000000         0xffffffff

Linker script and memory map

LOAD c:/freescale/kds_v3/toolchain/bin/../lib/gcc/arm-none-eabi/4.8.4/armv7e-m/fpu/crti.o
LOAD c:/freescale/kds_v3/toolchain/bin/../lib/gcc/arm-none-eabi/4.8.4/armv7e-m/fpu/crtbegin.o
LOAD c:/freescale/kds_v3/toolchain/bin/../lib/gcc/arm-none-eabi/4.8.4/../../../../arm-none-eabi/lib/armv7e-m/fpu/crt0.o
LOAD ./Static_Code/System/CPU_Init.o
LOAD ./Static_Code/System/Peripherals_Init.o
LOAD ./Static_Code/System/Vectors.o
LOAD ./Sources/ADC.o
LOAD ./Sources/Application.o
LOAD ./Sources/Encoder.o
LOAD ./Sources/Event.o
LOAD ./Sources/Events.o
LOAD ./Sources/Exploration_Drive.o
LOAD ./Sources/Explore.o
LOAD ./Sources/Exploring_Com.o
LOAD ./Sources/FSM.o
LOAD ./Sources/IMU.o
LOAD ./Sources/Logging.o
LOAD ./Sources/Motor.o
LOAD ./Sources/PID.o
LOAD ./Sources/Platform.o
LOAD ./Sources/main.o
LOAD ./Project_Settings/Startup_Code/startup.o
LOAD ./Generated_Code/ADC_0.o
LOAD ./Generated_Code/ADC_1.o
LOAD ./Generated_Code/AS_BLE.o
LOAD ./Generated_Code/AS_PRG.o
LOAD ./Generated_Code/ASerialLdd1.o
LOAD ./Generated_Code/ASerialLdd2.o
LOAD ./Generated_Code/AdcLdd2.o
LOAD ./Generated_Code/AdcLdd3.o
LOAD ./Generated_Code/BAT_LOW.o
LOAD ./Generated_Code/BLE_CONNECTED.o
LOAD ./Generated_Code/BLE_Mode.o
LOAD ./Generated_Code/BLE_RST.o
LOAD ./Generated_Code/BitIoLdd1.o
LOAD ./Generated_Code/BitIoLdd10.o
LOAD ./Generated_Code/BitIoLdd14.o
LOAD ./Generated_Code/BitIoLdd15.o
LOAD ./Generated_Code/BitIoLdd16.o
LOAD ./Generated_Code/BitIoLdd17.o
LOAD ./Generated_Code/BitIoLdd18.o
LOAD ./Generated_Code/BitIoLdd19.o
LOAD ./Generated_Code/BitIoLdd2.o
LOAD ./Generated_Code/BitIoLdd20.o
LOAD ./Generated_Code/BitIoLdd21.o
LOAD ./Generated_Code/BitIoLdd22.o
LOAD ./Generated_Code/BitIoLdd23.o
LOAD ./Generated_Code/BitIoLdd24.o
LOAD ./Generated_Code/BitIoLdd25.o
LOAD ./Generated_Code/BitIoLdd26.o
LOAD ./Generated_Code/BitIoLdd27.o
LOAD ./Generated_Code/BitIoLdd28.o
LOAD ./Generated_Code/BitIoLdd29.o
LOAD ./Generated_Code/BitIoLdd3.o
LOAD ./Generated_Code/BitIoLdd30.o
LOAD ./Generated_Code/BitIoLdd31.o
LOAD ./Generated_Code/BitIoLdd32.o
LOAD ./Generated_Code/BitIoLdd33.o
LOAD ./Generated_Code/BitIoLdd34.o
LOAD ./Generated_Code/BitIoLdd35.o
LOAD ./Generated_Code/BitIoLdd36.o
LOAD ./Generated_Code/BitIoLdd37.o
LOAD ./Generated_Code/BitIoLdd38.o
LOAD ./Generated_Code/BitIoLdd39.o
LOAD ./Generated_Code/BitIoLdd4.o
LOAD ./Generated_Code/BitIoLdd40.o
LOAD ./Generated_Code/BitIoLdd41.o
LOAD ./Generated_Code/BitIoLdd5.o
LOAD ./Generated_Code/BitIoLdd6.o
LOAD ./Generated_Code/BitIoLdd7.o
LOAD ./Generated_Code/BitIoLdd8.o
LOAD ./Generated_Code/CHARGE_STATUS.o
LOAD ./Generated_Code/CI2C1.o
LOAD ./Generated_Code/CLS_BLE.o
LOAD ./Generated_Code/CS1.o
LOAD ./Generated_Code/Cpu.o
LOAD ./Generated_Code/DRV1_EN.o
LOAD ./Generated_Code/DRV1_FAULT.o
LOAD ./Generated_Code/DRV1_PH.o
LOAD ./Generated_Code/DRV1_PMODE.o
LOAD ./Generated_Code/DRV2_EN.o
LOAD ./Generated_Code/DRV2_FAULT.o
LOAD ./Generated_Code/DRV2_PH.o
LOAD ./Generated_Code/DRV2_PMODE.o
LOAD ./Generated_Code/DacLdd1.o
LOAD ./Generated_Code/DacLdd2.o
LOAD ./Generated_Code/Distance_INT.o
LOAD ./Generated_Code/FC1.o
LOAD ./Generated_Code/FreeCntrLdd1.o
LOAD ./Generated_Code/GI2C1.o
LOAD ./Generated_Code/IMU_INT.o
LOAD ./Generated_Code/I_LED_L.o
LOAD ./Generated_Code/I_LED_ML.o
LOAD ./Generated_Code/I_LED_MR.o
LOAD ./Generated_Code/I_LED_R.o
LOAD ./Generated_Code/I_LED_SL.o
LOAD ./Generated_Code/I_LED_SR.o
LOAD ./Generated_Code/I_Motor_L.o
LOAD ./Generated_Code/I_Motor_R.o
LOAD ./Generated_Code/JOY_DOWN.o
LOAD ./Generated_Code/JOY_LEFT.o
LOAD ./Generated_Code/JOY_PUSH.o
LOAD ./Generated_Code/JOY_RIGHT.o
LOAD ./Generated_Code/JOY_UP.o
LOAD ./Generated_Code/Kill.o
LOAD ./Generated_Code/LED_BLUE_F_L.o
LOAD ./Generated_Code/LED_BLUE_F_R.o
LOAD ./Generated_Code/LED_GREEN_F_L.o
LOAD ./Generated_Code/LED_GREEN_F_R.o
LOAD ./Generated_Code/LED_RED_F_L.o
LOAD ./Generated_Code/LED_RED_F_R.o
LOAD ./Generated_Code/LEDpin1.o
LOAD ./Generated_Code/LEDpin2.o
LOAD ./Generated_Code/LEDpin3.o
LOAD ./Generated_Code/LEDpin4.o
LOAD ./Generated_Code/LEDpin5.o
LOAD ./Generated_Code/LEDpin6.o
LOAD ./Generated_Code/MCUC1.o
LOAD ./Generated_Code/PE_LDD.o
LOAD ./Generated_Code/PWR_BTN.o
LOAD ./Generated_Code/PWR_SW.o
LOAD ./Generated_Code/Pins1.o
LOAD ./Generated_Code/SLEEP_L.o
LOAD ./Generated_Code/SLEEP_R.o
LOAD ./Generated_Code/SM1.o
LOAD ./Generated_Code/SMasterLdd1.o
LOAD ./Generated_Code/SYSOFF.o
LOAD ./Generated_Code/TU3.o
LOAD ./Generated_Code/TU5.o
LOAD ./Generated_Code/TimerIntLdd1.o
LOAD ./Generated_Code/UTIL1.o
LOAD ./Generated_Code/WAIT1.o
LOAD ./Generated_Code/XF1.o
LOAD ./.metadata/.plugins/org.eclipse.cdt.make.core/specs.o
LOAD C:\Users\Theo\Documents\Fachhochschule\Sem_9\BAT\3_Software\lib\Debug\libMcCar_lib.a
LOAD c:/freescale/kds_v3/toolchain/bin/../lib/gcc/arm-none-eabi/4.8.4/../../../../arm-none-eabi/lib/armv7e-m/fpu\libstdc++_s.a
LOAD c:/freescale/kds_v3/toolchain/bin/../lib/gcc/arm-none-eabi/4.8.4/../../../../arm-none-eabi/lib/armv7e-m/fpu\libm.a
START GROUP
LOAD c:/freescale/kds_v3/toolchain/bin/../lib/gcc/arm-none-eabi/4.8.4/armv7e-m/fpu\libgcc.a
LOAD c:/freescale/kds_v3/toolchain/bin/../lib/gcc/arm-none-eabi/4.8.4/../../../../arm-none-eabi/lib/armv7e-m/fpu\libg_s.a
LOAD c:/freescale/kds_v3/toolchain/bin/../lib/gcc/arm-none-eabi/4.8.4/../../../../arm-none-eabi/lib/armv7e-m/fpu\libc_s.a
END GROUP
START GROUP
LOAD c:/freescale/kds_v3/toolchain/bin/../lib/gcc/arm-none-eabi/4.8.4/armv7e-m/fpu\libgcc.a
LOAD c:/freescale/kds_v3/toolchain/bin/../lib/gcc/arm-none-eabi/4.8.4/../../../../arm-none-eabi/lib/armv7e-m/fpu\libc_s.a
LOAD c:/freescale/kds_v3/toolchain/bin/../lib/gcc/arm-none-eabi/4.8.4/../../../../arm-none-eabi/lib/armv7e-m/fpu\libnosys.a
END GROUP
START GROUP
LOAD c:/freescale/kds_v3/toolchain/bin/../lib/gcc/arm-none-eabi/4.8.4/armv7e-m/fpu\libgcc.a
LOAD c:/freescale/kds_v3/toolchain/bin/../lib/gcc/arm-none-eabi/4.8.4/../../../../arm-none-eabi/lib/armv7e-m/fpu\libc_s.a
LOAD c:/freescale/kds_v3/toolchain/bin/../lib/gcc/arm-none-eabi/4.8.4/../../../../arm-none-eabi/lib/armv7e-m/fpu\libnosys.a
END GROUP
LOAD c:/freescale/kds_v3/toolchain/bin/../lib/gcc/arm-none-eabi/4.8.4/armv7e-m/fpu/crtend.o
LOAD c:/freescale/kds_v3/toolchain/bin/../lib/gcc/arm-none-eabi/4.8.4/armv7e-m/fpu/crtn.o
                0x20030000                _estack = 0x20030000
                0x20030000                __SP_INIT = _estack
                0x20030000                __stack = _estack
                0x00000000                __heap_size = 0x0
                0x00000400                __stack_size = 0x400

.interrupts     0x00000000      0x198
                0x00000000                __vector_table = .
                0x00000000                . = ALIGN (0x4)
 *(.vectortable)
 .vectortable   0x00000000      0x198 ./Static_Code/System/Vectors.o
                0x00000000                __vect_table
                0x00000198                . = ALIGN (0x4)

.cfmprotect     0x00000400       0x10
                0x00000400                . = ALIGN (0x4)
 *(.cfmconfig)
 .cfmconfig     0x00000400       0x10 ./Static_Code/System/CPU_Init.o
                0x00000400                _cfm
                0x00000410                . = ALIGN (0x4)

.text           0x00000410     0xdd24
                0x00000410                . = ALIGN (0x4)
 *(.text)
 .text          0x00000410       0x54 c:/freescale/kds_v3/toolchain/bin/../lib/gcc/arm-none-eabi/4.8.4/armv7e-m/fpu/crtbegin.o
 .text          0x00000464       0x74 c:/freescale/kds_v3/toolchain/bin/../lib/gcc/arm-none-eabi/4.8.4/../../../../arm-none-eabi/lib/armv7e-m/fpu/crt0.o
                0x00000464                _start
                0x00000464                _mainCRTStartup
 .text          0x000004d8      0x370 c:/freescale/kds_v3/toolchain/bin/../lib/gcc/arm-none-eabi/4.8.4/armv7e-m/fpu\libgcc.a(_arm_addsubdf3.o)
                0x000004d8                __aeabi_drsub
                0x000004e0                __aeabi_dsub
                0x000004e0                __subdf3
                0x000004e4                __aeabi_dadd
                0x000004e4                __adddf3
                0x0000075c                __floatunsidf
                0x0000075c                __aeabi_ui2d
                0x0000077c                __floatsidf
                0x0000077c                __aeabi_i2d
                0x000007a0                __aeabi_f2d
                0x000007a0                __extendsfdf2
                0x000007dc                __floatundidf
                0x000007dc                __aeabi_ul2d
                0x000007ec                __floatdidf
                0x000007ec                __aeabi_l2d
 .text          0x00000848      0x424 c:/freescale/kds_v3/toolchain/bin/../lib/gcc/arm-none-eabi/4.8.4/armv7e-m/fpu\libgcc.a(_arm_muldivdf3.o)
                0x00000848                __aeabi_dmul
                0x00000848                __muldf3
                0x00000a9c                __divdf3
                0x00000a9c                __aeabi_ddiv
 .text          0x00000c6c      0x110 c:/freescale/kds_v3/toolchain/bin/../lib/gcc/arm-none-eabi/4.8.4/armv7e-m/fpu\libgcc.a(_arm_cmpdf2.o)
                0x00000c6c                __gtdf2
                0x00000c6c                __gedf2
                0x00000c74                __ltdf2
                0x00000c74                __ledf2
                0x00000c7c                __nedf2
                0x00000c7c                __eqdf2
                0x00000c7c                __cmpdf2
                0x00000cf8                __aeabi_cdrcmple
                0x00000d08                __aeabi_cdcmpeq
                0x00000d08                __aeabi_cdcmple
                0x00000d18                __aeabi_dcmpeq
                0x00000d2c                __aeabi_dcmplt
                0x00000d40                __aeabi_dcmple
                0x00000d54                __aeabi_dcmpge
                0x00000d68                __aeabi_dcmpgt
 .text          0x00000d7c       0x50 c:/freescale/kds_v3/toolchain/bin/../lib/gcc/arm-none-eabi/4.8.4/armv7e-m/fpu\libgcc.a(_arm_fixdfsi.o)
                0x00000d7c                __aeabi_d2iz
                0x00000d7c                __fixdfsi
 .text          0x00000dcc       0xa0 c:/freescale/kds_v3/toolchain/bin/../lib/gcc/arm-none-eabi/4.8.4/armv7e-m/fpu\libgcc.a(_arm_truncdfsf2.o)
                0x00000dcc                __truncdfsf2
                0x00000dcc                __aeabi_d2f
 .text          0x00000e6c       0x14 c:/freescale/kds_v3/toolchain/bin/../lib/gcc/arm-none-eabi/4.8.4/../../../../arm-none-eabi/lib/armv7e-m/fpu\libg_s.a(lib_a-strcmp.o)
                0x00000e6c                strcmp
 *(.text*)
 .text.CPU_SetBASEPRI
                0x00000e80       0x18 ./Static_Code/System/CPU_Init.o
                0x00000e80                CPU_SetBASEPRI
 .text.__init_hardware
                0x00000e98       0x94 ./Static_Code/System/CPU_Init.o
                0x00000e98                __init_hardware
 .text.PE_low_level_init
                0x00000f2c       0x14 ./Static_Code/System/CPU_Init.o
                0x00000f2c                PE_low_level_init
 .text.CPU_GetClockGenMode
                0x00000f40       0x90 ./Static_Code/System/CPU_Init.o
                0x00000f40                CPU_GetClockGenMode
 .text.CPU_SetClockConfigGenMode
                0x00000fd0      0x54c ./Static_Code/System/CPU_Init.o
                0x00000fd0                CPU_SetClockConfigGenMode
 .text.UnhandledInterrupt
                0x0000151c       0x18 ./Static_Code/System/Vectors.o
                0x0000151c                UnhandledInterrupt
 *fill*         0x00001534        0x4 
 .text.calcADC_data
                0x00001538      0x590 ./Sources/ADC.o
                0x00001538                calcADC_data
 .text.fitMiddle
                0x00001ac8       0xa8 ./Sources/ADC.o
                0x00001ac8                fitMiddle
 .text.fitExp   0x00001b70       0xe0 ./Sources/ADC.o
                0x00001b70                fitExp
 .text.fitFar   0x00001c50      0x128 ./Sources/ADC.o
                0x00001c50                fitFar
 .text.get_half_U_Bat
                0x00001d78       0x58 ./Sources/ADC.o
                0x00001d78                get_half_U_Bat
 .text.APP_EventHandler
                0x00001dd0       0xc4 ./Sources/Application.o
                0x00001dd0                APP_EventHandler
 *fill*         0x00001e94        0x4 
 .text.testJoystick
                0x00001e98      0x358 ./Sources/Application.o
                0x00001e98                testJoystick
 .text.Timer_1ms_Int
                0x000021f0       0x34 ./Sources/Application.o
                0x000021f0                Timer_1ms_Int
 .text.Init_GPIOs
                0x00002224       0x24 ./Sources/Application.o
                0x00002224                Init_GPIOs
 .text.Init_Maze
                0x00002248       0xf4 ./Sources/Application.o
                0x00002248                Init_Maze
 .text.quadratureDecoder
                0x0000233c      0x1e8 ./Sources/Application.o
                0x0000233c                quadratureDecoder
 *fill*         0x00002524        0x4 
 .text.APP_Start
                0x00002528      0x280 ./Sources/Application.o
                0x00002528                APP_Start
 .text.calcENC_data
                0x000027a8      0x228 ./Sources/Encoder.o
                0x000027a8                calcENC_data
 .text.EVNT_SetEvent
                0x000029d0       0x4c ./Sources/Event.o
                0x000029d0                EVNT_SetEvent
 .text.EVNT_HandleEvent
                0x00002a1c       0x98 ./Sources/Event.o
                0x00002a1c                EVNT_HandleEvent
 .text.Distance_INT_OnInterrupt
                0x00002ab4        0xc ./Sources/Events.o
                0x00002ab4                Distance_INT_OnInterrupt
 .text.Cpu_OnNMI
                0x00002ac0        0xc ./Sources/Events.o
                0x00002ac0                Cpu_OnNMI
 .text.SM1_OnRxChar
                0x00002acc        0xc ./Sources/Events.o
                0x00002acc                SM1_OnRxChar
 .text.SM1_OnTxChar
                0x00002ad8        0xc ./Sources/Events.o
                0x00002ad8                SM1_OnTxChar
 .text.SM1_OnError
                0x00002ae4        0xc ./Sources/Events.o
                0x00002ae4                SM1_OnError
 .text.SM1_OnFullRxBuf
                0x00002af0        0xc ./Sources/Events.o
                0x00002af0                SM1_OnFullRxBuf
 .text.SM1_OnFreeTxBuf
                0x00002afc        0xc ./Sources/Events.o
                0x00002afc                SM1_OnFreeTxBuf
 .text.stopp    0x00002b08       0x18 ./Sources/Exploration_Drive.o
                0x00002b08                stopp
 .text.turn_left
                0x00002b20       0x68 ./Sources/Exploration_Drive.o
                0x00002b20                turn_left
 .text.turn_right
                0x00002b88       0x70 ./Sources/Exploration_Drive.o
                0x00002b88                turn_right
 .text.driveToTurn
                0x00002bf8       0xcc ./Sources/Exploration_Drive.o
                0x00002bf8                driveToTurn
 .text.turn_l   0x00002cc4       0x18 ./Sources/Exploration_Drive.o
                0x00002cc4                turn_l
 .text.turn_r   0x00002cdc       0x5c ./Sources/Exploration_Drive.o
                0x00002cdc                turn_r
 .text.segEndDetection
                0x00002d38      0x1c0 ./Sources/Explore.o
                0x00002d38                segEndDetection
 .text.getReferenceOfMazesegment
                0x00002ef8       0x2c ./Sources/Exploring_Com.o
                0x00002ef8                getReferenceOfMazesegment
 .text.TEST_BLE_PrintStatus
                0x00002f24       0x6c ./Sources/Exploring_Com.o
                0x00002f24                TEST_BLE_PrintStatus
 .text.TEST_BLE_ParseCommand
                0x00002f90      0x280 ./Sources/Exploring_Com.o
                0x00002f90                TEST_BLE_ParseCommand
 .text.testUART
                0x00003210       0x68 ./Sources/Exploring_Com.o
                0x00003210                testUART
 .text.getNumberOfMazeSegments
                0x00003278       0xdc ./Sources/Exploring_Com.o
                0x00003278                getNumberOfMazeSegments
 .text.getMazeSegment
                0x00003354      0x220 ./Sources/Exploring_Com.o
                0x00003354                getMazeSegment
 .text.setState
                0x00003574       0x20 ./Sources/FSM.o
                0x00003574                setState
 .text.SPI_WriteRead
                0x00003594       0x60 ./Sources/IMU.o
 .text.RF_WriteRegister
                0x000035f4       0x2c ./Sources/IMU.o
                0x000035f4                RF_WriteRegister
 .text.RF_ReadRegister
                0x00003620       0x30 ./Sources/IMU.o
                0x00003620                RF_ReadRegister
 .text.initIMU  0x00003650       0x5c ./Sources/IMU.o
                0x00003650                initIMU
 .text.LSM6DSL_ACC_GYRO_GetRawAccData_1
                0x000036ac       0x50 ./Sources/IMU.o
                0x000036ac                LSM6DSL_ACC_GYRO_GetRawAccData_1
 .text.LSM6DSL_ACC_GYRO_GetRawGyroData_1
                0x000036fc       0x50 ./Sources/IMU.o
                0x000036fc                LSM6DSL_ACC_GYRO_GetRawGyroData_1
 .text.Get_X_AxesRaw_1
                0x0000374c       0x34 ./Sources/IMU.o
                0x0000374c                Get_X_AxesRaw_1
 .text.Get_G_AxesRaw_1
                0x00003780       0x34 ./Sources/IMU.o
                0x00003780                Get_G_AxesRaw_1
 .text.Get_X_Axes_1
                0x000037b4       0x88 ./Sources/IMU.o
                0x000037b4                Get_X_Axes_1
 *fill*         0x0000383c        0x4 
 .text.Get_G_Axes_1
                0x00003840       0xb8 ./Sources/IMU.o
                0x00003840                Get_G_Axes_1
 .text.biasCalc
                0x000038f8      0x158 ./Sources/IMU.o
                0x000038f8                biasCalc
 .text.getGyroBias_Z
                0x00003a50       0x1c ./Sources/IMU.o
                0x00003a50                getGyroBias_Z
 .text.getAccBias
                0x00003a6c       0x1c ./Sources/IMU.o
                0x00003a6c                getAccBias
 .text.calcIMU_data
                0x00003a88       0x1c ./Sources/IMU.o
                0x00003a88                calcIMU_data
 .text.putStream
                0x00003aa4       0x28 ./Sources/Logging.o
 .text.saveData
                0x00003acc      0x190 ./Sources/Logging.o
                0x00003acc                saveData
 .text.printSaveData
                0x00003c5c      0x3b8 ./Sources/Logging.o
                0x00003c5c                printSaveData
 .text.initMotors
                0x00004014       0x84 ./Sources/Motor.o
                0x00004014                initMotors
 .text.deinitMotors
                0x00004098       0x34 ./Sources/Motor.o
                0x00004098                deinitMotors
 .text.MotorEnable
                0x000040cc       0x48 ./Sources/Motor.o
                0x000040cc                MotorEnable
 *fill*         0x00004114        0x4 
 .text.set_VREF
                0x00004118      0x180 ./Sources/Motor.o
                0x00004118                set_VREF
 .text.main     0x00004298       0x10 ./Sources/main.o
                0x00004298                main
 .text.__copy_rom_section
                0x000042a8       0xe4 ./Project_Settings/Startup_Code/startup.o
                0x000042a8                __copy_rom_section
 .text.__copy_rom_sections_to_ram
                0x0000438c       0x9c ./Project_Settings/Startup_Code/startup.o
                0x0000438c                __copy_rom_sections_to_ram
 .text.__init_registers
                0x00004428       0x20 ./Project_Settings/Startup_Code/startup.o
                0x00004428                __init_registers
 .text.__init_user
                0x00004448        0xc ./Project_Settings/Startup_Code/startup.o
                0x00004448                __init_user
 .text.__thumb_startup
                0x00004454       0x34 ./Project_Settings/Startup_Code/startup.o
                0x00004454                __thumb_startup
 .text.ADC_0_MainMeasure
                0x00004488       0x84 ./Generated_Code/ADC_0.o
 .text.ADC_0_HWEnDi
                0x0000450c       0x54 ./Generated_Code/ADC_0.o
                0x0000450c                ADC_0_HWEnDi
 .text.PE_ADC_0_Measure
                0x00004560       0x38 ./Generated_Code/ADC_0.o
                0x00004560                PE_ADC_0_Measure
 .text.ADC_0_GetValue16
                0x00004598       0x68 ./Generated_Code/ADC_0.o
                0x00004598                ADC_0_GetValue16
 .text.ADC_0_Init
                0x00004600       0x34 ./Generated_Code/ADC_0.o
                0x00004600                ADC_0_Init
 .text.ADC_1_MainMeasure
                0x00004634       0x8c ./Generated_Code/ADC_1.o
 .text.PE_ADC_1_Measure
                0x000046c0       0x28 ./Generated_Code/ADC_1.o
                0x000046c0                PE_ADC_1_Measure
 .text.ADC_1_GetValue16
                0x000046e8       0x68 ./Generated_Code/ADC_1.o
                0x000046e8                ADC_1_GetValue16
 .text.ADC_1_Init
                0x00004750       0x2c ./Generated_Code/ADC_1.o
                0x00004750                ADC_1_Init
 .text.HWEnDi   0x0000477c       0x1c ./Generated_Code/AS_BLE.o
 .text.AS_BLE_RecvChar
                0x00004798       0xd8 ./Generated_Code/AS_BLE.o
                0x00004798                AS_BLE_RecvChar
 .text.AS_BLE_SendChar
                0x00004870       0xdc ./Generated_Code/AS_BLE.o
                0x00004870                AS_BLE_SendChar
 .text.AS_BLE_SendBlock
                0x0000494c      0x110 ./Generated_Code/AS_BLE.o
                0x0000494c                AS_BLE_SendBlock
 .text.AS_BLE_GetCharsInRxBuf
                0x00004a5c       0x18 ./Generated_Code/AS_BLE.o
                0x00004a5c                AS_BLE_GetCharsInRxBuf
 .text.AS_BLE_Init
                0x00004a74       0x60 ./Generated_Code/AS_BLE.o
                0x00004a74                AS_BLE_Init
 .text.ASerialLdd1_OnBlockReceived
                0x00004ad4       0x7c ./Generated_Code/AS_BLE.o
                0x00004ad4                ASerialLdd1_OnBlockReceived
 .text.ASerialLdd1_OnBlockSent
                0x00004b50       0x88 ./Generated_Code/AS_BLE.o
                0x00004b50                ASerialLdd1_OnBlockSent
 .text.ASerialLdd1_OnError
                0x00004bd8       0x98 ./Generated_Code/AS_BLE.o
                0x00004bd8                ASerialLdd1_OnError
 .text.ASerialLdd1_OnBreak
                0x00004c70       0x24 ./Generated_Code/AS_BLE.o
                0x00004c70                ASerialLdd1_OnBreak
 .text.HWEnDi   0x00004c94       0x1c ./Generated_Code/AS_PRG.o
 .text.AS_PRG_Init
                0x00004cb0       0x60 ./Generated_Code/AS_PRG.o
                0x00004cb0                AS_PRG_Init
 .text.ASerialLdd2_OnBlockReceived
                0x00004d10       0x7c ./Generated_Code/AS_PRG.o
                0x00004d10                ASerialLdd2_OnBlockReceived
 .text.ASerialLdd2_OnBlockSent
                0x00004d8c       0x88 ./Generated_Code/AS_PRG.o
                0x00004d8c                ASerialLdd2_OnBlockSent
 .text.ASerialLdd2_OnError
                0x00004e14       0x98 ./Generated_Code/AS_PRG.o
                0x00004e14                ASerialLdd2_OnError
 .text.ASerialLdd2_OnBreak
                0x00004eac       0x24 ./Generated_Code/AS_PRG.o
                0x00004eac                ASerialLdd2_OnBreak
 .text.ASerialLdd1_Init
                0x00004ed0      0x1d8 ./Generated_Code/ASerialLdd1.o
                0x00004ed0                ASerialLdd1_Init
 .text.ASerialLdd1_ReceiveBlock
                0x000050a8       0x90 ./Generated_Code/ASerialLdd1.o
                0x000050a8                ASerialLdd1_ReceiveBlock
 .text.ASerialLdd1_SendBlock
                0x00005138       0xbc ./Generated_Code/ASerialLdd1.o
                0x00005138                ASerialLdd1_SendBlock
 .text.InterruptRx
                0x000051f4       0x58 ./Generated_Code/ASerialLdd1.o
 .text.InterruptTx
                0x0000524c       0x80 ./Generated_Code/ASerialLdd1.o
 .text.ASerialLdd1_Interrupt
                0x000052cc       0xf4 ./Generated_Code/ASerialLdd1.o
                0x000052cc                ASerialLdd1_Interrupt
 .text.ASerialLdd1_GetError
                0x000053c0       0x70 ./Generated_Code/ASerialLdd1.o
                0x000053c0                ASerialLdd1_GetError
 .text.ASerialLdd2_Init
                0x00005430      0x1d8 ./Generated_Code/ASerialLdd2.o
                0x00005430                ASerialLdd2_Init
 .text.ASerialLdd2_ReceiveBlock
                0x00005608       0x90 ./Generated_Code/ASerialLdd2.o
                0x00005608                ASerialLdd2_ReceiveBlock
 .text.ASerialLdd2_SendBlock
                0x00005698       0xbc ./Generated_Code/ASerialLdd2.o
                0x00005698                ASerialLdd2_SendBlock
 .text.InterruptRx
                0x00005754       0x58 ./Generated_Code/ASerialLdd2.o
 .text.InterruptTx
                0x000057ac       0x80 ./Generated_Code/ASerialLdd2.o
 .text.ASerialLdd2_Interrupt
                0x0000582c       0xf4 ./Generated_Code/ASerialLdd2.o
                0x0000582c                ASerialLdd2_Interrupt
 .text.ASerialLdd2_GetError
                0x00005920       0x70 ./Generated_Code/ASerialLdd2.o
                0x00005920                ASerialLdd2_GetError
 .text.AdcLdd2_Init
                0x00005990       0xdc ./Generated_Code/AdcLdd2.o
                0x00005990                AdcLdd2_Init
 .text.AdcLdd2_Enable
                0x00005a6c       0x1c ./Generated_Code/AdcLdd2.o
                0x00005a6c                AdcLdd2_Enable
 .text.AdcLdd2_Disable
                0x00005a88       0x34 ./Generated_Code/AdcLdd2.o
                0x00005a88                AdcLdd2_Disable
 .text.AdcLdd2_StartSingleMeasurement
                0x00005abc       0x58 ./Generated_Code/AdcLdd2.o
                0x00005abc                AdcLdd2_StartSingleMeasurement
 .text.AdcLdd2_CreateSampleGroup
                0x00005b14       0x74 ./Generated_Code/AdcLdd2.o
                0x00005b14                AdcLdd2_CreateSampleGroup
 .text.AdcLdd2_GetMeasuredValues
                0x00005b88       0x58 ./Generated_Code/AdcLdd2.o
                0x00005b88                AdcLdd2_GetMeasuredValues
 .text.AdcLdd2_GetMeasurementCompleteStatus
                0x00005be0       0x34 ./Generated_Code/AdcLdd2.o
                0x00005be0                AdcLdd2_GetMeasurementCompleteStatus
 .text.AdcLdd3_Init
                0x00005c14       0xd8 ./Generated_Code/AdcLdd3.o
                0x00005c14                AdcLdd3_Init
 .text.AdcLdd3_StartSingleMeasurement
                0x00005cec       0x4c ./Generated_Code/AdcLdd3.o
                0x00005cec                AdcLdd3_StartSingleMeasurement
 .text.AdcLdd3_CreateSampleGroup
                0x00005d38       0x68 ./Generated_Code/AdcLdd3.o
                0x00005d38                AdcLdd3_CreateSampleGroup
 .text.AdcLdd3_GetMeasuredValues
                0x00005da0       0x4c ./Generated_Code/AdcLdd3.o
                0x00005da0                AdcLdd3_GetMeasuredValues
 .text.AdcLdd3_GetMeasurementCompleteStatus
                0x00005dec       0x34 ./Generated_Code/AdcLdd3.o
                0x00005dec                AdcLdd3_GetMeasurementCompleteStatus
 .text.BitIoLdd1_Init
                0x00005e20       0x80 ./Generated_Code/BitIoLdd1.o
                0x00005e20                BitIoLdd1_Init
 .text.BitIoLdd1_ClrVal
                0x00005ea0       0x20 ./Generated_Code/BitIoLdd1.o
                0x00005ea0                BitIoLdd1_ClrVal
 .text.BitIoLdd1_SetVal
                0x00005ec0       0x20 ./Generated_Code/BitIoLdd1.o
                0x00005ec0                BitIoLdd1_SetVal
 .text.BitIoLdd1_NegVal
                0x00005ee0       0x20 ./Generated_Code/BitIoLdd1.o
                0x00005ee0                BitIoLdd1_NegVal
 .text.BitIoLdd10_Init
                0x00005f00       0x80 ./Generated_Code/BitIoLdd10.o
                0x00005f00                BitIoLdd10_Init
 .text.BitIoLdd10_PutVal
                0x00005f80       0x30 ./Generated_Code/BitIoLdd10.o
                0x00005f80                BitIoLdd10_PutVal
 .text.BitIoLdd10_ClrVal
                0x00005fb0       0x1c ./Generated_Code/BitIoLdd10.o
                0x00005fb0                BitIoLdd10_ClrVal
 .text.BitIoLdd10_SetVal
                0x00005fcc       0x1c ./Generated_Code/BitIoLdd10.o
                0x00005fcc                BitIoLdd10_SetVal
 .text.BitIoLdd14_Init
                0x00005fe8       0x80 ./Generated_Code/BitIoLdd14.o
                0x00005fe8                BitIoLdd14_Init
 .text.BitIoLdd14_ClrVal
                0x00006068       0x1c ./Generated_Code/BitIoLdd14.o
                0x00006068                BitIoLdd14_ClrVal
 .text.BitIoLdd15_Init
                0x00006084       0x80 ./Generated_Code/BitIoLdd15.o
                0x00006084                BitIoLdd15_Init
 .text.BitIoLdd16_Init
                0x00006104       0x74 ./Generated_Code/BitIoLdd16.o
                0x00006104                BitIoLdd16_Init
 .text.BitIoLdd16_GetVal
                0x00006178       0x30 ./Generated_Code/BitIoLdd16.o
                0x00006178                BitIoLdd16_GetVal
 .text.BitIoLdd17_Init
                0x000061a8       0x74 ./Generated_Code/BitIoLdd17.o
                0x000061a8                BitIoLdd17_Init
 .text.BitIoLdd17_GetVal
                0x0000621c       0x30 ./Generated_Code/BitIoLdd17.o
                0x0000621c                BitIoLdd17_GetVal
 .text.BitIoLdd18_Init
                0x0000624c       0x74 ./Generated_Code/BitIoLdd18.o
                0x0000624c                BitIoLdd18_Init
 .text.BitIoLdd18_GetVal
                0x000062c0       0x30 ./Generated_Code/BitIoLdd18.o
                0x000062c0                BitIoLdd18_GetVal
 .text.BitIoLdd19_Init
                0x000062f0       0x74 ./Generated_Code/BitIoLdd19.o
                0x000062f0                BitIoLdd19_Init
 .text.BitIoLdd19_GetVal
                0x00006364       0x30 ./Generated_Code/BitIoLdd19.o
                0x00006364                BitIoLdd19_GetVal
 .text.BitIoLdd2_Init
                0x00006394       0x80 ./Generated_Code/BitIoLdd2.o
                0x00006394                BitIoLdd2_Init
 .text.BitIoLdd2_ClrVal
                0x00006414       0x20 ./Generated_Code/BitIoLdd2.o
                0x00006414                BitIoLdd2_ClrVal
 .text.BitIoLdd2_SetVal
                0x00006434       0x20 ./Generated_Code/BitIoLdd2.o
                0x00006434                BitIoLdd2_SetVal
 .text.BitIoLdd20_Init
                0x00006454       0x74 ./Generated_Code/BitIoLdd20.o
                0x00006454                BitIoLdd20_Init
 .text.BitIoLdd20_GetVal
                0x000064c8       0x30 ./Generated_Code/BitIoLdd20.o
                0x000064c8                BitIoLdd20_GetVal
 .text.BitIoLdd21_Init
                0x000064f8       0x80 ./Generated_Code/BitIoLdd21.o
                0x000064f8                BitIoLdd21_Init
 .text.BitIoLdd21_PutVal
                0x00006578       0x30 ./Generated_Code/BitIoLdd21.o
                0x00006578                BitIoLdd21_PutVal
 .text.BitIoLdd21_ClrVal
                0x000065a8       0x1c ./Generated_Code/BitIoLdd21.o
                0x000065a8                BitIoLdd21_ClrVal
 .text.BitIoLdd21_SetVal
                0x000065c4       0x1c ./Generated_Code/BitIoLdd21.o
                0x000065c4                BitIoLdd21_SetVal
 .text.BitIoLdd22_Init
                0x000065e0       0x80 ./Generated_Code/BitIoLdd22.o
                0x000065e0                BitIoLdd22_Init
 .text.BitIoLdd22_ClrVal
                0x00006660       0x1c ./Generated_Code/BitIoLdd22.o
                0x00006660                BitIoLdd22_ClrVal
 .text.BitIoLdd22_SetVal
                0x0000667c       0x1c ./Generated_Code/BitIoLdd22.o
                0x0000667c                BitIoLdd22_SetVal
 .text.BitIoLdd23_Init
                0x00006698       0x80 ./Generated_Code/BitIoLdd23.o
                0x00006698                BitIoLdd23_Init
 .text.BitIoLdd23_ClrVal
                0x00006718       0x1c ./Generated_Code/BitIoLdd23.o
                0x00006718                BitIoLdd23_ClrVal
 .text.BitIoLdd24_Init
                0x00006734       0x80 ./Generated_Code/BitIoLdd24.o
                0x00006734                BitIoLdd24_Init
 .text.BitIoLdd25_Init
                0x000067b4       0x74 ./Generated_Code/BitIoLdd25.o
                0x000067b4                BitIoLdd25_Init
 .text.BitIoLdd26_Init
                0x00006828       0x74 ./Generated_Code/BitIoLdd26.o
                0x00006828                BitIoLdd26_Init
 .text.BitIoLdd26_GetVal
                0x0000689c       0x30 ./Generated_Code/BitIoLdd26.o
                0x0000689c                BitIoLdd26_GetVal
 .text.BitIoLdd27_Init
                0x000068cc       0x80 ./Generated_Code/BitIoLdd27.o
                0x000068cc                BitIoLdd27_Init
 .text.BitIoLdd28_Init
                0x0000694c       0x74 ./Generated_Code/BitIoLdd28.o
                0x0000694c                BitIoLdd28_Init
 .text.BitIoLdd29_Init
                0x000069c0       0x80 ./Generated_Code/BitIoLdd29.o
                0x000069c0                BitIoLdd29_Init
 .text.BitIoLdd29_ClrVal
                0x00006a40       0x1c ./Generated_Code/BitIoLdd29.o
                0x00006a40                BitIoLdd29_ClrVal
 .text.BitIoLdd3_Init
                0x00006a5c       0x80 ./Generated_Code/BitIoLdd3.o
                0x00006a5c                BitIoLdd3_Init
 .text.BitIoLdd3_ClrVal
                0x00006adc       0x20 ./Generated_Code/BitIoLdd3.o
                0x00006adc                BitIoLdd3_ClrVal
 .text.BitIoLdd3_SetVal
                0x00006afc       0x20 ./Generated_Code/BitIoLdd3.o
                0x00006afc                BitIoLdd3_SetVal
 .text.BitIoLdd30_Init
                0x00006b1c       0x74 ./Generated_Code/BitIoLdd30.o
                0x00006b1c                BitIoLdd30_Init
 .text.BitIoLdd31_Init
                0x00006b90       0x80 ./Generated_Code/BitIoLdd31.o
                0x00006b90                BitIoLdd31_Init
 .text.BitIoLdd32_Init
                0x00006c10       0x80 ./Generated_Code/BitIoLdd32.o
                0x00006c10                BitIoLdd32_Init
 .text.BitIoLdd33_Init
                0x00006c90       0x80 ./Generated_Code/BitIoLdd33.o
                0x00006c90                BitIoLdd33_Init
 .text.BitIoLdd33_ClrVal
                0x00006d10       0x20 ./Generated_Code/BitIoLdd33.o
                0x00006d10                BitIoLdd33_ClrVal
 .text.BitIoLdd33_SetVal
                0x00006d30       0x20 ./Generated_Code/BitIoLdd33.o
                0x00006d30                BitIoLdd33_SetVal
 .text.BitIoLdd34_Init
                0x00006d50       0x80 ./Generated_Code/BitIoLdd34.o
                0x00006d50                BitIoLdd34_Init
 .text.BitIoLdd34_ClrVal
                0x00006dd0       0x20 ./Generated_Code/BitIoLdd34.o
                0x00006dd0                BitIoLdd34_ClrVal
 .text.BitIoLdd34_SetVal
                0x00006df0       0x20 ./Generated_Code/BitIoLdd34.o
                0x00006df0                BitIoLdd34_SetVal
 .text.BitIoLdd35_Init
                0x00006e10       0x80 ./Generated_Code/BitIoLdd35.o
                0x00006e10                BitIoLdd35_Init
 .text.BitIoLdd35_ClrVal
                0x00006e90       0x20 ./Generated_Code/BitIoLdd35.o
                0x00006e90                BitIoLdd35_ClrVal
 .text.BitIoLdd35_SetVal
                0x00006eb0       0x20 ./Generated_Code/BitIoLdd35.o
                0x00006eb0                BitIoLdd35_SetVal
 .text.BitIoLdd36_Init
                0x00006ed0       0x80 ./Generated_Code/BitIoLdd36.o
                0x00006ed0                BitIoLdd36_Init
 .text.BitIoLdd36_ClrVal
                0x00006f50       0x20 ./Generated_Code/BitIoLdd36.o
                0x00006f50                BitIoLdd36_ClrVal
 .text.BitIoLdd37_Init
                0x00006f70       0x80 ./Generated_Code/BitIoLdd37.o
                0x00006f70                BitIoLdd37_Init
 .text.BitIoLdd37_ClrVal
                0x00006ff0       0x20 ./Generated_Code/BitIoLdd37.o
                0x00006ff0                BitIoLdd37_ClrVal
 .text.BitIoLdd38_Init
                0x00007010       0x80 ./Generated_Code/BitIoLdd38.o
                0x00007010                BitIoLdd38_Init
 .text.BitIoLdd38_ClrVal
                0x00007090       0x20 ./Generated_Code/BitIoLdd38.o
                0x00007090                BitIoLdd38_ClrVal
 .text.BitIoLdd38_SetVal
                0x000070b0       0x20 ./Generated_Code/BitIoLdd38.o
                0x000070b0                BitIoLdd38_SetVal
 .text.BitIoLdd39_Init
                0x000070d0       0x80 ./Generated_Code/BitIoLdd39.o
                0x000070d0                BitIoLdd39_Init
 .text.BitIoLdd4_Init
                0x00007150       0x80 ./Generated_Code/BitIoLdd4.o
                0x00007150                BitIoLdd4_Init
 .text.BitIoLdd4_ClrVal
                0x000071d0       0x20 ./Generated_Code/BitIoLdd4.o
                0x000071d0                BitIoLdd4_ClrVal
 .text.BitIoLdd4_SetVal
                0x000071f0       0x20 ./Generated_Code/BitIoLdd4.o
                0x000071f0                BitIoLdd4_SetVal
 .text.BitIoLdd40_Init
                0x00007210       0x80 ./Generated_Code/BitIoLdd40.o
                0x00007210                BitIoLdd40_Init
 .text.BitIoLdd40_SetVal
                0x00007290       0x20 ./Generated_Code/BitIoLdd40.o
                0x00007290                BitIoLdd40_SetVal
 .text.BitIoLdd41_Init
                0x000072b0       0x80 ./Generated_Code/BitIoLdd41.o
                0x000072b0                BitIoLdd41_Init
 .text.BitIoLdd41_ClrVal
                0x00007330       0x20 ./Generated_Code/BitIoLdd41.o
                0x00007330                BitIoLdd41_ClrVal
 .text.BitIoLdd41_SetVal
                0x00007350       0x20 ./Generated_Code/BitIoLdd41.o
                0x00007350                BitIoLdd41_SetVal
 .text.BitIoLdd5_Init
                0x00007370       0x80 ./Generated_Code/BitIoLdd5.o
                0x00007370                BitIoLdd5_Init
 .text.BitIoLdd5_ClrVal
                0x000073f0       0x1c ./Generated_Code/BitIoLdd5.o
                0x000073f0                BitIoLdd5_ClrVal
 .text.BitIoLdd5_SetVal
                0x0000740c       0x1c ./Generated_Code/BitIoLdd5.o
                0x0000740c                BitIoLdd5_SetVal
 .text.BitIoLdd5_NegVal
                0x00007428       0x1c ./Generated_Code/BitIoLdd5.o
                0x00007428                BitIoLdd5_NegVal
 .text.BitIoLdd6_Init
                0x00007444       0x80 ./Generated_Code/BitIoLdd6.o
                0x00007444                BitIoLdd6_Init
 .text.BitIoLdd6_ClrVal
                0x000074c4       0x1c ./Generated_Code/BitIoLdd6.o
                0x000074c4                BitIoLdd6_ClrVal
 .text.BitIoLdd6_SetVal
                0x000074e0       0x1c ./Generated_Code/BitIoLdd6.o
                0x000074e0                BitIoLdd6_SetVal
 .text.BitIoLdd6_NegVal
                0x000074fc       0x1c ./Generated_Code/BitIoLdd6.o
                0x000074fc                BitIoLdd6_NegVal
 .text.BitIoLdd7_Init
                0x00007518       0x80 ./Generated_Code/BitIoLdd7.o
                0x00007518                BitIoLdd7_Init
 .text.BitIoLdd8_Init
                0x00007598       0x80 ./Generated_Code/BitIoLdd8.o
                0x00007598                BitIoLdd8_Init
 .text.BitIoLdd8_ClrVal
                0x00007618       0x1c ./Generated_Code/BitIoLdd8.o
                0x00007618                BitIoLdd8_ClrVal
 .text.BitIoLdd8_SetVal
                0x00007634       0x1c ./Generated_Code/BitIoLdd8.o
                0x00007634                BitIoLdd8_SetVal
 .text.CI2C1_Interrupt
                0x00007650      0x2b4 ./Generated_Code/CI2C1.o
                0x00007650                CI2C1_Interrupt
 .text.CI2C1_Init
                0x00007904      0x150 ./Generated_Code/CI2C1.o
                0x00007904                CI2C1_Init
 .text.CLS_BLE_SendStr
                0x00007a54       0x30 ./Generated_Code/CLS_BLE.o
                0x00007a54                CLS_BLE_SendStr
 .text.CLS_BLE_PrintPrompt
                0x00007a84       0x30 ./Generated_Code/CLS_BLE.o
                0x00007a84                CLS_BLE_PrintPrompt
 .text.CLS_BLE_IsHistoryCharacter
                0x00007ab4       0x24 ./Generated_Code/CLS_BLE.o
                0x00007ab4                CLS_BLE_IsHistoryCharacter
 .text.CLS_BLE_ReadLine
                0x00007ad8       0xd0 ./Generated_Code/CLS_BLE.o
                0x00007ad8                CLS_BLE_ReadLine
 .text.CLS_BLE_PrintCommandFailed
                0x00007ba8       0x6c ./Generated_Code/CLS_BLE.o
                0x00007ba8                CLS_BLE_PrintCommandFailed
 .text.CLS_BLE_IterateTable
                0x00007c14       0x58 ./Generated_Code/CLS_BLE.o
                0x00007c14                CLS_BLE_IterateTable
 .text.CLS_BLE_ParseWithCommandTable
                0x00007c6c       0x8c ./Generated_Code/CLS_BLE.o
                0x00007c6c                CLS_BLE_ParseWithCommandTable
 .text.CLS_BLE_GetStdio
                0x00007cf8       0x18 ./Generated_Code/CLS_BLE.o
                0x00007cf8                CLS_BLE_GetStdio
 .text.CLS_BLE_ReadAndParseWithCommandTable
                0x00007d10       0xd8 ./Generated_Code/CLS_BLE.o
                0x00007d10                CLS_BLE_ReadAndParseWithCommandTable
 .text.SendSeparatedStrings
                0x00007de8       0x70 ./Generated_Code/CLS_BLE.o
 .text.CLS_BLE_SendHelpStr
                0x00007e58       0x24 ./Generated_Code/CLS_BLE.o
                0x00007e58                CLS_BLE_SendHelpStr
 .text.CLS_BLE_SendStatusStr
                0x00007e7c       0x24 ./Generated_Code/CLS_BLE.o
                0x00007e7c                CLS_BLE_SendStatusStr
 .text.CLS_BLE_ReadChar
                0x00007ea0       0x24 ./Generated_Code/CLS_BLE.o
                0x00007ea0                CLS_BLE_ReadChar
 .text.CLS_BLE_SendChar
                0x00007ec4       0x20 ./Generated_Code/CLS_BLE.o
                0x00007ec4                CLS_BLE_SendChar
 .text.CLS_BLE_KeyPressed
                0x00007ee4       0x24 ./Generated_Code/CLS_BLE.o
                0x00007ee4                CLS_BLE_KeyPressed
 .text.CLS_BLE_Init
                0x00007f08        0xc ./Generated_Code/CLS_BLE.o
                0x00007f08                CLS_BLE_Init
 .text.CLS_BLE_SendCharFct
                0x00007f14       0x44 ./Generated_Code/CLS_BLE.o
                0x00007f14                CLS_BLE_SendCharFct
 .text.CS1_Init
                0x00007f58        0xc ./Generated_Code/CS1.o
                0x00007f58                CS1_Init
 .text.Common_Init
                0x00007f64      0x174 ./Generated_Code/Cpu.o
                0x00007f64                Common_Init
 .text.Components_Init
                0x000080d8      0x144 ./Generated_Code/Cpu.o
                0x000080d8                Components_Init
 .text.Cpu_INT_NMIInterrupt
                0x0000821c       0x1c ./Generated_Code/Cpu.o
                0x0000821c                Cpu_INT_NMIInterrupt
 .text.DacLdd1_Init
                0x00008238       0x94 ./Generated_Code/DacLdd1.o
                0x00008238                DacLdd1_Init
 .text.DacLdd1_SetValue
                0x000082cc       0x48 ./Generated_Code/DacLdd1.o
                0x000082cc                DacLdd1_SetValue
 .text.DacLdd2_Init
                0x00008314       0x94 ./Generated_Code/DacLdd2.o
                0x00008314                DacLdd2_Init
 .text.DacLdd2_SetValue
                0x000083a8       0x48 ./Generated_Code/DacLdd2.o
                0x000083a8                DacLdd2_SetValue
 .text.TimerIntLdd1_OnInterrupt
                0x000083f0       0x14 ./Generated_Code/Distance_INT.o
                0x000083f0                TimerIntLdd1_OnInterrupt
 .text.FreeCntrLdd1_Init
                0x00008404       0x50 ./Generated_Code/FreeCntrLdd1.o
                0x00008404                FreeCntrLdd1_Init
 .text.CI2C1_OnMasterBlockSent
                0x00008454       0x28 ./Generated_Code/GI2C1.o
                0x00008454                CI2C1_OnMasterBlockSent
 .text.CI2C1_OnMasterBlockReceived
                0x0000847c       0x28 ./Generated_Code/GI2C1.o
                0x0000847c                CI2C1_OnMasterBlockReceived
 .text.GI2C1_Init
                0x000084a4       0x20 ./Generated_Code/GI2C1.o
                0x000084a4                GI2C1_Init
 .text.LED_BLUE_F_L_Init
                0x000084c4       0x14 ./Generated_Code/LED_BLUE_F_L.o
                0x000084c4                LED_BLUE_F_L_Init
 .text.LED_BLUE_F_R_Init
                0x000084d8       0x14 ./Generated_Code/LED_BLUE_F_R.o
                0x000084d8                LED_BLUE_F_R_Init
 .text.LED_GREEN_F_L_Init
                0x000084ec       0x14 ./Generated_Code/LED_GREEN_F_L.o
                0x000084ec                LED_GREEN_F_L_Init
 .text.LED_GREEN_F_R_Init
                0x00008500       0x14 ./Generated_Code/LED_GREEN_F_R.o
                0x00008500                LED_GREEN_F_R_Init
 .text.LED_RED_F_L_Init
                0x00008514       0x14 ./Generated_Code/LED_RED_F_L.o
                0x00008514                LED_RED_F_L_Init
 .text.LED_RED_F_R_Init
                0x00008528       0x14 ./Generated_Code/LED_RED_F_R.o
                0x00008528                LED_RED_F_R_Init
 .text.MCUC1_Init
                0x0000853c        0xc ./Generated_Code/MCUC1.o
                0x0000853c                MCUC1_Init
 .text.SM1_RecvChar
                0x00008548       0xd0 ./Generated_Code/SM1.o
                0x00008548                SM1_RecvChar
 .text.SM1_SendChar
                0x00008618       0xe4 ./Generated_Code/SM1.o
                0x00008618                SM1_SendChar
 .text.SM1_ClearRxBuf
                0x000086fc       0x8c ./Generated_Code/SM1.o
                0x000086fc                SM1_ClearRxBuf
 .text.SM1_GetCharsInRxBuf
                0x00008788       0x18 ./Generated_Code/SM1.o
                0x00008788                SM1_GetCharsInRxBuf
 .text.SM1_GetCharsInTxBuf
                0x000087a0       0x18 ./Generated_Code/SM1.o
                0x000087a0                SM1_GetCharsInTxBuf
 .text.SM1_Init
                0x000087b8       0x84 ./Generated_Code/SM1.o
                0x000087b8                SM1_Init
 .text.SMasterLdd1_OnBlockReceived
                0x0000883c       0xe0 ./Generated_Code/SM1.o
                0x0000883c                SMasterLdd1_OnBlockReceived
 .text.SMasterLdd1_OnBlockSent
                0x0000891c       0xcc ./Generated_Code/SM1.o
                0x0000891c                SMasterLdd1_OnBlockSent
 .text.SMasterLdd1_Init
                0x000089e8      0x150 ./Generated_Code/SMasterLdd1.o
                0x000089e8                SMasterLdd1_Init
 .text.SMasterLdd1_ReceiveBlock
                0x00008b38       0x80 ./Generated_Code/SMasterLdd1.o
                0x00008b38                SMasterLdd1_ReceiveBlock
 .text.SMasterLdd1_SendBlock
                0x00008bb8       0x90 ./Generated_Code/SMasterLdd1.o
                0x00008bb8                SMasterLdd1_SendBlock
 .text.SMasterLdd1_Interrupt
                0x00008c48      0x12c ./Generated_Code/SMasterLdd1.o
                0x00008c48                SMasterLdd1_Interrupt
 .text.TU3_Init
                0x00008d74      0x104 ./Generated_Code/TU3.o
                0x00008d74                TU3_Init
 .text.TU3_SetEventMask
                0x00008e78       0xe4 ./Generated_Code/TU3.o
                0x00008e78                TU3_SetEventMask
 .text.TU3_GetEventMask
                0x00008f5c       0x1c ./Generated_Code/TU3.o
                0x00008f5c                TU3_GetEventMask
 .text.TU3_SetOffsetTicks
                0x00008f78       0x44 ./Generated_Code/TU3.o
                0x00008f78                TU3_SetOffsetTicks
 .text.TU3_GetOffsetTicks
                0x00008fbc       0x48 ./Generated_Code/TU3.o
                0x00008fbc                TU3_GetOffsetTicks
 .text.TU3_Interrupt
                0x00009004       0x84 ./Generated_Code/TU3.o
                0x00009004                TU3_Interrupt
 .text.TU5_Init
                0x00009088       0xdc ./Generated_Code/TU5.o
                0x00009088                TU5_Init
 .text.TimerIntLdd1_Init
                0x00009164       0x78 ./Generated_Code/TimerIntLdd1.o
                0x00009164                TimerIntLdd1_Init
 .text.TimerIntLdd1_SetEventMask
                0x000091dc       0x30 ./Generated_Code/TimerIntLdd1.o
                0x000091dc                TimerIntLdd1_SetEventMask
 .text.TU3_OnChannel0
                0x0000920c       0x5c ./Generated_Code/TimerIntLdd1.o
                0x0000920c                TU3_OnChannel0
 .text.UTIL1_strcpy
                0x00009268       0x48 ./Generated_Code/UTIL1.o
                0x00009268                UTIL1_strcpy
 .text.UTIL1_strcat
                0x000092b0       0x64 ./Generated_Code/UTIL1.o
                0x000092b0                UTIL1_strcat
 .text.UTIL1_chcat
                0x00009314       0x50 ./Generated_Code/UTIL1.o
                0x00009314                UTIL1_chcat
 .text.ShiftRightAndFill
                0x00009364       0x98 ./Generated_Code/UTIL1.o
 .text.UTIL1_Num32uToStrFormatted
                0x000093fc       0x2c ./Generated_Code/UTIL1.o
                0x000093fc                UTIL1_Num32uToStrFormatted
 .text.UTIL1_strcatNum32uFormatted
                0x00009428       0x3c ./Generated_Code/UTIL1.o
                0x00009428                UTIL1_strcatNum32uFormatted
 .text.UTIL1_strcatNum32s
                0x00009464       0x30 ./Generated_Code/UTIL1.o
                0x00009464                UTIL1_strcatNum32s
 .text.UTIL1_Num32sToStr
                0x00009494      0x12c ./Generated_Code/UTIL1.o
                0x00009494                UTIL1_Num32sToStr
 .text.UTIL1_Num32uToStr
                0x000095c0       0xe4 ./Generated_Code/UTIL1.o
                0x000095c0                UTIL1_Num32uToStr
 .text.UTIL1_strFind
                0x000096a4       0x54 ./Generated_Code/UTIL1.o
                0x000096a4                UTIL1_strFind
 .text.UTIL1_NumFloatToStr
                0x000096f8      0x10c ./Generated_Code/UTIL1.o
                0x000096f8                UTIL1_NumFloatToStr
 .text.UTIL1_strcatNumFloat
                0x00009804       0x3c ./Generated_Code/UTIL1.o
                0x00009804                UTIL1_strcatNumFloat
 .text.UTIL1_Init
                0x00009840        0xc ./Generated_Code/UTIL1.o
                0x00009840                UTIL1_Init
 .text.WAIT1_Wait10Cycles
                0x0000984c        0x8 ./Generated_Code/WAIT1.o
                0x0000984c                WAIT1_Wait10Cycles
 .text.WAIT1_Wait100Cycles
                0x00009854       0x28 ./Generated_Code/WAIT1.o
                0x00009854                WAIT1_Wait100Cycles
 .text.WAIT1_WaitCycles
                0x0000987c       0x34 ./Generated_Code/WAIT1.o
                0x0000987c                WAIT1_WaitCycles
 .text.WAIT1_WaitLongCycles
                0x000098b0       0x38 ./Generated_Code/WAIT1.o
                0x000098b0                WAIT1_WaitLongCycles
 .text.WAIT1_Waitms
                0x000098e8       0x2c ./Generated_Code/WAIT1.o
                0x000098e8                WAIT1_Waitms
 .text.WAIT1_Init
                0x00009914        0xc ./Generated_Code/WAIT1.o
                0x00009914                WAIT1_Init
 .text.XF1_Init
                0x00009920        0xc ./Generated_Code/XF1.o
                0x00009920                XF1_Init
 *fill*         0x0000992c        0x4 
 .text.Driving  0x00009930     0x1068 C:\Users\Theo\Documents\Fachhochschule\Sem_9\BAT\3_Software\lib\Debug\libMcCar_lib.a(Driving.o)
                0x00009930                Driving
 .text.MotorCurrentComputationForDesiredTorque
                0x0000a998       0x4c C:\Users\Theo\Documents\Fachhochschule\Sem_9\BAT\3_Software\lib\Debug\libMcCar_lib.a(Driving.o)
                0x0000a998                MotorCurrentComputationForDesiredTorque
 .text.setBias  0x0000a9e4        0xc C:\Users\Theo\Documents\Fachhochschule\Sem_9\BAT\3_Software\lib\Debug\libMcCar_lib.a(Driving.o)
                0x0000a9e4                setBias
 .text.reinit_Drving
                0x0000a9f0       0x18 C:\Users\Theo\Documents\Fachhochschule\Sem_9\BAT\3_Software\lib\Debug\libMcCar_lib.a(Driving.o)
                0x0000a9f0                reinit_Drving
 .text.setMotorCurrent
                0x0000aa08       0x3c C:\Users\Theo\Documents\Fachhochschule\Sem_9\BAT\3_Software\lib\Debug\libMcCar_lib.a(Driving.o)
                0x0000aa08                setMotorCurrent
 .text.HeadingDirectionComputation
                0x0000aa44       0xd4 C:\Users\Theo\Documents\Fachhochschule\Sem_9\BAT\3_Software\lib\Debug\libMcCar_lib.a(SegmentTargetComputation.o)
                0x0000aa44                HeadingDirectionComputation
 .text.SegmentTargetComputation
                0x0000ab18      0xfb0 C:\Users\Theo\Documents\Fachhochschule\Sem_9\BAT\3_Software\lib\Debug\libMcCar_lib.a(SegmentTargetComputation.o)
                0x0000ab18                SegmentTargetComputation
 .text.TrackingControl
                0x0000bac8      0xb58 C:\Users\Theo\Documents\Fachhochschule\Sem_9\BAT\3_Software\lib\Debug\libMcCar_lib.a(TrackingControl.o)
                0x0000bac8                TrackingControl
 .text.VelocityEstimation
                0x0000c620       0xa4 C:\Users\Theo\Documents\Fachhochschule\Sem_9\BAT\3_Software\lib\Debug\libMcCar_lib.a(VelocityEstimation.o)
                0x0000c620                VelocityEstimation
 *fill*         0x0000c6c4        0x4 
 .text.VelocityCalculation
                0x0000c6c8      0x458 C:\Users\Theo\Documents\Fachhochschule\Sem_9\BAT\3_Software\lib\Debug\libMcCar_lib.a(VelocityEstimation.o)
                0x0000c6c8                VelocityCalculation
 .text.ReadIMU  0x0000cb20       0x48 C:\Users\Theo\Documents\Fachhochschule\Sem_9\BAT\3_Software\lib\Debug\libMcCar_lib.a(VelocityEstimation.o)
                0x0000cb20                ReadIMU
 .text.ReadEncoder
                0x0000cb68       0x2c C:\Users\Theo\Documents\Fachhochschule\Sem_9\BAT\3_Software\lib\Debug\libMcCar_lib.a(VelocityEstimation.o)
                0x0000cb68                ReadEncoder
 .text.ReadDistance
                0x0000cb94       0x64 C:\Users\Theo\Documents\Fachhochschule\Sem_9\BAT\3_Software\lib\Debug\libMcCar_lib.a(VelocityEstimation.o)
                0x0000cb94                ReadDistance
 .text.setBiasRaw
                0x0000cbf8       0x28 C:\Users\Theo\Documents\Fachhochschule\Sem_9\BAT\3_Software\lib\Debug\libMcCar_lib.a(VelocityEstimation.o)
                0x0000cbf8                setBiasRaw
 .text._degrees_value_normalize
                0x0000cc20       0x70 C:\Users\Theo\Documents\Fachhochschule\Sem_9\BAT\3_Software\lib\Debug\libMcCar_lib.a(dftrig.o)
 .text._sin__get_by_deg_0_90
                0x0000cc90       0x8c C:\Users\Theo\Documents\Fachhochschule\Sem_9\BAT\3_Software\lib\Debug\libMcCar_lib.a(dftrig.o)
 .text.sin_lut  0x0000cd1c      0x110 C:\Users\Theo\Documents\Fachhochschule\Sem_9\BAT\3_Software\lib\Debug\libMcCar_lib.a(dftrig.o)
                0x0000cd1c                sin_lut
 .text.cos_lut  0x0000ce2c       0x30 C:\Users\Theo\Documents\Fachhochschule\Sem_9\BAT\3_Software\lib\Debug\libMcCar_lib.a(dftrig.o)
                0x0000ce2c                cos_lut
 *fill*         0x0000ce5c        0x4 
 .text.exp      0x0000ce60      0x108 c:/freescale/kds_v3/toolchain/bin/../lib/gcc/arm-none-eabi/4.8.4/../../../../arm-none-eabi/lib/armv7e-m/fpu\libm.a(lib_a-w_exp.o)
                0x0000ce60                exp
 .text.sqrt     0x0000cf68       0xbc c:/freescale/kds_v3/toolchain/bin/../lib/gcc/arm-none-eabi/4.8.4/../../../../arm-none-eabi/lib/armv7e-m/fpu\libm.a(lib_a-w_sqrt.o)
                0x0000cf68                sqrt
 .text.sqrtf    0x0000d024       0xb8 c:/freescale/kds_v3/toolchain/bin/../lib/gcc/arm-none-eabi/4.8.4/../../../../arm-none-eabi/lib/armv7e-m/fpu\libm.a(lib_a-wf_sqrt.o)
                0x0000d024                sqrtf
 *fill*         0x0000d0dc        0x4 
 .text.__ieee754_exp
                0x0000d0e0      0x328 c:/freescale/kds_v3/toolchain/bin/../lib/gcc/arm-none-eabi/4.8.4/../../../../arm-none-eabi/lib/armv7e-m/fpu\libm.a(lib_a-e_exp.o)
                0x0000d0e0                __ieee754_exp
 .text.__ieee754_sqrt
                0x0000d408      0x198 c:/freescale/kds_v3/toolchain/bin/../lib/gcc/arm-none-eabi/4.8.4/../../../../arm-none-eabi/lib/armv7e-m/fpu\libm.a(lib_a-e_sqrt.o)
                0x0000d408                __ieee754_sqrt
 .text.__ieee754_sqrtf
                0x0000d5a0       0xa4 c:/freescale/kds_v3/toolchain/bin/../lib/gcc/arm-none-eabi/4.8.4/../../../../arm-none-eabi/lib/armv7e-m/fpu\libm.a(lib_a-ef_sqrt.o)
                0x0000d5a0                __ieee754_sqrtf
 .text.finite   0x0000d644       0x10 c:/freescale/kds_v3/toolchain/bin/../lib/gcc/arm-none-eabi/4.8.4/../../../../arm-none-eabi/lib/armv7e-m/fpu\libm.a(lib_a-s_finite.o)
                0x0000d644                finite
 .text.__fpclassifyd
                0x0000d654       0x54 c:/freescale/kds_v3/toolchain/bin/../lib/gcc/arm-none-eabi/4.8.4/../../../../arm-none-eabi/lib/armv7e-m/fpu\libm.a(lib_a-s_fpclassify.o)
                0x0000d654                __fpclassifyd
 .text.matherr  0x0000d6a8        0x4 c:/freescale/kds_v3/toolchain/bin/../lib/gcc/arm-none-eabi/4.8.4/../../../../arm-none-eabi/lib/armv7e-m/fpu\libm.a(lib_a-s_matherr.o)
                0x0000d6a8                matherr
 .text.__fpclassifyf
                0x0000d6ac       0x38 c:/freescale/kds_v3/toolchain/bin/../lib/gcc/arm-none-eabi/4.8.4/../../../../arm-none-eabi/lib/armv7e-m/fpu\libm.a(lib_a-sf_fpclassify.o)
                0x0000d6ac                __fpclassifyf
 .text.atoi     0x0000d6e4        0x8 c:/freescale/kds_v3/toolchain/bin/../lib/gcc/arm-none-eabi/4.8.4/../../../../arm-none-eabi/lib/armv7e-m/fpu\libg_s.a(lib_a-atoi.o)
                0x0000d6e4                atoi
 .text.__errno  0x0000d6ec        0xc c:/freescale/kds_v3/toolchain/bin/../lib/gcc/arm-none-eabi/4.8.4/../../../../arm-none-eabi/lib/armv7e-m/fpu\libg_s.a(lib_a-errno.o)
                0x0000d6ec                __errno
 .text.exit     0x0000d6f8       0x28 c:/freescale/kds_v3/toolchain/bin/../lib/gcc/arm-none-eabi/4.8.4/../../../../arm-none-eabi/lib/armv7e-m/fpu\libg_s.a(lib_a-exit.o)
                0x0000d6f8                exit
 .text.__libc_init_array
                0x0000d720       0x4c c:/freescale/kds_v3/toolchain/bin/../lib/gcc/arm-none-eabi/4.8.4/../../../../arm-none-eabi/lib/armv7e-m/fpu\libg_s.a(lib_a-init.o)
                0x0000d720                __libc_init_array
 .text.memcpy   0x0000d76c       0x12 c:/freescale/kds_v3/toolchain/bin/../lib/gcc/arm-none-eabi/4.8.4/../../../../arm-none-eabi/lib/armv7e-m/fpu\libg_s.a(lib_a-memcpy-stub.o)
                0x0000d76c                memcpy
 .text.memset   0x0000d77e       0x10 c:/freescale/kds_v3/toolchain/bin/../lib/gcc/arm-none-eabi/4.8.4/../../../../arm-none-eabi/lib/armv7e-m/fpu\libg_s.a(lib_a-memset.o)
                0x0000d77e                memset
 .text.strchr   0x0000d78e       0x1a c:/freescale/kds_v3/toolchain/bin/../lib/gcc/arm-none-eabi/4.8.4/../../../../arm-none-eabi/lib/armv7e-m/fpu\libg_s.a(lib_a-strchr.o)
                0x0000d78e                strchr
 .text.strlen   0x0000d7a8       0x10 c:/freescale/kds_v3/toolchain/bin/../lib/gcc/arm-none-eabi/4.8.4/../../../../arm-none-eabi/lib/armv7e-m/fpu\libg_s.a(lib_a-strlen.o)
                0x0000d7a8                strlen
 .text.strncmp  0x0000d7b8       0x2e c:/freescale/kds_v3/toolchain/bin/../lib/gcc/arm-none-eabi/4.8.4/../../../../arm-none-eabi/lib/armv7e-m/fpu\libg_s.a(lib_a-strncmp.o)
                0x0000d7b8                strncmp
 .text.strncpy  0x0000d7e6       0x24 c:/freescale/kds_v3/toolchain/bin/../lib/gcc/arm-none-eabi/4.8.4/../../../../arm-none-eabi/lib/armv7e-m/fpu\libg_s.a(lib_a-strncpy.o)
                0x0000d7e6                strncpy
 *fill*         0x0000d80a        0x2 
 .text._strtol_r
                0x0000d80c      0x104 c:/freescale/kds_v3/toolchain/bin/../lib/gcc/arm-none-eabi/4.8.4/../../../../arm-none-eabi/lib/armv7e-m/fpu\libg_s.a(lib_a-strtol.o)
                0x0000d80c                _strtol_r
 .text.strtol   0x0000d910       0x1c c:/freescale/kds_v3/toolchain/bin/../lib/gcc/arm-none-eabi/4.8.4/../../../../arm-none-eabi/lib/armv7e-m/fpu\libg_s.a(lib_a-strtol.o)
                0x0000d910                strtol
 .text._exit    0x0000d92c        0x4 c:/freescale/kds_v3/toolchain/bin/../lib/gcc/arm-none-eabi/4.8.4/../../../../arm-none-eabi/lib/armv7e-m/fpu\libnosys.a(_exit.o)
                0x0000d92c                _exit
 *(.rodata)
 .rodata        0x0000d930      0x1bc ./Sources/Exploring_Com.o
 .rodata        0x0000daec        0x4 ./Sources/Logging.o
 .rodata        0x0000daf0      0x1e4 ./Generated_Code/CLS_BLE.o
 .rodata        0x0000dcd4       0x1c ./Generated_Code/UTIL1.o
 *(.rodata*)
 .rodata.ClockGenModeMatrix
                0x0000dcf0       0x80 ./Static_Code/System/CPU_Init.o
 .rodata.CPU_ClockConfigDescriptors
                0x0000dd70       0x1c ./Static_Code/System/CPU_Init.o
 .rodata.CPU_DefaultFEI
                0x0000dd8c        0x8 ./Static_Code/System/CPU_Init.o
 .rodata.CPU_DefaultFBI
                0x0000dd94        0x8 ./Static_Code/System/CPU_Init.o
 .rodata.CPU_DefaultBLPI
                0x0000dd9c        0x8 ./Static_Code/System/CPU_Init.o
 .rodata.CPU_DefaultFEE
                0x0000dda4        0x8 ./Static_Code/System/CPU_Init.o
 .rodata.CPU_DefaultFBE
                0x0000ddac        0x8 ./Static_Code/System/CPU_Init.o
 .rodata.CPU_DefaultBLPE
                0x0000ddb4        0x8 ./Static_Code/System/CPU_Init.o
 .rodata.CPU_DefaultPBE
                0x0000ddbc        0x8 ./Static_Code/System/CPU_Init.o
 .rodata.CPU_DefaultPEE
                0x0000ddc4        0x8 ./Static_Code/System/CPU_Init.o
 .rodata.CPU_ClockGenModeRegs
                0x0000ddcc       0x20 ./Static_Code/System/CPU_Init.o
 .rodata.CmdParserTable
                0x0000ddec        0x8 ./Sources/Exploring_Com.o
 .rodata.ChannelToPin
                0x0000ddf4        0x8 ./Generated_Code/AdcLdd2.o
 .rodata.ChannelToPin
                0x0000ddfc        0x8 ./Generated_Code/AdcLdd3.o
 .rodata.CLS_BLE_stdio
                0x0000de04       0x10 ./Generated_Code/CLS_BLE.o
                0x0000de04                CLS_BLE_stdio
 .rodata.K4eye  0x0000de14       0x10 C:\Users\Theo\Documents\Fachhochschule\Sem_9\BAT\3_Software\lib\Debug\libMcCar_lib.a(TrackingControl.o)
                0x0000de14                K4eye
 .rodata.K4eyeCurve
                0x0000de24       0x10 C:\Users\Theo\Documents\Fachhochschule\Sem_9\BAT\3_Software\lib\Debug\libMcCar_lib.a(TrackingControl.o)
                0x0000de24                K4eyeCurve
 .rodata.Mbar   0x0000de34       0x10 C:\Users\Theo\Documents\Fachhochschule\Sem_9\BAT\3_Software\lib\Debug\libMcCar_lib.a(TrackingControl.o)
                0x0000de34                Mbar
 .rodata.BbarInv
                0x0000de44       0x10 C:\Users\Theo\Documents\Fachhochschule\Sem_9\BAT\3_Software\lib\Debug\libMcCar_lib.a(TrackingControl.o)
                0x0000de44                BbarInv
 .rodata.sin_lut_table
                0x0000de54      0x174 C:\Users\Theo\Documents\Fachhochschule\Sem_9\BAT\3_Software\lib\Debug\libMcCar_lib.a(dftrig.o)
                0x0000de54                sin_lut_table
 .rodata.str1.4
                0x0000dfc8        0x4 c:/freescale/kds_v3/toolchain/bin/../lib/gcc/arm-none-eabi/4.8.4/../../../../arm-none-eabi/lib/armv7e-m/fpu\libm.a(lib_a-w_exp.o)
 .rodata.str1.4
                0x0000dfcc        0x5 c:/freescale/kds_v3/toolchain/bin/../lib/gcc/arm-none-eabi/4.8.4/../../../../arm-none-eabi/lib/armv7e-m/fpu\libm.a(lib_a-w_sqrt.o)
                                  0x8 (size before relaxing)
 *fill*         0x0000dfd1        0x3 
 .rodata.str1.4
                0x0000dfd4        0x8 c:/freescale/kds_v3/toolchain/bin/../lib/gcc/arm-none-eabi/4.8.4/../../../../arm-none-eabi/lib/armv7e-m/fpu\libm.a(lib_a-wf_sqrt.o)
 *fill*         0x0000dfdc        0x4 
 .rodata.halF   0x0000dfe0       0x10 c:/freescale/kds_v3/toolchain/bin/../lib/gcc/arm-none-eabi/4.8.4/../../../../arm-none-eabi/lib/armv7e-m/fpu\libm.a(lib_a-e_exp.o)
 .rodata.ln2LO  0x0000dff0       0x10 c:/freescale/kds_v3/toolchain/bin/../lib/gcc/arm-none-eabi/4.8.4/../../../../arm-none-eabi/lib/armv7e-m/fpu\libm.a(lib_a-e_exp.o)
 .rodata.ln2HI  0x0000e000       0x10 c:/freescale/kds_v3/toolchain/bin/../lib/gcc/arm-none-eabi/4.8.4/../../../../arm-none-eabi/lib/armv7e-m/fpu\libm.a(lib_a-e_exp.o)
 .rodata.str1.1
                0x0000e010        0x2 c:/freescale/kds_v3/toolchain/bin/../lib/gcc/arm-none-eabi/4.8.4/../../../../arm-none-eabi/lib/armv7e-m/fpu\libg_s.a(lib_a-impure.o)
 *fill*         0x0000e012        0x2 
 .rodata._global_impure_ptr
                0x0000e014        0x4 c:/freescale/kds_v3/toolchain/bin/../lib/gcc/arm-none-eabi/4.8.4/../../../../arm-none-eabi/lib/armv7e-m/fpu\libg_s.a(lib_a-impure.o)
                0x0000e014                _global_impure_ptr
 .rodata._ctype_
                0x0000e018      0x101 c:/freescale/kds_v3/toolchain/bin/../lib/gcc/arm-none-eabi/4.8.4/../../../../arm-none-eabi/lib/armv7e-m/fpu\libg_s.a(lib_a-ctype_.o)
                0x0000e018                _ctype_
 *(.glue_7)
 .glue_7        0x00000000        0x0 linker stubs
 *(.glue_7t)
 .glue_7t       0x00000000        0x0 linker stubs
 *(.eh_frame)
 *fill*         0x0000e119        0x3 
 .eh_frame      0x0000e11c        0x0 c:/freescale/kds_v3/toolchain/bin/../lib/gcc/arm-none-eabi/4.8.4/armv7e-m/fpu/crtbegin.o
 *(.init)
 .init          0x0000e11c        0x4 c:/freescale/kds_v3/toolchain/bin/../lib/gcc/arm-none-eabi/4.8.4/armv7e-m/fpu/crti.o
                0x0000e11c                _init
 .init          0x0000e120        0x8 c:/freescale/kds_v3/toolchain/bin/../lib/gcc/arm-none-eabi/4.8.4/armv7e-m/fpu/crtn.o
 *(.fini)
 .fini          0x0000e128        0x4 c:/freescale/kds_v3/toolchain/bin/../lib/gcc/arm-none-eabi/4.8.4/armv7e-m/fpu/crti.o
                0x0000e128                _fini
 .fini          0x0000e12c        0x8 c:/freescale/kds_v3/toolchain/bin/../lib/gcc/arm-none-eabi/4.8.4/armv7e-m/fpu/crtn.o
                0x0000e134                . = ALIGN (0x4)
                0x0000e134                _etext = .

.vfp11_veneer   0x0000e134        0x0
 .vfp11_veneer  0x00000000        0x0 linker stubs

.v4_bx          0x0000e134        0x0
 .v4_bx         0x00000000        0x0 linker stubs

.iplt           0x0000e134        0x0
 .iplt          0x00000000        0x0 c:/freescale/kds_v3/toolchain/bin/../lib/gcc/arm-none-eabi/4.8.4/armv7e-m/fpu/crtbegin.o

.ARM.extab
 *(.ARM.extab* .gnu.linkonce.armextab.*)

.ARM            0x0000e134        0x8
                0x0000e134                __exidx_start = .
 *(.ARM.exidx*)
 .ARM.exidx     0x0000e134        0x8 c:/freescale/kds_v3/toolchain/bin/../lib/gcc/arm-none-eabi/4.8.4/../../../../arm-none-eabi/lib/armv7e-m/fpu/crt0.o
                0x0000e13c                __exidx_end = .

.rel.dyn        0x0000e13c        0x0
 .rel.iplt      0x00000000        0x0 c:/freescale/kds_v3/toolchain/bin/../lib/gcc/arm-none-eabi/4.8.4/armv7e-m/fpu/crtbegin.o

.ctors          0x0000e13c        0x0
                0x0000e13c                __CTOR_LIST__ = .
 *crtbegin.o(.ctors)
 *(EXCLUDE_FILE(*crtend.o) .ctors)
 *(SORT(.ctors.*))
 *(.ctors)
                0x0000e13c                __CTOR_END__ = .

.dtors          0x0000e13c        0x0
                0x0000e13c                __DTOR_LIST__ = .
 *crtbegin.o(.dtors)
 *(EXCLUDE_FILE(*crtend.o) .dtors)
 *(SORT(.dtors.*))
 *(.dtors)
                0x0000e13c                __DTOR_END__ = .

.preinit_array  0x0000e13c        0x0
                0x0000e13c                PROVIDE (__preinit_array_start, .)
 *(.preinit_array*)
                0x0000e13c                PROVIDE (__preinit_array_end, .)

.init_array     0x0000e13c        0x4
                0x0000e13c                PROVIDE (__init_array_start, .)
 *(SORT(.init_array.*))
 *(.init_array*)
 .init_array    0x0000e13c        0x4 c:/freescale/kds_v3/toolchain/bin/../lib/gcc/arm-none-eabi/4.8.4/armv7e-m/fpu/crtbegin.o
                0x0000e140                PROVIDE (__init_array_end, .)

.fini_array     0x0000e140        0x4
                0x0000e140                PROVIDE (__fini_array_start, .)
 *(SORT(.fini_array.*))
 *(.fini_array*)
 .fini_array    0x0000e140        0x4 c:/freescale/kds_v3/toolchain/bin/../lib/gcc/arm-none-eabi/4.8.4/armv7e-m/fpu/crtbegin.o
                0x0000e144                PROVIDE (__fini_array_end, .)
                0x0000e144                ___ROM_AT = .

.data           0x20000000       0xf0 load address 0x0000e144
                0x20000000                . = ALIGN (0x4)
                0x20000000                _sdata = .
 *(.data)
 *(.data*)
 .data.exploFinishFlag
                0x20000000        0x1 ./Sources/Application.o
 .data.segEndDetState
                0x20000001        0x1 ./Sources/Explore.o
 .data.actMainState
                0x20000002        0x1 ./Sources/FSM.o
 *fill*         0x20000003        0x1 
 .data.CLS_BLE_currStdIO
                0x20000004        0x4 ./Generated_Code/CLS_BLE.o
 .data.q.7955   0x20000008        0xc C:\Users\Theo\Documents\Fachhochschule\Sem_9\BAT\3_Software\lib\Debug\libMcCar_lib.a(Driving.o)
 .data.q_r.7956
                0x20000014        0xc C:\Users\Theo\Documents\Fachhochschule\Sem_9\BAT\3_Software\lib\Debug\libMcCar_lib.a(Driving.o)
 .data.SegmentFinished.7963
                0x20000020        0x1 C:\Users\Theo\Documents\Fachhochschule\Sem_9\BAT\3_Software\lib\Debug\libMcCar_lib.a(Driving.o)
 .data.SegmentType.7964
                0x20000021        0x1 C:\Users\Theo\Documents\Fachhochschule\Sem_9\BAT\3_Software\lib\Debug\libMcCar_lib.a(Driving.o)
 *fill*         0x20000022        0x2 
 .data.ds_before_curve.7972
                0x20000024        0x4 C:\Users\Theo\Documents\Fachhochschule\Sem_9\BAT\3_Software\lib\Debug\libMcCar_lib.a(Driving.o)
 .data.v_next.7990
                0x20000028        0x4 C:\Users\Theo\Documents\Fachhochschule\Sem_9\BAT\3_Software\lib\Debug\libMcCar_lib.a(Driving.o)
 .data.distancePointer.7994
                0x2000002c        0x4 C:\Users\Theo\Documents\Fachhochschule\Sem_9\BAT\3_Software\lib\Debug\libMcCar_lib.a(Driving.o)
 .data.S        0x20000030       0x18 C:\Users\Theo\Documents\Fachhochschule\Sem_9\BAT\3_Software\lib\Debug\libMcCar_lib.a(TrackingControl.o)
                0x20000030                S
 .data.S_r      0x20000048       0x18 C:\Users\Theo\Documents\Fachhochschule\Sem_9\BAT\3_Software\lib\Debug\libMcCar_lib.a(TrackingControl.o)
                0x20000048                S_r
 .data.T_e      0x20000060       0x24 C:\Users\Theo\Documents\Fachhochschule\Sem_9\BAT\3_Software\lib\Debug\libMcCar_lib.a(TrackingControl.o)
                0x20000060                T_e
 .data.__fdlib_version
                0x20000084        0x1 c:/freescale/kds_v3/toolchain/bin/../lib/gcc/arm-none-eabi/4.8.4/../../../../arm-none-eabi/lib/armv7e-m/fpu\libm.a(lib_a-s_lib_ver.o)
                0x20000084                __fdlib_version
 *fill*         0x20000085        0x3 
 .data.impure_data
                0x20000088       0x60 c:/freescale/kds_v3/toolchain/bin/../lib/gcc/arm-none-eabi/4.8.4/../../../../arm-none-eabi/lib/armv7e-m/fpu\libg_s.a(lib_a-impure.o)
 .data._impure_ptr
                0x200000e8        0x4 c:/freescale/kds_v3/toolchain/bin/../lib/gcc/arm-none-eabi/4.8.4/../../../../arm-none-eabi/lib/armv7e-m/fpu\libg_s.a(lib_a-impure.o)
                0x200000e8                _impure_ptr
 .data.__ctype_ptr__
                0x200000ec        0x4 c:/freescale/kds_v3/toolchain/bin/../lib/gcc/arm-none-eabi/4.8.4/../../../../arm-none-eabi/lib/armv7e-m/fpu\libg_s.a(lib_a-ctype_.o)
                0x200000ec                __ctype_ptr__
                0x200000f0                . = ALIGN (0x4)
                0x200000f0                _edata = .
                0x000000f0                ___data_size = (_edata - _sdata)
                0x0000e234                ___m_data_1FFF0000_ROMStart = (___ROM_AT + SIZEOF (.data))

.jcr            0x200000f0        0x0 load address 0x0000e234
 .jcr           0x200000f0        0x0 c:/freescale/kds_v3/toolchain/bin/../lib/gcc/arm-none-eabi/4.8.4/armv7e-m/fpu/crtbegin.o

.igot.plt       0x200000f0        0x0 load address 0x0000e234
 .igot.plt      0x00000000        0x0 c:/freescale/kds_v3/toolchain/bin/../lib/gcc/arm-none-eabi/4.8.4/armv7e-m/fpu/crtbegin.o

.m_data_1FFF0000
                0x1fff0000        0x0 load address 0x0000e234
                0x1fff0000                . = ALIGN (0x4)
                0x1fff0000                ___m_data_1FFF0000_RAMStart = .
 *(.m_data_1FFF0000)
                0x1fff0000                ___m_data_1FFF0000_RAMEnd = .
                0x1fff0000                . = ALIGN (0x4)
                0x00000000                ___m_data_1FFF0000_ROMSize = (___m_data_1FFF0000_RAMEnd - ___m_data_1FFF0000_RAMStart)
                0x1fff0000                . = ALIGN (0x4)

.bss            0x200000f0    0x235a0 load address 0x0000e238
                0x200000f0                __START_BSS = .
                0x200000f0                PROVIDE (__bss_start__, __START_BSS)
 *(.bss)
 .bss           0x200000f0       0x1c c:/freescale/kds_v3/toolchain/bin/../lib/gcc/arm-none-eabi/4.8.4/armv7e-m/fpu/crtbegin.o
 *(.bss*)
 .bss.SR_lock   0x2000010c        0x1 ./Static_Code/System/CPU_Init.o
                0x2000010c                SR_lock
 *fill*         0x2000010d        0x3 
 .bss.left_raw.6839
                0x20000110        0x4 ./Sources/ADC.o
 .bss.right_raw.6840
                0x20000114        0x4 ./Sources/ADC.o
 .bss.middleL_raw.6841
                0x20000118        0x4 ./Sources/ADC.o
 .bss.middleR_raw.6842
                0x2000011c        0x4 ./Sources/ADC.o
 .bss.ms_Flag   0x20000120        0x1 ./Sources/Application.o
 .bss.segmentEnd
                0x20000121        0x1 ./Sources/Application.o
 *fill*         0x20000122        0x2 
 .bss.EVNT_Events
                0x20000124        0x4 ./Sources/Event.o
 .bss.prev_2_dist.6264
                0x20000128        0x8 ./Sources/Explore.o
 .bss.prev_1_dist.6265
                0x20000130        0x8 ./Sources/Explore.o
 .bss.dist.6266
                0x20000138        0x8 ./Sources/Explore.o
 .bss.msgFinishFlag
                0x20000140        0x1 ./Sources/Exploring_Com.o
                0x20000140                msgFinishFlag
 .bss.EnUser    0x20000141        0x1 ./Generated_Code/ADC_0.o
 .bss.ModeFlg   0x20000142        0x1 ./Generated_Code/ADC_0.o
 *fill*         0x20000143        0x1 
 .bss.SampleGroup
                0x20000144        0x8 ./Generated_Code/ADC_0.o
 .bss.OutFlg    0x2000014c        0x1 ./Generated_Code/ADC_0.o
 .bss.ModeFlg   0x2000014d        0x1 ./Generated_Code/ADC_1.o
 *fill*         0x2000014e        0x2 
 .bss.SampleGroup
                0x20000150        0x8 ./Generated_Code/ADC_1.o
 .bss.OutFlg    0x20000158        0x1 ./Generated_Code/ADC_1.o
 *fill*         0x20000159        0x1 
 .bss.SerFlag   0x2000015a        0x2 ./Generated_Code/AS_BLE.o
 .bss.AS_BLE_InpLen
                0x2000015c        0x2 ./Generated_Code/AS_BLE.o
 .bss.InpIndexR
                0x2000015e        0x2 ./Generated_Code/AS_BLE.o
 .bss.InpIndexW
                0x20000160        0x2 ./Generated_Code/AS_BLE.o
 *fill*         0x20000162        0x2 
 .bss.InpBuffer
                0x20000164       0xb4 ./Generated_Code/AS_BLE.o
 .bss.BufferRead
                0x20000218        0x1 ./Generated_Code/AS_BLE.o
 *fill*         0x20000219        0x1 
 .bss.AS_BLE_OutLen
                0x2000021a        0x2 ./Generated_Code/AS_BLE.o
 .bss.OutIndexR
                0x2000021c        0x2 ./Generated_Code/AS_BLE.o
 .bss.OutIndexW
                0x2000021e        0x2 ./Generated_Code/AS_BLE.o
 .bss.OutBuffer
                0x20000220       0xb4 ./Generated_Code/AS_BLE.o
 .bss.SerFlag   0x200002d4        0x2 ./Generated_Code/AS_PRG.o
 .bss.AS_PRG_InpLen
                0x200002d6        0x2 ./Generated_Code/AS_PRG.o
 .bss.InpIndexR
                0x200002d8        0x2 ./Generated_Code/AS_PRG.o
 .bss.InpIndexW
                0x200002da        0x2 ./Generated_Code/AS_PRG.o
 .bss.InpBuffer
                0x200002dc       0x40 ./Generated_Code/AS_PRG.o
 .bss.BufferRead
                0x2000031c        0x1 ./Generated_Code/AS_PRG.o
 *fill*         0x2000031d        0x1 
 .bss.AS_PRG_OutLen
                0x2000031e        0x2 ./Generated_Code/AS_PRG.o
 .bss.OutIndexR
                0x20000320        0x2 ./Generated_Code/AS_PRG.o
 .bss.OutIndexW
                0x20000322        0x2 ./Generated_Code/AS_PRG.o
 .bss.OutBuffer
                0x20000324       0x40 ./Generated_Code/AS_PRG.o
 .bss.DeviceDataPrv__DEFAULT_RTOS_ALLOC
                0x20000364       0x20 ./Generated_Code/ASerialLdd1.o
 .bss.INT_UART3_RX_TX__DEFAULT_RTOS_ISRPARAM
                0x20000384        0x4 ./Generated_Code/ASerialLdd1.o
 .bss.INT_UART3_ERR__DEFAULT_RTOS_ISRPARAM
                0x20000388        0x4 ./Generated_Code/ASerialLdd1.o
 .bss.DeviceDataPrv__DEFAULT_RTOS_ALLOC
                0x2000038c       0x20 ./Generated_Code/ASerialLdd2.o
 .bss.INT_UART0_RX_TX__DEFAULT_RTOS_ISRPARAM
                0x200003ac        0x4 ./Generated_Code/ASerialLdd2.o
 .bss.INT_UART0_ERR__DEFAULT_RTOS_ISRPARAM
                0x200003b0        0x4 ./Generated_Code/ASerialLdd2.o
 .bss.DeviceDataPrv__DEFAULT_RTOS_ALLOC
                0x200003b4        0x8 ./Generated_Code/AdcLdd2.o
 .bss.DeviceDataPrv__DEFAULT_RTOS_ALLOC
                0x200003bc        0x8 ./Generated_Code/AdcLdd3.o
 .bss.DeviceDataPrv__DEFAULT_RTOS_ALLOC
                0x200003c4        0x4 ./Generated_Code/BitIoLdd1.o
 .bss.DeviceDataPrv__DEFAULT_RTOS_ALLOC
                0x200003c8        0x4 ./Generated_Code/BitIoLdd10.o
 .bss.DeviceDataPrv__DEFAULT_RTOS_ALLOC
                0x200003cc        0x4 ./Generated_Code/BitIoLdd14.o
 .bss.DeviceDataPrv__DEFAULT_RTOS_ALLOC
                0x200003d0        0x4 ./Generated_Code/BitIoLdd15.o
 .bss.DeviceDataPrv__DEFAULT_RTOS_ALLOC
                0x200003d4        0x4 ./Generated_Code/BitIoLdd16.o
 .bss.DeviceDataPrv__DEFAULT_RTOS_ALLOC
                0x200003d8        0x4 ./Generated_Code/BitIoLdd17.o
 .bss.DeviceDataPrv__DEFAULT_RTOS_ALLOC
                0x200003dc        0x4 ./Generated_Code/BitIoLdd18.o
 .bss.DeviceDataPrv__DEFAULT_RTOS_ALLOC
                0x200003e0        0x4 ./Generated_Code/BitIoLdd19.o
 .bss.DeviceDataPrv__DEFAULT_RTOS_ALLOC
                0x200003e4        0x4 ./Generated_Code/BitIoLdd2.o
 .bss.DeviceDataPrv__DEFAULT_RTOS_ALLOC
                0x200003e8        0x4 ./Generated_Code/BitIoLdd20.o
 .bss.DeviceDataPrv__DEFAULT_RTOS_ALLOC
                0x200003ec        0x4 ./Generated_Code/BitIoLdd21.o
 .bss.DeviceDataPrv__DEFAULT_RTOS_ALLOC
                0x200003f0        0x4 ./Generated_Code/BitIoLdd22.o
 .bss.DeviceDataPrv__DEFAULT_RTOS_ALLOC
                0x200003f4        0x4 ./Generated_Code/BitIoLdd23.o
 .bss.DeviceDataPrv__DEFAULT_RTOS_ALLOC
                0x200003f8        0x4 ./Generated_Code/BitIoLdd24.o
 .bss.DeviceDataPrv__DEFAULT_RTOS_ALLOC
                0x200003fc        0x4 ./Generated_Code/BitIoLdd25.o
 .bss.DeviceDataPrv__DEFAULT_RTOS_ALLOC
                0x20000400        0x4 ./Generated_Code/BitIoLdd26.o
 .bss.DeviceDataPrv__DEFAULT_RTOS_ALLOC
                0x20000404        0x4 ./Generated_Code/BitIoLdd27.o
 .bss.DeviceDataPrv__DEFAULT_RTOS_ALLOC
                0x20000408        0x4 ./Generated_Code/BitIoLdd28.o
 .bss.DeviceDataPrv__DEFAULT_RTOS_ALLOC
                0x2000040c        0x4 ./Generated_Code/BitIoLdd29.o
 .bss.DeviceDataPrv__DEFAULT_RTOS_ALLOC
                0x20000410        0x4 ./Generated_Code/BitIoLdd3.o
 .bss.DeviceDataPrv__DEFAULT_RTOS_ALLOC
                0x20000414        0x4 ./Generated_Code/BitIoLdd30.o
 .bss.DeviceDataPrv__DEFAULT_RTOS_ALLOC
                0x20000418        0x4 ./Generated_Code/BitIoLdd31.o
 .bss.DeviceDataPrv__DEFAULT_RTOS_ALLOC
                0x2000041c        0x4 ./Generated_Code/BitIoLdd32.o
 .bss.DeviceDataPrv__DEFAULT_RTOS_ALLOC
                0x20000420        0x4 ./Generated_Code/BitIoLdd33.o
 .bss.DeviceDataPrv__DEFAULT_RTOS_ALLOC
                0x20000424        0x4 ./Generated_Code/BitIoLdd34.o
 .bss.DeviceDataPrv__DEFAULT_RTOS_ALLOC
                0x20000428        0x4 ./Generated_Code/BitIoLdd35.o
 .bss.DeviceDataPrv__DEFAULT_RTOS_ALLOC
                0x2000042c        0x4 ./Generated_Code/BitIoLdd36.o
 .bss.DeviceDataPrv__DEFAULT_RTOS_ALLOC
                0x20000430        0x4 ./Generated_Code/BitIoLdd37.o
 .bss.DeviceDataPrv__DEFAULT_RTOS_ALLOC
                0x20000434        0x4 ./Generated_Code/BitIoLdd38.o
 .bss.DeviceDataPrv__DEFAULT_RTOS_ALLOC
                0x20000438        0x4 ./Generated_Code/BitIoLdd39.o
 .bss.DeviceDataPrv__DEFAULT_RTOS_ALLOC
                0x2000043c        0x4 ./Generated_Code/BitIoLdd4.o
 .bss.DeviceDataPrv__DEFAULT_RTOS_ALLOC
                0x20000440        0x4 ./Generated_Code/BitIoLdd40.o
 .bss.DeviceDataPrv__DEFAULT_RTOS_ALLOC
                0x20000444        0x4 ./Generated_Code/BitIoLdd41.o
 .bss.DeviceDataPrv__DEFAULT_RTOS_ALLOC
                0x20000448        0x4 ./Generated_Code/BitIoLdd5.o
 .bss.DeviceDataPrv__DEFAULT_RTOS_ALLOC
                0x2000044c        0x4 ./Generated_Code/BitIoLdd6.o
 .bss.DeviceDataPrv__DEFAULT_RTOS_ALLOC
                0x20000450        0x4 ./Generated_Code/BitIoLdd7.o
 .bss.DeviceDataPrv__DEFAULT_RTOS_ALLOC
                0x20000454        0x4 ./Generated_Code/BitIoLdd8.o
 .bss.DeviceDataPrv__DEFAULT_RTOS_ALLOC
                0x20000458       0x18 ./Generated_Code/CI2C1.o
 .bss.INT_I2C0__DEFAULT_RTOS_ISRPARAM
                0x20000470        0x4 ./Generated_Code/CI2C1.o
 .bss.DeviceDataPtr__DEFAULT_RTOS_ALLOC
                0x20000474        0x8 ./Generated_Code/DacLdd1.o
 .bss.DeviceDataPtr__DEFAULT_RTOS_ALLOC
                0x2000047c        0x8 ./Generated_Code/DacLdd2.o
 .bss.DeviceDataPrv__DEFAULT_RTOS_ALLOC
                0x20000484        0xc ./Generated_Code/FreeCntrLdd1.o
 .bss.GI2C1_deviceData
                0x20000490        0x8 ./Generated_Code/GI2C1.o
 .bss.PE_LDD_DeviceDataList
                0x20000498       0xc4 ./Generated_Code/PE_LDD.o
                0x20000498                PE_LDD_DeviceDataList
 .bss.SerFlag   0x2000055c        0x1 ./Generated_Code/SM1.o
 .bss.ErrFlag   0x2000055d        0x1 ./Generated_Code/SM1.o
 .bss.SM1_InpLen
                0x2000055e        0x2 ./Generated_Code/SM1.o
 .bss.InpIndexR
                0x20000560        0x1 ./Generated_Code/SM1.o
 .bss.InpIndexW
                0x20000561        0x1 ./Generated_Code/SM1.o
 *fill*         0x20000562        0x2 
 .bss.InpBuffer
                0x20000564       0x10 ./Generated_Code/SM1.o
 .bss.BufferRead
                0x20000574        0x2 ./Generated_Code/SM1.o
 .bss.SM1_OutLen
                0x20000576        0x2 ./Generated_Code/SM1.o
 .bss.OutIndexR
                0x20000578        0x1 ./Generated_Code/SM1.o
 .bss.OutIndexW
                0x20000579        0x1 ./Generated_Code/SM1.o
 *fill*         0x2000057a        0x2 
 .bss.OutBuffer
                0x2000057c       0x10 ./Generated_Code/SM1.o
 .bss.OnFreeTxBufSemaphore
                0x2000058c        0x1 ./Generated_Code/SM1.o
 *fill*         0x2000058d        0x3 
 .bss.DeviceDataPrv__DEFAULT_RTOS_ALLOC
                0x20000590       0x20 ./Generated_Code/SMasterLdd1.o
 .bss.INT_SPI0__DEFAULT_RTOS_ISRPARAM
                0x200005b0        0x4 ./Generated_Code/SMasterLdd1.o
 .bss.DeviceDataPrv__DEFAULT_RTOS_ALLOC
                0x200005b4        0xc ./Generated_Code/TU3.o
 .bss.INT_FTM0__DEFAULT_RTOS_ISRPARAM
                0x200005c0        0x4 ./Generated_Code/TU3.o
 .bss.DeviceDataPrv__DEFAULT_RTOS_ALLOC
                0x200005c4        0x8 ./Generated_Code/TU5.o
 .bss.DeviceDataPrv__DEFAULT_RTOS_ALLOC
                0x200005cc       0x14 ./Generated_Code/TimerIntLdd1.o
 .bss.saveDataCnt
                0x200005e0        0x4 C:\Users\Theo\Documents\Fachhochschule\Sem_9\BAT\3_Software\lib\Debug\libMcCar_lib.a(Driving.o)
                0x200005e0                saveDataCnt
 .bss.exploDriveFlag_to_reinit_Drving
                0x200005e4        0x1 C:\Users\Theo\Documents\Fachhochschule\Sem_9\BAT\3_Software\lib\Debug\libMcCar_lib.a(Driving.o)
 *fill*         0x200005e5        0x3 
 .bss.vc_dot.7957
                0x200005e8        0x8 C:\Users\Theo\Documents\Fachhochschule\Sem_9\BAT\3_Software\lib\Debug\libMcCar_lib.a(Driving.o)
 .bss.q_r_1.7958
                0x200005f0        0x4 C:\Users\Theo\Documents\Fachhochschule\Sem_9\BAT\3_Software\lib\Debug\libMcCar_lib.a(Driving.o)
 .bss.TargetPointsCalculated.7959
                0x200005f4        0x1 C:\Users\Theo\Documents\Fachhochschule\Sem_9\BAT\3_Software\lib\Debug\libMcCar_lib.a(Driving.o)
 *fill*         0x200005f5        0x3 
 .bss.SegmentTargets.7960
                0x200005f8      0x1ec C:\Users\Theo\Documents\Fachhochschule\Sem_9\BAT\3_Software\lib\Debug\libMcCar_lib.a(Driving.o)
 .bss.SegmentTargetsNull.7961
                0x200007e4      0x1ec C:\Users\Theo\Documents\Fachhochschule\Sem_9\BAT\3_Software\lib\Debug\libMcCar_lib.a(Driving.o)
 .bss.theta_target.7962
                0x200009d0        0x4 C:\Users\Theo\Documents\Fachhochschule\Sem_9\BAT\3_Software\lib\Debug\libMcCar_lib.a(Driving.o)
 .bss.NewStraightSegment.7965
                0x200009d4        0x1 C:\Users\Theo\Documents\Fachhochschule\Sem_9\BAT\3_Software\lib\Debug\libMcCar_lib.a(Driving.o)
 .bss.watchingWall.7966
                0x200009d5        0x1 C:\Users\Theo\Documents\Fachhochschule\Sem_9\BAT\3_Software\lib\Debug\libMcCar_lib.a(Driving.o)
 .bss.SegmentNumber.7967
                0x200009d6        0x1 C:\Users\Theo\Documents\Fachhochschule\Sem_9\BAT\3_Software\lib\Debug\libMcCar_lib.a(Driving.o)
 *fill*         0x200009d7        0x1 
 .bss.path.7968
                0x200009d8        0x4 C:\Users\Theo\Documents\Fachhochschule\Sem_9\BAT\3_Software\lib\Debug\libMcCar_lib.a(Driving.o)
 .bss.path_next.7969
                0x200009dc        0x4 C:\Users\Theo\Documents\Fachhochschule\Sem_9\BAT\3_Software\lib\Debug\libMcCar_lib.a(Driving.o)
 .bss.path_prev.7970
                0x200009e0        0x4 C:\Users\Theo\Documents\Fachhochschule\Sem_9\BAT\3_Software\lib\Debug\libMcCar_lib.a(Driving.o)
 .bss.ds.7971   0x200009e4        0x4 C:\Users\Theo\Documents\Fachhochschule\Sem_9\BAT\3_Software\lib\Debug\libMcCar_lib.a(Driving.o)
 .bss.ds_driven.7973
                0x200009e8        0x4 C:\Users\Theo\Documents\Fachhochschule\Sem_9\BAT\3_Software\lib\Debug\libMcCar_lib.a(Driving.o)
 .bss.Nr_of_field_in_segment.7974
                0x200009ec        0x1 C:\Users\Theo\Documents\Fachhochschule\Sem_9\BAT\3_Software\lib\Debug\libMcCar_lib.a(Driving.o)
 *fill*         0x200009ed        0x3 
 .bss.wall_availability_calculated.7975
                0x200009f0        0x4 C:\Users\Theo\Documents\Fachhochschule\Sem_9\BAT\3_Software\lib\Debug\libMcCar_lib.a(Driving.o)
 .bss.wall_availability_calculatedNull.7976
                0x200009f4        0x4 C:\Users\Theo\Documents\Fachhochschule\Sem_9\BAT\3_Software\lib\Debug\libMcCar_lib.a(Driving.o)
 .bss.wall_availability_fusion.7977
                0x200009f8        0x4 C:\Users\Theo\Documents\Fachhochschule\Sem_9\BAT\3_Software\lib\Debug\libMcCar_lib.a(Driving.o)
 .bss.wall_availability_fusionNull.7978
                0x200009fc        0x4 C:\Users\Theo\Documents\Fachhochschule\Sem_9\BAT\3_Software\lib\Debug\libMcCar_lib.a(Driving.o)
 .bss.t1.7979   0x20000a00        0x4 C:\Users\Theo\Documents\Fachhochschule\Sem_9\BAT\3_Software\lib\Debug\libMcCar_lib.a(Driving.o)
 .bss.t2.7980   0x20000a04        0x4 C:\Users\Theo\Documents\Fachhochschule\Sem_9\BAT\3_Software\lib\Debug\libMcCar_lib.a(Driving.o)
 .bss.t3.7981   0x20000a08        0x4 C:\Users\Theo\Documents\Fachhochschule\Sem_9\BAT\3_Software\lib\Debug\libMcCar_lib.a(Driving.o)
 .bss.timeWhenWatchingEndOfWall.7982
                0x20000a0c        0x4 C:\Users\Theo\Documents\Fachhochschule\Sem_9\BAT\3_Software\lib\Debug\libMcCar_lib.a(Driving.o)
 .bss.v_ref.7983
                0x20000a10        0x8 C:\Users\Theo\Documents\Fachhochschule\Sem_9\BAT\3_Software\lib\Debug\libMcCar_lib.a(Driving.o)
 .bss.v_prev.7984
                0x20000a18        0x4 C:\Users\Theo\Documents\Fachhochschule\Sem_9\BAT\3_Software\lib\Debug\libMcCar_lib.a(Driving.o)
 .bss.v_est.7985
                0x20000a1c        0x8 C:\Users\Theo\Documents\Fachhochschule\Sem_9\BAT\3_Software\lib\Debug\libMcCar_lib.a(Driving.o)
 .bss.n_rpm.7986
                0x20000a24        0x8 C:\Users\Theo\Documents\Fachhochschule\Sem_9\BAT\3_Software\lib\Debug\libMcCar_lib.a(Driving.o)
 .bss.M.7987    0x20000a2c        0x8 C:\Users\Theo\Documents\Fachhochschule\Sem_9\BAT\3_Software\lib\Debug\libMcCar_lib.a(Driving.o)
 .bss.U_mot.7988
                0x20000a34        0x8 C:\Users\Theo\Documents\Fachhochschule\Sem_9\BAT\3_Software\lib\Debug\libMcCar_lib.a(Driving.o)
 .bss.I_mot.7989
                0x20000a3c        0x8 C:\Users\Theo\Documents\Fachhochschule\Sem_9\BAT\3_Software\lib\Debug\libMcCar_lib.a(Driving.o)
 .bss.SegmentTime.7991
                0x20000a44        0x4 C:\Users\Theo\Documents\Fachhochschule\Sem_9\BAT\3_Software\lib\Debug\libMcCar_lib.a(Driving.o)
 .bss.distance.7992
                0x20000a48        0xc C:\Users\Theo\Documents\Fachhochschule\Sem_9\BAT\3_Software\lib\Debug\libMcCar_lib.a(Driving.o)
 .bss.distanceNull.7993
                0x20000a54        0xc C:\Users\Theo\Documents\Fachhochschule\Sem_9\BAT\3_Software\lib\Debug\libMcCar_lib.a(Driving.o)
 .bss.distanceLP.7995
                0x20000a60       0x10 C:\Users\Theo\Documents\Fachhochschule\Sem_9\BAT\3_Software\lib\Debug\libMcCar_lib.a(Driving.o)
 .bss.distanceLPNull.7996
                0x20000a70       0x10 C:\Users\Theo\Documents\Fachhochschule\Sem_9\BAT\3_Software\lib\Debug\libMcCar_lib.a(Driving.o)
 .bss.d_right_history.7997
                0x20000a80        0x8 C:\Users\Theo\Documents\Fachhochschule\Sem_9\BAT\3_Software\lib\Debug\libMcCar_lib.a(Driving.o)
 .bss.d_left_history.7998
                0x20000a88        0x8 C:\Users\Theo\Documents\Fachhochschule\Sem_9\BAT\3_Software\lib\Debug\libMcCar_lib.a(Driving.o)
 .bss.d_hp_filtered.7999
                0x20000a90        0x4 C:\Users\Theo\Documents\Fachhochschule\Sem_9\BAT\3_Software\lib\Debug\libMcCar_lib.a(Driving.o)
 .bss.distance_HP.8000
                0x20000a94       0x10 C:\Users\Theo\Documents\Fachhochschule\Sem_9\BAT\3_Software\lib\Debug\libMcCar_lib.a(Driving.o)
 .bss.distance_HPNull.8001
                0x20000aa4       0x10 C:\Users\Theo\Documents\Fachhochschule\Sem_9\BAT\3_Software\lib\Debug\libMcCar_lib.a(Driving.o)
 .bss.wall_availability_distance_sensors.8002
                0x20000ab4        0x4 C:\Users\Theo\Documents\Fachhochschule\Sem_9\BAT\3_Software\lib\Debug\libMcCar_lib.a(Driving.o)
 .bss.wall_availability_distance_sensorsNull.8003
                0x20000ab8        0x4 C:\Users\Theo\Documents\Fachhochschule\Sem_9\BAT\3_Software\lib\Debug\libMcCar_lib.a(Driving.o)
 .bss.distanceBandpass.8004
                0x20000abc       0x10 C:\Users\Theo\Documents\Fachhochschule\Sem_9\BAT\3_Software\lib\Debug\libMcCar_lib.a(Driving.o)
 .bss.distanceBandpassNull.8005
                0x20000acc       0x10 C:\Users\Theo\Documents\Fachhochschule\Sem_9\BAT\3_Software\lib\Debug\libMcCar_lib.a(Driving.o)
 .bss.wallStateDistanceSensors.8006
                0x20000adc        0x4 C:\Users\Theo\Documents\Fachhochschule\Sem_9\BAT\3_Software\lib\Debug\libMcCar_lib.a(Driving.o)
 .bss.wallStateDistanceSensorsNull.8007
                0x20000ae0        0x4 C:\Users\Theo\Documents\Fachhochschule\Sem_9\BAT\3_Software\lib\Debug\libMcCar_lib.a(Driving.o)
 .bss.theta.8008
                0x20000ae4        0x4 C:\Users\Theo\Documents\Fachhochschule\Sem_9\BAT\3_Software\lib\Debug\libMcCar_lib.a(Driving.o)
 .bss.wallCenterDivergence.8009
                0x20000ae8        0x4 C:\Users\Theo\Documents\Fachhochschule\Sem_9\BAT\3_Software\lib\Debug\libMcCar_lib.a(Driving.o)
 .bss.weightDistanceSensor.8010
                0x20000aec        0x4 C:\Users\Theo\Documents\Fachhochschule\Sem_9\BAT\3_Software\lib\Debug\libMcCar_lib.a(Driving.o)
 .bss.x_IMU_dot_test.8011
                0x20000af0        0x4 C:\Users\Theo\Documents\Fachhochschule\Sem_9\BAT\3_Software\lib\Debug\libMcCar_lib.a(Driving.o)
 .bss.x_enc_test.8012
                0x20000af4        0x4 C:\Users\Theo\Documents\Fachhochschule\Sem_9\BAT\3_Software\lib\Debug\libMcCar_lib.a(Driving.o)
 .bss.u_bat.8013
                0x20000af8        0x4 C:\Users\Theo\Documents\Fachhochschule\Sem_9\BAT\3_Software\lib\Debug\libMcCar_lib.a(Driving.o)
 .bss.gyroXY.8014
                0x20000afc        0x8 C:\Users\Theo\Documents\Fachhochschule\Sem_9\BAT\3_Software\lib\Debug\libMcCar_lib.a(Driving.o)
 .bss.vc_logging.8015
                0x20000b04        0x8 C:\Users\Theo\Documents\Fachhochschule\Sem_9\BAT\3_Software\lib\Debug\libMcCar_lib.a(Driving.o)
 .bss.I_mot_ist.8016
                0x20000b0c        0x8 C:\Users\Theo\Documents\Fachhochschule\Sem_9\BAT\3_Software\lib\Debug\libMcCar_lib.a(Driving.o)
 .bss.q_r_dot   0x20000b14        0xc C:\Users\Theo\Documents\Fachhochschule\Sem_9\BAT\3_Software\lib\Debug\libMcCar_lib.a(TrackingControl.o)
                0x20000b14                q_r_dot
 .bss.e_p       0x20000b20        0xc C:\Users\Theo\Documents\Fachhochschule\Sem_9\BAT\3_Software\lib\Debug\libMcCar_lib.a(TrackingControl.o)
                0x20000b20                e_p